load:   0%|          | 0/81 [00:00<?, ?it/s]load:  21%|██        | 17/81 [00:00<00:00, 164.07it/s]load:  42%|████▏     | 34/81 [00:00<00:00, 104.43it/s]load:  57%|█████▋    | 46/81 [00:00<00:00, 79.62it/s] load:  75%|███████▌  | 61/81 [00:00<00:00, 97.59it/s]load:  90%|█████████ | 73/81 [00:00<00:00, 96.01it/s]load: 100%|██████████| 81/81 [00:00<00:00, 101.34it/s]
radii:   0%|          | 0/9 [00:00<?, ?it/s]radii:  11%|█         | 1/9 [00:20<02:46, 20.78s/it]radii:  22%|██▏       | 2/9 [00:43<02:35, 22.17s/it]radii:  33%|███▎      | 3/9 [01:09<02:22, 23.79s/it]radii:  44%|████▍     | 4/9 [01:41<02:13, 26.80s/it]radii:  56%|█████▌    | 5/9 [02:22<02:07, 31.99s/it]radii:  67%|██████▋   | 6/9 [03:18<02:00, 40.24s/it]radii:  78%|███████▊  | 7/9 [04:34<01:43, 51.78s/it]radii:  89%|████████▉ | 8/9 [06:06<01:04, 64.82s/it]radii: 100%|██████████| 9/9 [08:33<00:00, 90.46s/it]radii: 100%|██████████| 9/9 [08:33<00:00, 57.07s/it]
{
  "anchor_dice": 0.9143565184864518,
  "best_label": "boundary_band_oracle_r16",
  "best_mean": {
    "dice": 0.9983757020364928,
    "iou": 0.9967747193860275,
    "precision": 0.9982235867797515,
    "recall": 0.9985374341888105,
    "specificity": 0.9999147855662641,
    "boundary_iou": 0.9856917720293038,
    "pred_component_count": 23.864197530864196,
    "gt_component_count": 24.320987654320987,
    "component_count_error": 0.48148148148148145,
    "false_bridge_flag": 0.345679012345679
  },
  "target_reached_by_best": true,
  "target_margin": 0.06660969538075034
}
Saved boundary-band oracle: outputs/analysis/r079_r038_boundary_band_oracle_clean_test_v2.json
