{
  "best": {
    "cfg": {
      "radius": 1.0,
      "low_grad": 0.25,
      "high_grad": 0.7,
      "max_remove_frac": 0.0,
      "max_add_frac": 0.0
    },
    "fast_mean": {
      "dice": 0.8947009464258411,
      "precision": 0.888486007574507,
      "recall": 0.9063384630999168,
      "changed_frac": 0.0
    },
    "mean": {
      "dice": 0.8947009464238435,
      "iou": 0.8129350745021421,
      "precision": 0.888486007570453,
      "recall": 0.9063384630967302,
      "specificity": 0.9971224234864361,
      "boundary_iou": 0.2197533875075084,
      "pred_component_count": 28.5625,
      "gt_component_count": 23.364583333333332,
      "component_count_error": 5.760416666666667,
      "false_bridge_flag": 0.10416666666666667
    }
  },
  "apply_mean": {
    "dice": 0.9143565184864518,
    "iou": 0.8427598462054594,
    "precision": 0.8990538525668909,
    "recall": 0.9314825641124913,
    "specificity": 0.9966949438126915,
    "boundary_iou": 0.24317645053375275,
    "pred_component_count": 25.51851851851852,
    "gt_component_count": 23.666666666666668,
    "component_count_error": 3.1604938271604937,
    "false_bridge_flag": 0.2962962962962963
  },
  "output": "outputs/analysis/r085_gradient_boundary_rule_clean_test_v2.json"
}
