{
  "cwd": "/home/shenzeyu/workspace/YOLO_SAM_generic_src",
  "paths": {
    "python": "/home/shenzeyu/.conda/envs/yolo-sam-gpu/bin/python",
    "conda": "/home/shenzeyu/miniconda3/bin/conda",
    "nvcc": "/usr/local/cuda/bin/nvcc",
    "cuda_home": "/usr/local/cuda"
  },
  "nvidia_smi": {
    "command": [
      "nvidia-smi",
      "--query-gpu=index,name,driver_version,memory.total,memory.used,utilization.gpu",
      "--format=csv,noheader,nounits"
    ],
    "returncode": 0,
    "stdout": "0, NVIDIA GeForce RTX 4090, 595.71.05, 24564, 15, 0\n1, NVIDIA GeForce RTX 4090, 595.71.05, 24564, 15, 0",
    "stderr": ""
  },
  "python_torch": {
    "command": [
      "/home/shenzeyu/.conda/envs/yolo-sam-gpu/bin/python",
      "-c",
      "import json, torch; print(json.dumps({'torch': torch.__version__, 'torch_cuda': torch.version.cuda, 'cuda_available': torch.cuda.is_available(), 'device_count': torch.cuda.device_count()}))"
    ],
    "returncode": 0,
    "stdout": "{\"torch\": \"2.5.1+cu118\", \"torch_cuda\": \"11.8\", \"cuda_available\": true, \"device_count\": 2}",
    "stderr": ""
  },
  "nvcc_version": {
    "command": [
      "/usr/local/cuda/bin/nvcc",
      "--version"
    ],
    "returncode": 0,
    "stdout": "nvcc: NVIDIA (R) Cuda compiler driver\nCopyright (c) 2005-2025 NVIDIA Corporation\nBuilt on Wed_Jul_16_07:30:01_PM_PDT_2025\nCuda compilation tools, release 13.0, V13.0.48\nBuild cuda_13.0.r13.0/compiler.36260728_0",
    "stderr": ""
  },
  "conda_info": {
    "command": [
      "/home/shenzeyu/miniconda3/bin/conda",
      "info",
      "--json"
    ],
    "returncode": 0,
    "stdout": "{\n  \"platform\": \"linux-64\",\n  \"conda_version\": \"26.3.2\",\n  \"conda_env_version\": \"26.3.2\",\n  \"conda_build_version\": \"not installed\",\n  \"root_prefix\": \"/home/shenzeyu/miniconda3\",\n  \"conda_prefix\": \"/home/shenzeyu/miniconda3\",\n  \"av_data_dir\": \"/home/shenzeyu/miniconda3/etc/conda\",\n  \"av_metadata_url_base\": null,\n  \"root_writable\": true,\n  \"pkgs_dirs\": [\n    \"/home/shenzeyu/miniconda3/pkgs\",\n    \"/home/shenzeyu/.conda/pkgs\"\n  ],\n  \"envs_dirs\": [\n    \"/home/shenzeyu/miniconda3/envs\",\n    \"/home/shenzeyu/.conda/envs\"\n  ],\n  \"default_prefix\": \"/home/shenzeyu/miniconda3\",\n  \"active_prefix\": null,\n  \"active_prefix_name\": null,\n  \"conda_shlvl\": 0,\n  \"channels\": [\n    \"https://repo.anaconda.com/pkgs/main/linux-64\",\n    \"https://repo.anaconda.com/pkgs/main/noarch\",\n    \"https://repo.anaconda.com/pkgs/r/linux-64\",\n    \"https://repo.anaconda.com/pkgs/r/noarch\"\n  ],\n  \"user_rc_path\": \"/home/shenzeyu/.condarc\",\n  \"rc_path\": \"/home/shenzeyu/.condarc\",\n  \"sys_rc_path\": \"/home/shenzeyu/miniconda3/.condarc\",\n  \"offline\": false,\n  \"envs\": [\n    \"/home/shenzeyu/.conda/envs/YOLO+SAM\",\n    \"/home/shenzeyu/.conda/envs/yolo-sam-gpu\",\n    \"/home/shenzeyu/miniconda3\",\n    \"/home/shenzeyu/miniconda3/envs/yolo-sam\"\n  ],\n  \"python_version\": \"3.13.13.final.0\",\n  \"requests_version\": \"2.33.1\",\n  \"user_agent\": \"conda/26.3.2 requests/2.33.1 CPython/3.13.13 Linux/6.17.0-29-generic ubuntu/24.04.4 glibc/2.39 solver/libmamba conda-libmamba-solver/26.4.0 libmambapy/2.3.2 aau/0.7.6 c/vLhLc4TuJlWG2tp6IG3DeT s/OJIHCeGVSuNjMO3mp3Lh6J e/9YxyduOhnB7mrrUmooSg-1\",\n  \"conda_location\": \"/home/shenzeyu/miniconda3/lib/python3.13/site-packages/conda\",\n  \"config_files\": [\n    \"/home/shenzeyu/miniconda3/.condarc\",\n    \"/home/shenzeyu/miniconda3/condarc.d/anaconda-auth.yml\"\n  ],\n  \"netrc_file\": null,\n  \"virtual_pkgs\": [\n    [\n      \"__archspec\",\n      \"1\",\n      \"icelake\"\n    ],\n    [\n      \"__conda\",\n      \"26.3.2\",\n      \"0\"\n    ],\n    [\n      \"__cuda\",\n      \"13.2\",\n      \"0\"\n    ],\n    [\n      \"__glibc\",\n      \"2.39\",\n      \"0\"\n    ],\n    [\n      \"__linux\",\n      \"6.17.0\",\n      \"0\"\n    ],\n    [\n      \"__unix\",\n      \"0\",\n      \"0\"\n    ]\n  ],\n  \"solver\": {\n    \"name\": \"libmamba\",\n    \"user_agent\": \"solver/libmamba conda-libmamba-solver/26.4.0 libmambapy/2.3.2\",\n    \"default\": true\n  },\n  \"tmp_dir\": \"/tmp\",\n  \"UID\": 1005,\n  \"GID\": 1005,\n  \"sys.version\": \"3.13.13 | packaged by Anaconda, Inc. | (main, Apr 14 2026, 06:19:41) [GCC 14.3.0]\",\n  \"sys.prefix\": \"/home/shenzeyu/miniconda3\",\n  \"sys.executable\": \"/home/shenzeyu/miniconda3/bin/python\",\n  \"site_dirs\": [],\n  \"env_vars\": {\n    \"CURL_CA_BUNDLE\": \"<not set>\",\n    \"SSL_CERT_FILE\": \"<not set>\",\n    \"PATH\": \"/usr/local/cuda/bin:/home/shenzeyu/miniconda3/bin:/usr/local/cuda/bin:/home/shenzeyu/miniconda3/bin:/usr/local/cuda-13.0/bin:/home/anaconda3/bin:/home/anaconda3/condabin:/usr/local/sbin:/usr/local/bin:/usr/sbin:/usr/bin:/sbin:/bin:/usr/games:/usr/local/games:/snap/bin\",\n    \"CONDA_ROOT\": \"/home/shenzeyu/miniconda3\",\n    \"REQUESTS_CA_BUNDLE\": \"<not set>\",\n    \"CONDA_SHLVL\": \"0\",\n    \"CONDA_EXE\": \"/home/anaconda3/bin/conda\",\n    \"CIO_TEST\": \"<not set>\",\n    \"CONDA_PYTHON_EXE\": \"/home/anaconda3/bin/python\",\n    \"LD_PRELOAD\": \"<not set>\",\n    \"LD_LIBRARY_PATH\": \"/usr/local/cuda-13.0/lib64\"\n  },\n  \"envs_details\": {\n    \"/home/shenzeyu/.conda/envs/YOLO+SAM\": {\n      \"name\": \"YOLO+SAM\",\n      \"created\": \"2026-05-11T05:46:24.172741+00:00\",\n      \"last_modified\": \"2026-05-11T05:46:24.173939+00:00\",\n      \"active\": false,\n      \"base\": false,\n      \"frozen\": false,\n      \"writable\": true\n    },\n    \"/home/shenzeyu/.conda/envs/yolo-sam-gpu\": {\n      \"name\": \"yolo-sam-gpu\",\n      \"created\": \"2026-05-11T05:00:50.397555+00:00\",\n      \"last_modified\": \"2026-05-11T05:00:50.398692+00:00\",\n      \"active\": false,\n      \"base\": false,\n      \"frozen\": false,\n      \"writable\": true\n    },\n    \"/home/shenzeyu/miniconda3\": {\n      \"name\": \"base\",\n      \"created\": null,\n      \"last_modified\": \"2026-04-27T21:46:24.036468+00:00\",\n      \"active\": false,\n      \"base\": true,\n      \"frozen\": false,\n      \"writable\": true\n    },\n    \"/home/shenzeyu/miniconda3/envs/yolo-sam\": {\n      \"name\": \"yolo-sam\",\n      \"created\": \"2026-05-11T04:55:00.953138+00:00\",\n      \"last_modified\": \"2026-05-11T04:55:00.953521+00:00\",\n      \"active\": false,\n      \"base\": false,\n      \"frozen\": false,\n      \"writable\": true\n    }\n  }\n}",
    "stderr": ""
  },
  "conda_env_list": {
    "command": [
      "/home/shenzeyu/miniconda3/bin/conda",
      "env",
      "list"
    ],
    "returncode": 0,
    "stdout": "# conda environments:\n#\n# * -> active\n# + -> frozen\nYOLO+SAM                 /home/shenzeyu/.conda/envs/YOLO+SAM\nyolo-sam-gpu             /home/shenzeyu/.conda/envs/yolo-sam-gpu\nbase                     /home/shenzeyu/miniconda3\nyolo-sam                 /home/shenzeyu/miniconda3/envs/yolo-sam",
    "stderr": ""
  },
  "conda_dry_create_py310": {
    "command": [
      "/home/shenzeyu/miniconda3/bin/conda",
      "create",
      "--dry-run",
      "-y",
      "-n",
      "aris-maskdino-probe",
      "python=3.10"
    ],
    "returncode": 0,
    "stdout": "2 channel Terms of Service accepted\nRetrieving notices: - \b\b\\ \b\b| \b\b/ \b\b- \b\b\\ \b\b| \b\bdone\nChannels:\n - defaults\nPlatform: linux-64\nCollecting package metadata (repodata.json): - \b\b\\ \b\b| \b\b/ \b\b- \b\b\\ \b\b| \b\b/ \b\b- \b\b\\ \b\b| \b\bdone\nSolving environment: - \b\bdone\n\n## Package Plan ##\n\n  environment location: /home/shenzeyu/miniconda3/envs/aris-maskdino-probe\n\n  added / updated specs:\n    - python=3.10\n\n\nThe following packages will be downloaded:\n\n    package                    |            build\n    ---------------------------|-----------------\n    python-3.10.20             |       h741d88c_0        24.1 MB\n    ------------------------------------------------------------\n                                           Total:        24.1 MB\n\nThe following NEW packages will be INSTALLED:\n\n  _libgcc_mutex      pkgs/main/linux-64::_libgcc_mutex-0.1-main \n  _openmp_mutex      pkgs/main/linux-64::_openmp_mutex-5.1-1_gnu \n  bzip2              pkgs/main/linux-64::bzip2-1.0.8-h5eee18b_6 \n  ca-certificates    pkgs/main/linux-64::ca-certificates-2026.3.19-h06a4308_0 \n  ld_impl_linux-64   pkgs/main/linux-64::ld_impl_linux-64-2.44-h9e0c5a2_3 \n  libexpat           pkgs/main/linux-64::libexpat-2.8.0-h7354ed3_0 \n  libffi             pkgs/main/linux-64::libffi-3.4.8-hc5d346e_2 \n  libgcc             pkgs/main/linux-64::libgcc-15.2.0-h69a1729_7 \n  libgcc-ng          pkgs/main/linux-64::libgcc-ng-15.2.0-h166f726_7 \n  libgomp            pkgs/main/linux-64::libgomp-15.2.0-h4751f2c_7 \n  libnsl             pkgs/main/linux-64::libnsl-2.0.0-h5eee18b_0 \n  libstdcxx          pkgs/main/linux-64::libstdcxx-15.2.0-h39759b7_7 \n  libuuid            pkgs/main/linux-64::libuuid-1.41.5-h5eee18b_0 \n  libxcb             pkgs/main/linux-64::libxcb-1.17.0-h9b100fa_0 \n  libzlib            pkgs/main/linux-64::libzlib-1.3.1-h47b2149_1 \n  ncurses            pkgs/main/linux-64::ncurses-6.5-h7934f7d_0 \n  openssl            pkgs/main/linux-64::openssl-3.5.6-h1b28b03_0 \n  packaging          pkgs/main/linux-64::packaging-26.0-py310h06a4308_0 \n  pip                pkgs/main/noarch::pip-26.0.1-pyhc872135_1 \n  pthread-stubs      pkgs/main/linux-64::pthread-stubs-0.3-h0ce48e5_1 \n  python             pkgs/main/linux-64::python-3.10.20-h741d88c_0 \n  readline           pkgs/main/linux-64::readline-8.3-hc2a1206_0 \n  setuptools         pkgs/main/linux-64::setuptools-82.0.1-py310h06a4308_0 \n  sqlite             pkgs/main/linux-64::sqlite-3.51.2-h3e8d24a_0 \n  tk                 pkgs/main/linux-64::tk-8.6.15-h54e0aa7_0 \n  tzdata             pkgs/main/noarch::tzdata-2026a-he532380_0 \n  wheel              pkgs/main/linux-64::wheel-0.46.3-py310h06a4308_0 \n  xorg-libx11        pkgs/main/linux-64::xorg-libx11-1.8.12-h9b100fa_1 \n  xorg-libxau        pkgs/main/linux-64::xorg-libxau-1.0.12-h9b100fa_0 \n  xorg-libxdmcp      pkgs/main/linux-64::xorg-libxdmcp-1.1.5-h9b100fa_0 \n  xorg-xorgproto     pkgs/main/linux-64::xorg-xorgproto-2024.1-h5eee18b_1 \n  xz                 pkgs/main/linux-64::xz-5.8.2-h448239c_0 \n  zlib               pkgs/main/linux-64::zlib-1.3.1-h47b2149_1",
    "stderr": "DryRunExit: Dry run. Exiting."
  },
  "pip_detectron2_index": {
    "command": [
      "/home/shenzeyu/.conda/envs/yolo-sam-gpu/bin/python",
      "-m",
      "pip",
      "index",
      "versions",
      "detectron2"
    ],
    "returncode": 1,
    "stdout": "",
    "stderr": "ERROR: No matching distribution found for detectron2\n\n[notice] A new release of pip is available: 26.1.1 -> 26.1.2\n[notice] To update, run: /home/shenzeyu/.conda/envs/yolo-sam-gpu/bin/python -m pip install --upgrade pip"
  },
  "pip_torch_index": {
    "command": [
      "/home/shenzeyu/.conda/envs/yolo-sam-gpu/bin/python",
      "-m",
      "pip",
      "index",
      "versions",
      "torch"
    ],
    "returncode": 0,
    "stdout": "torch (2.12.1)\nAvailable versions: 2.12.1, 2.12.0, 2.11.0, 2.10.0, 2.9.1, 2.9.0, 2.8.0, 2.7.1, 2.7.0, 2.6.0, 2.5.1, 2.5.0, 2.4.1, 2.4.0, 2.3.1, 2.3.0, 2.2.2, 2.2.1, 2.2.0, 2.1.2, 2.1.1, 2.1.0, 2.0.1, 2.0.0, 1.13.1, 1.13.0\n  INSTALLED: 2.5.1+cu118\n  LATEST:    2.12.1",
    "stderr": "[notice] A new release of pip is available: 26.1.1 -> 26.1.2\n[notice] To update, run: /home/shenzeyu/.conda/envs/yolo-sam-gpu/bin/python -m pip install --upgrade pip"
  },
  "github_reachability": {
    "command": [
      "/home/shenzeyu/.conda/envs/yolo-sam-gpu/bin/python",
      "-c",
      "import urllib.request,json; urls=['https://github.com/facebookresearch/Mask2Former','https://github.com/IDEA-Research/MaskDINO','https://github.com/facebookresearch/detectron2']; print(json.dumps({u: urllib.request.urlopen(u, timeout=10).status for u in urls}))"
    ],
    "returncode": 0,
    "stdout": "{\"https://github.com/facebookresearch/Mask2Former\": 200, \"https://github.com/IDEA-Research/MaskDINO\": 200, \"https://github.com/facebookresearch/detectron2\": 200}",
    "stderr": ""
  },
  "disk": {
    "command": [
      "df",
      "-h",
      ".",
      "/home/shenzeyu"
    ],
    "returncode": 0,
    "stdout": "Filesystem      Size  Used Avail Use% Mounted on\n/dev/nvme0n1p2  1.9T  1.6T  162G  91% /\n/dev/nvme0n1p2  1.9T  1.6T  162G  91% /",
    "stderr": ""
  },
  "decision": {
    "isolated_conda_env_feasible": true,
    "nvcc_visible_with_cuda_home": true,
    "do_not_mutate_yolo_sam_gpu": true,
    "next_action": "create_isolated_maskdino_env_smoke",
    "risk_note": "System CUDA is 13.0 while current torch is cu118; faithful Detectron2/MaskDINO should be built in a fresh isolated env with a matching torch/CUDA stack."
  }
}
