[R188] start 2026-07-03T20:51:31+08:00
[R188] gpu binding CUDA_VISIBLE_DEVICES=0
0, NVIDIA GeForce RTX 4090, 15 MiB, 24564 MiB, 0 %
1, NVIDIA GeForce RTX 4090, 15 MiB, 24564 MiB, 0 %
Filesystem      Size  Used Avail Use% Mounted on
/dev/nvme0n1p2  1.9T  1.6T  162G  91% /
/dev/nvme0n1p2  1.9T  1.6T  162G  91% /
[R188] reusing existing isolated env aris-maskdino-r188
Requirement already satisfied: pip in /home/shenzeyu/miniconda3/envs/aris-maskdino-r188/lib/python3.10/site-packages (26.1.2)
Requirement already satisfied: setuptools in /home/shenzeyu/miniconda3/envs/aris-maskdino-r188/lib/python3.10/site-packages (82.0.1)
Requirement already satisfied: wheel in /home/shenzeyu/miniconda3/envs/aris-maskdino-r188/lib/python3.10/site-packages (0.47.0)
Requirement already satisfied: packaging in /home/shenzeyu/miniconda3/envs/aris-maskdino-r188/lib/python3.10/site-packages (26.0)
Collecting packaging
  Using cached packaging-26.2-py3-none-any.whl.metadata (3.5 kB)
Collecting ninja
  Using cached ninja-1.13.0-py3-none-manylinux2014_x86_64.manylinux_2_17_x86_64.whl.metadata (5.1 kB)
Collecting cython
  Using cached cython-3.2.8-cp310-cp310-manylinux2014_x86_64.manylinux_2_17_x86_64.manylinux_2_28_x86_64.whl.metadata (4.2 kB)
Collecting pyyaml
  Using cached pyyaml-6.0.3-cp310-cp310-manylinux2014_x86_64.manylinux_2_17_x86_64.manylinux_2_28_x86_64.whl.metadata (2.4 kB)
Collecting tqdm
  Using cached tqdm-4.68.3-py3-none-any.whl.metadata (57 kB)
Collecting pycocotools
  Using cached pycocotools-2.0.11-cp310-cp310-manylinux2014_x86_64.manylinux_2_17_x86_64.manylinux_2_28_x86_64.whl.metadata (1.3 kB)
Collecting numpy (from pycocotools)
  Using cached numpy-2.2.6-cp310-cp310-manylinux_2_17_x86_64.manylinux2014_x86_64.whl.metadata (62 kB)
Using cached packaging-26.2-py3-none-any.whl (100 kB)
Using cached ninja-1.13.0-py3-none-manylinux2014_x86_64.manylinux_2_17_x86_64.whl (180 kB)
Using cached cython-3.2.8-cp310-cp310-manylinux2014_x86_64.manylinux_2_17_x86_64.manylinux_2_28_x86_64.whl (3.5 MB)
Downloading pyyaml-6.0.3-cp310-cp310-manylinux2014_x86_64.manylinux_2_17_x86_64.manylinux_2_28_x86_64.whl (770 kB)
   ━━━━━━━━━━━━━━━━━━━━━━━━━━━━━━━━━━━━━━━━ 770.3/770.3 kB 527.6 kB/s  0:00:01
Using cached tqdm-4.68.3-py3-none-any.whl (78 kB)
Using cached pycocotools-2.0.11-cp310-cp310-manylinux2014_x86_64.manylinux_2_17_x86_64.manylinux_2_28_x86_64.whl (472 kB)
Downloading numpy-2.2.6-cp310-cp310-manylinux_2_17_x86_64.manylinux2014_x86_64.whl (16.8 MB)
   ━━━━━━━━━━━━━━━━━━━━━━━━━━━━━━━━━━━━━━━━ 16.8/16.8 MB 291.6 kB/s  0:00:35
Installing collected packages: tqdm, pyyaml, packaging, numpy, ninja, cython, pycocotools
  Attempting uninstall: packaging
    Found existing installation: packaging 26.0
    Uninstalling packaging-26.0:
      Successfully uninstalled packaging-26.0

Successfully installed cython-3.2.8 ninja-1.13.0 numpy-2.2.6 packaging-26.2 pycocotools-2.0.11 pyyaml-6.0.3 tqdm-4.68.3
Traceback (most recent call last):
  File "<stdin>", line 1, in <module>
ModuleNotFoundError: No module named 'torch'
[R188] installing isolated PyTorch CUDA stack
Looking in indexes: https://download.pytorch.org/whl/cu124
Collecting torch==2.5.1
  Downloading torch-2.5.1%2Bcu124-cp310-cp310-linux_x86_64.whl (908.3 MB)
     ━━━━━━━━━━━━━━━━━━━━━━━━━━━━━━━━━━━━━━━━ 908.3/908.3 MB 60.8 MB/s  0:00:18
Collecting torchvision==0.20.1
  Downloading torchvision-0.20.1%2Bcu124-cp310-cp310-linux_x86_64.whl (7.3 MB)
     ━━━━━━━━━━━━━━━━━━━━━━━━━━━━━━━━━━━━━━━━ 7.3/7.3 MB 73.8 MB/s  0:00:00
Collecting torchaudio==2.5.1
  Downloading torchaudio-2.5.1%2Bcu124-cp310-cp310-linux_x86_64.whl (3.4 MB)
     ━━━━━━━━━━━━━━━━━━━━━━━━━━━━━━━━━━━━━━━━ 3.4/3.4 MB 53.0 MB/s  0:00:00
Collecting filelock (from torch==2.5.1)
  Using cached filelock-3.29.0-py3-none-any.whl.metadata (2.0 kB)
Collecting typing-extensions>=4.8.0 (from torch==2.5.1)
  Using cached typing_extensions-4.15.0-py3-none-any.whl.metadata (3.3 kB)
Collecting networkx (from torch==2.5.1)
  Using cached networkx-3.4.2-py3-none-any.whl.metadata (6.3 kB)
Collecting jinja2 (from torch==2.5.1)
  Using cached jinja2-3.1.6-py3-none-any.whl.metadata (2.9 kB)
Collecting fsspec (from torch==2.5.1)
  Using cached fsspec-2026.4.0-py3-none-any.whl.metadata (10 kB)
Collecting nvidia-cuda-nvrtc-cu12==12.4.127 (from torch==2.5.1)
  Downloading nvidia_cuda_nvrtc_cu12-12.4.127-py3-none-manylinux2014_x86_64.whl (24.6 MB)
     ━━━━━━━━━━━━━━━━━━━━━━━━━━━━━━━━━━━━━━━━ 24.6/24.6 MB 12.0 MB/s  0:00:02
Collecting nvidia-cuda-runtime-cu12==12.4.127 (from torch==2.5.1)
  Downloading nvidia_cuda_runtime_cu12-12.4.127-py3-none-manylinux2014_x86_64.whl (883 kB)
     ━━━━━━━━━━━━━━━━━━━━━━━━━━━━━━━━━━━━━━━━ 883.7/883.7 kB 44.1 MB/s  0:00:00
Collecting nvidia-cuda-cupti-cu12==12.4.127 (from torch==2.5.1)
  Downloading nvidia_cuda_cupti_cu12-12.4.127-py3-none-manylinux2014_x86_64.whl (13.8 MB)
     ━━━━━━━━━━━━━━━━━━━━━━━━━━━━━━━━━━━━━━━━ 13.8/13.8 MB 52.8 MB/s  0:00:00
Collecting nvidia-cudnn-cu12==9.1.0.70 (from torch==2.5.1)
  Downloading nvidia_cudnn_cu12-9.1.0.70-py3-none-manylinux2014_x86_64.whl (664.8 MB)
     ━━━━━━━━━━━━━━━━━━━━━━━━━━━━━━━━━━━━━━━━ 664.8/664.8 MB 46.1 MB/s  0:00:13
Collecting nvidia-cublas-cu12==12.4.5.8 (from torch==2.5.1)
  Downloading nvidia_cublas_cu12-12.4.5.8-py3-none-manylinux2014_x86_64.whl (363.4 MB)
     ━━━━━━━━━━━━━━━━━━━━━━━━━━━━━━━━━━━━━━━━ 363.4/363.4 MB 50.1 MB/s  0:00:06
Collecting nvidia-cufft-cu12==11.2.1.3 (from torch==2.5.1)
  Downloading nvidia_cufft_cu12-11.2.1.3-py3-none-manylinux2014_x86_64.whl (211.5 MB)
     ━━━━━━━━━━━━━━━━━━━━━━━━━━━━━━━━━━━━━━━━ 211.5/211.5 MB 48.9 MB/s  0:00:04
Collecting nvidia-curand-cu12==10.3.5.147 (from torch==2.5.1)
  Downloading nvidia_curand_cu12-10.3.5.147-py3-none-manylinux2014_x86_64.whl (56.3 MB)
     ━━━━━━━━━━━━━━━━━━━━━━━━━━━━━━━━━━━━━━━━ 56.3/56.3 MB 46.4 MB/s  0:00:01
Collecting nvidia-cusolver-cu12==11.6.1.9 (from torch==2.5.1)
  Downloading nvidia_cusolver_cu12-11.6.1.9-py3-none-manylinux2014_x86_64.whl (127.9 MB)
     ━━━━━━━━━━━━━━━━━━━━━━━━━━━━━━━━━━━━━━━━ 127.9/127.9 MB 44.5 MB/s  0:00:02
Collecting nvidia-cusparse-cu12==12.3.1.170 (from torch==2.5.1)
  Downloading nvidia_cusparse_cu12-12.3.1.170-py3-none-manylinux2014_x86_64.whl (207.5 MB)
     ━━━━━━━━━━━━━━━━━━━━━━━━━━━━━━━━━━━━━━━━ 207.5/207.5 MB 44.8 MB/s  0:00:04
Collecting nvidia-nccl-cu12==2.21.5 (from torch==2.5.1)
  Downloading nvidia_nccl_cu12-2.21.5-py3-none-manylinux2014_x86_64.whl (188.7 MB)
     ━━━━━━━━━━━━━━━━━━━━━━━━━━━━━━━━━━━━━━━━ 188.7/188.7 MB 44.0 MB/s  0:00:04
Collecting nvidia-nvtx-cu12==12.4.127 (from torch==2.5.1)
  Downloading nvidia_nvtx_cu12-12.4.127-py3-none-manylinux2014_x86_64.whl (99 kB)
Collecting nvidia-nvjitlink-cu12==12.4.127 (from torch==2.5.1)
  Downloading nvidia_nvjitlink_cu12-12.4.127-py3-none-manylinux2014_x86_64.whl (21.1 MB)
     ━━━━━━━━━━━━━━━━━━━━━━━━━━━━━━━━━━━━━━━━ 21.1/21.1 MB 62.3 MB/s  0:00:00
Collecting triton==3.1.0 (from torch==2.5.1)
  Downloading triton-3.1.0-cp310-cp310-manylinux_2_17_x86_64.manylinux2014_x86_64.whl (209.5 MB)
     ━━━━━━━━━━━━━━━━━━━━━━━━━━━━━━━━━━━━━━━━ 209.5/209.5 MB 77.8 MB/s  0:00:02
Collecting sympy==1.13.1 (from torch==2.5.1)
  Using cached sympy-1.13.1-py3-none-any.whl.metadata (12 kB)
Requirement already satisfied: numpy in /home/shenzeyu/miniconda3/envs/aris-maskdino-r188/lib/python3.10/site-packages (from torchvision==0.20.1) (2.2.6)
Collecting pillow!=8.3.*,>=5.3.0 (from torchvision==0.20.1)
  Downloading pillow-12.2.0-cp310-cp310-manylinux_2_27_x86_64.manylinux_2_28_x86_64.whl.metadata (8.8 kB)
Collecting mpmath<1.4,>=1.1.0 (from sympy==1.13.1->torch==2.5.1)
  Using cached mpmath-1.3.0-py3-none-any.whl.metadata (8.6 kB)
Collecting MarkupSafe>=2.0 (from jinja2->torch==2.5.1)
  Downloading markupsafe-3.0.3-cp310-cp310-manylinux2014_x86_64.manylinux_2_17_x86_64.manylinux_2_28_x86_64.whl.metadata (2.7 kB)
Using cached sympy-1.13.1-py3-none-any.whl (6.2 MB)
Using cached mpmath-1.3.0-py3-none-any.whl (536 kB)
Downloading pillow-12.2.0-cp310-cp310-manylinux_2_27_x86_64.manylinux_2_28_x86_64.whl (7.1 MB)
   ━━━━━━━━━━━━━━━━━━━━━━━━━━━━━━━━━━━━━━━━ 7.1/7.1 MB 75.8 kB/s  0:01:17
Using cached typing_extensions-4.15.0-py3-none-any.whl (44 kB)
Using cached filelock-3.29.0-py3-none-any.whl (39 kB)
Using cached fsspec-2026.4.0-py3-none-any.whl (203 kB)
Using cached jinja2-3.1.6-py3-none-any.whl (134 kB)
Downloading markupsafe-3.0.3-cp310-cp310-manylinux2014_x86_64.manylinux_2_17_x86_64.manylinux_2_28_x86_64.whl (20 kB)
Downloading networkx-3.4.2-py3-none-any.whl (1.7 MB)
   ━━━━━━━━━━━━━━━━━━━━━━━━━━━━━━━━━━━━━━━━ 1.7/1.7 MB 62.1 kB/s  0:00:27
Installing collected packages: mpmath, typing-extensions, sympy, pillow, nvidia-nvtx-cu12, nvidia-nvjitlink-cu12, nvidia-nccl-cu12, nvidia-curand-cu12, nvidia-cufft-cu12, nvidia-cuda-runtime-cu12, nvidia-cuda-nvrtc-cu12, nvidia-cuda-cupti-cu12, nvidia-cublas-cu12, networkx, MarkupSafe, fsspec, filelock, triton, nvidia-cusparse-cu12, nvidia-cudnn-cu12, jinja2, nvidia-cusolver-cu12, torch, torchvision, torchaudio

Successfully installed MarkupSafe-3.0.3 filelock-3.29.0 fsspec-2026.4.0 jinja2-3.1.6 mpmath-1.3.0 networkx-3.4.2 nvidia-cublas-cu12-12.4.5.8 nvidia-cuda-cupti-cu12-12.4.127 nvidia-cuda-nvrtc-cu12-12.4.127 nvidia-cuda-runtime-cu12-12.4.127 nvidia-cudnn-cu12-9.1.0.70 nvidia-cufft-cu12-11.2.1.3 nvidia-curand-cu12-10.3.5.147 nvidia-cusolver-cu12-11.6.1.9 nvidia-cusparse-cu12-12.3.1.170 nvidia-nccl-cu12-2.21.5 nvidia-nvjitlink-cu12-12.4.127 nvidia-nvtx-cu12-12.4.127 pillow-12.2.0 sympy-1.13.1 torch-2.5.1+cu124 torchaudio-2.5.1+cu124 torchvision-0.20.1+cu124 triton-3.1.0 typing-extensions-4.15.0
{
  "torch": "2.5.1+cu124",
  "torch_cuda": "12.4",
  "cuda_available": true,
  "device_count": 1,
  "gpu_tensor_smoke": "ok",
  "device_name": "NVIDIA GeForce RTX 4090"
}
Cloning into 'external_src/detectron2'...
Cloning into 'external_src/MaskDINO'...
Obtaining file:///home/shenzeyu/workspace/YOLO_SAM_generic_src/external_src/detectron2
  Checking if build backend supports build_editable: started
  Checking if build backend supports build_editable: finished with status 'done'
  Preparing editable metadata (pyproject.toml): started
  Preparing editable metadata (pyproject.toml): finished with status 'done'
Requirement already satisfied: Pillow>=7.1 in /home/shenzeyu/miniconda3/envs/aris-maskdino-r188/lib/python3.10/site-packages (from detectron2==0.6) (12.2.0)
Collecting matplotlib (from detectron2==0.6)
  Downloading matplotlib-3.10.9-cp310-cp310-manylinux2014_x86_64.manylinux_2_17_x86_64.whl.metadata (52 kB)
Requirement already satisfied: pycocotools>=2.0.2 in /home/shenzeyu/miniconda3/envs/aris-maskdino-r188/lib/python3.10/site-packages (from detectron2==0.6) (2.0.11)
Collecting termcolor>=1.1 (from detectron2==0.6)
  Downloading termcolor-3.3.0-py3-none-any.whl.metadata (6.5 kB)
Collecting yacs>=0.1.8 (from detectron2==0.6)
  Downloading yacs-0.1.8-py3-none-any.whl.metadata (639 bytes)
Collecting tabulate (from detectron2==0.6)
  Downloading tabulate-0.10.0-py3-none-any.whl.metadata (40 kB)
Collecting cloudpickle (from detectron2==0.6)
  Downloading cloudpickle-3.1.2-py3-none-any.whl.metadata (7.1 kB)
Requirement already satisfied: tqdm>4.29.0 in /home/shenzeyu/miniconda3/envs/aris-maskdino-r188/lib/python3.10/site-packages (from detectron2==0.6) (4.68.3)
Collecting tensorboard (from detectron2==0.6)
  Downloading tensorboard-2.21.0-py3-none-any.whl.metadata (1.8 kB)
Collecting fvcore<0.1.6,>=0.1.5 (from detectron2==0.6)
  Downloading fvcore-0.1.5.post20221221.tar.gz (50 kB)
  Preparing metadata (pyproject.toml): started
  Preparing metadata (pyproject.toml): finished with status 'done'
Collecting iopath<0.1.10,>=0.1.7 (from detectron2==0.6)
  Downloading iopath-0.1.9-py3-none-any.whl.metadata (370 bytes)
Collecting omegaconf<2.4,>=2.1 (from detectron2==0.6)
  Downloading omegaconf-2.3.1-py3-none-any.whl.metadata (4.5 kB)
Collecting hydra-core>=1.1 (from detectron2==0.6)
  Downloading hydra_core-1.3.3-py3-none-any.whl.metadata (5.7 kB)
Collecting black (from detectron2==0.6)
  Downloading black-26.5.1-cp310-cp310-manylinux2014_x86_64.manylinux_2_17_x86_64.manylinux_2_28_x86_64.whl.metadata (95 kB)
Requirement already satisfied: packaging in /home/shenzeyu/miniconda3/envs/aris-maskdino-r188/lib/python3.10/site-packages (from detectron2==0.6) (26.2)
Requirement already satisfied: numpy in /home/shenzeyu/miniconda3/envs/aris-maskdino-r188/lib/python3.10/site-packages (from fvcore<0.1.6,>=0.1.5->detectron2==0.6) (2.2.6)
Requirement already satisfied: pyyaml>=5.1 in /home/shenzeyu/miniconda3/envs/aris-maskdino-r188/lib/python3.10/site-packages (from fvcore<0.1.6,>=0.1.5->detectron2==0.6) (6.0.3)
Collecting portalocker (from iopath<0.1.10,>=0.1.7->detectron2==0.6)
  Downloading portalocker-3.2.0-py3-none-any.whl.metadata (8.7 kB)
Collecting antlr4-python3-runtime==4.9.* (from omegaconf<2.4,>=2.1->detectron2==0.6)
  Downloading antlr4-python3-runtime-4.9.3.tar.gz (117 kB)
  Preparing metadata (pyproject.toml): started
  Preparing metadata (pyproject.toml): finished with status 'done'
Collecting click>=8.0.0 (from black->detectron2==0.6)
  Downloading click-8.4.2-py3-none-any.whl.metadata (2.6 kB)
Collecting mypy-extensions>=0.4.3 (from black->detectron2==0.6)
  Downloading mypy_extensions-1.1.0-py3-none-any.whl.metadata (1.1 kB)
Collecting pathspec>=1.0.0 (from black->detectron2==0.6)
  Downloading pathspec-1.1.1-py3-none-any.whl.metadata (14 kB)
Collecting platformdirs>=2 (from black->detectron2==0.6)
  Downloading platformdirs-4.10.0-py3-none-any.whl.metadata (5.5 kB)
Collecting pytokens~=0.4.0 (from black->detectron2==0.6)
  Downloading pytokens-0.4.1-cp310-cp310-manylinux2014_x86_64.manylinux_2_17_x86_64.manylinux_2_28_x86_64.whl.metadata (3.8 kB)
Collecting tomli>=1.1.0 (from black->detectron2==0.6)
  Downloading tomli-2.4.1-py3-none-any.whl.metadata (10 kB)
Requirement already satisfied: typing-extensions>=4.0.1 in /home/shenzeyu/miniconda3/envs/aris-maskdino-r188/lib/python3.10/site-packages (from black->detectron2==0.6) (4.15.0)
Collecting contourpy>=1.0.1 (from matplotlib->detectron2==0.6)
  Downloading contourpy-1.3.2-cp310-cp310-manylinux_2_17_x86_64.manylinux2014_x86_64.whl.metadata (5.5 kB)
Collecting cycler>=0.10 (from matplotlib->detectron2==0.6)
  Using cached cycler-0.12.1-py3-none-any.whl.metadata (3.8 kB)
Collecting fonttools>=4.22.0 (from matplotlib->detectron2==0.6)
  Downloading fonttools-4.63.0-cp310-cp310-manylinux2014_x86_64.manylinux_2_17_x86_64.whl.metadata (118 kB)
Collecting kiwisolver>=1.3.1 (from matplotlib->detectron2==0.6)
  Downloading kiwisolver-1.5.0-cp310-cp310-manylinux_2_12_x86_64.manylinux2010_x86_64.whl.metadata (5.1 kB)
Collecting pyparsing>=3 (from matplotlib->detectron2==0.6)
  Using cached pyparsing-3.3.2-py3-none-any.whl.metadata (5.8 kB)
Collecting python-dateutil>=2.7 (from matplotlib->detectron2==0.6)
  Using cached python_dateutil-2.9.0.post0-py2.py3-none-any.whl.metadata (8.4 kB)
Collecting six>=1.5 (from python-dateutil>=2.7->matplotlib->detectron2==0.6)
  Using cached six-1.17.0-py2.py3-none-any.whl.metadata (1.7 kB)
Collecting absl-py>=0.4 (from tensorboard->detectron2==0.6)
  Downloading absl_py-2.5.0-py3-none-any.whl.metadata (3.3 kB)
Collecting grpcio<2.0,>=1.74.0 (from tensorboard->detectron2==0.6)
  Downloading grpcio-1.81.1-cp310-cp310-manylinux2014_x86_64.manylinux_2_17_x86_64.whl.metadata (3.7 kB)
Collecting markdown>=2.6.8 (from tensorboard->detectron2==0.6)
  Downloading markdown-3.10.2-py3-none-any.whl.metadata (5.1 kB)
Collecting protobuf<8.0.0,>=6.31.1 (from tensorboard->detectron2==0.6)
  Downloading protobuf-7.35.1-cp310-abi3-manylinux2014_x86_64.whl.metadata (595 bytes)
Requirement already satisfied: setuptools>=41.0.0 in /home/shenzeyu/miniconda3/envs/aris-maskdino-r188/lib/python3.10/site-packages (from tensorboard->detectron2==0.6) (82.0.1)
Collecting tensorboard-data-server<0.8.0,>=0.7.0 (from tensorboard->detectron2==0.6)
  Downloading tensorboard_data_server-0.7.2-py3-none-manylinux_2_31_x86_64.whl.metadata (1.1 kB)
Collecting werkzeug>=1.0.1 (from tensorboard->detectron2==0.6)
  Downloading werkzeug-3.1.8-py3-none-any.whl.metadata (4.0 kB)
Requirement already satisfied: markupsafe>=2.1.1 in /home/shenzeyu/miniconda3/envs/aris-maskdino-r188/lib/python3.10/site-packages (from werkzeug>=1.0.1->tensorboard->detectron2==0.6) (3.0.3)
Downloading iopath-0.1.9-py3-none-any.whl (27 kB)
Downloading omegaconf-2.3.1-py3-none-any.whl (79 kB)
Downloading hydra_core-1.3.3-py3-none-any.whl (154 kB)
Downloading termcolor-3.3.0-py3-none-any.whl (7.7 kB)
Downloading yacs-0.1.8-py3-none-any.whl (14 kB)
Downloading black-26.5.1-cp310-cp310-manylinux2014_x86_64.manylinux_2_17_x86_64.manylinux_2_28_x86_64.whl (1.9 MB)
   ━━━━━━━━━━━━━━━━━━━━━━━━━━━━━━━━━━━━━━━━ 1.9/1.9 MB 59.1 kB/s  0:00:29
Downloading pytokens-0.4.1-cp310-cp310-manylinux2014_x86_64.manylinux_2_17_x86_64.manylinux_2_28_x86_64.whl (259 kB)
Downloading click-8.4.2-py3-none-any.whl (119 kB)
Downloading mypy_extensions-1.1.0-py3-none-any.whl (5.0 kB)
Downloading pathspec-1.1.1-py3-none-any.whl (57 kB)
Downloading platformdirs-4.10.0-py3-none-any.whl (22 kB)
Downloading tomli-2.4.1-py3-none-any.whl (14 kB)
Downloading cloudpickle-3.1.2-py3-none-any.whl (22 kB)
Downloading matplotlib-3.10.9-cp310-cp310-manylinux2014_x86_64.manylinux_2_17_x86_64.whl (8.8 MB)
   ━━━━━━━━━━━━━━━━━━━━━━━━━━━━━━━━━━━━━━━━ 8.8/8.8 MB 47.6 kB/s  0:02:20
Downloading contourpy-1.3.2-cp310-cp310-manylinux_2_17_x86_64.manylinux2014_x86_64.whl (325 kB)
Using cached cycler-0.12.1-py3-none-any.whl (8.3 kB)
Downloading fonttools-4.63.0-cp310-cp310-manylinux2014_x86_64.manylinux_2_17_x86_64.whl (4.9 MB)
   ━━━━━━━━━━━━━━━━━━━━━━━━━━━━━━━━━━━━━━━━ 4.9/4.9 MB 12.2 kB/s  0:01:50
Downloading kiwisolver-1.5.0-cp310-cp310-manylinux_2_12_x86_64.manylinux2010_x86_64.whl (1.6 MB)
   ━━━━━━━━━━━━━━━━━━━━━━━━━━━━━━━━━━━━━━━━ 1.6/1.6 MB 54.3 kB/s  0:00:41
Using cached pyparsing-3.3.2-py3-none-any.whl (122 kB)
Using cached python_dateutil-2.9.0.post0-py2.py3-none-any.whl (229 kB)
Using cached six-1.17.0-py2.py3-none-any.whl (11 kB)
Downloading portalocker-3.2.0-py3-none-any.whl (22 kB)
Downloading tabulate-0.10.0-py3-none-any.whl (39 kB)
Downloading tensorboard-2.21.0-py3-none-any.whl (5.5 MB)
   ━━━━━━━━━━━━━━━━━━━━━━━━━━━━━━━━━━━━━━━━ 5.5/5.5 MB 50.3 kB/s  0:01:56
Downloading grpcio-1.81.1-cp310-cp310-manylinux2014_x86_64.manylinux_2_17_x86_64.whl (6.8 MB)
   ━━━━━━━━━━━━━━━━━━━━━━━━━━━━━━━━━━━━━━━━ 6.8/6.8 MB 54.4 kB/s  0:01:47
Downloading protobuf-7.35.1-cp310-abi3-manylinux2014_x86_64.whl (327 kB)
Downloading tensorboard_data_server-0.7.2-py3-none-manylinux_2_31_x86_64.whl (6.6 MB)
   ━━━━━━━━━━━━━━━━━━━━━━━━━━━━━━━━━━━━━━━━ 6.6/6.6 MB 14.8 kB/s  0:02:43
Downloading absl_py-2.5.0-py3-none-any.whl (137 kB)
Downloading markdown-3.10.2-py3-none-any.whl (108 kB)
Downloading werkzeug-3.1.8-py3-none-any.whl (226 kB)
Building wheels for collected packages: detectron2, fvcore, antlr4-python3-runtime
  Building editable for detectron2 (pyproject.toml): started
  Building editable for detectron2 (pyproject.toml): finished with status 'error'
  error: subprocess-exited-with-error
  
  × Building editable for detectron2 (pyproject.toml) did not run successfully.
  │ exit code: 1
  ╰─> [70 lines of output]
      running editable_wheel
      creating /tmp/pip-ephem-wheel-cache-qdhi7f7r/wheels/ac/7e/0c/75acdaa38678664acff8e530e0570880b5db230c5300c19a01/tmpj2n4r6pj/.tmp-gwa7s7m_/detectron2.egg-info
      writing /tmp/pip-ephem-wheel-cache-qdhi7f7r/wheels/ac/7e/0c/75acdaa38678664acff8e530e0570880b5db230c5300c19a01/tmpj2n4r6pj/.tmp-gwa7s7m_/detectron2.egg-info/PKG-INFO
      writing dependency_links to /tmp/pip-ephem-wheel-cache-qdhi7f7r/wheels/ac/7e/0c/75acdaa38678664acff8e530e0570880b5db230c5300c19a01/tmpj2n4r6pj/.tmp-gwa7s7m_/detectron2.egg-info/dependency_links.txt
      writing requirements to /tmp/pip-ephem-wheel-cache-qdhi7f7r/wheels/ac/7e/0c/75acdaa38678664acff8e530e0570880b5db230c5300c19a01/tmpj2n4r6pj/.tmp-gwa7s7m_/detectron2.egg-info/requires.txt
      writing top-level names to /tmp/pip-ephem-wheel-cache-qdhi7f7r/wheels/ac/7e/0c/75acdaa38678664acff8e530e0570880b5db230c5300c19a01/tmpj2n4r6pj/.tmp-gwa7s7m_/detectron2.egg-info/top_level.txt
      writing manifest file '/tmp/pip-ephem-wheel-cache-qdhi7f7r/wheels/ac/7e/0c/75acdaa38678664acff8e530e0570880b5db230c5300c19a01/tmpj2n4r6pj/.tmp-gwa7s7m_/detectron2.egg-info/SOURCES.txt'
      /home/shenzeyu/miniconda3/envs/aris-maskdino-r188/lib/python3.10/site-packages/torch/utils/cpp_extension.py:497: UserWarning: Attempted to use ninja as the BuildExtension backend but we could not find ninja.. Falling back to using the slow distutils backend.
        warnings.warn(msg.format('we could not find ninja.'))
      reading manifest file '/tmp/pip-ephem-wheel-cache-qdhi7f7r/wheels/ac/7e/0c/75acdaa38678664acff8e530e0570880b5db230c5300c19a01/tmpj2n4r6pj/.tmp-gwa7s7m_/detectron2.egg-info/SOURCES.txt'
      adding license file 'LICENSE'
      writing manifest file '/tmp/pip-ephem-wheel-cache-qdhi7f7r/wheels/ac/7e/0c/75acdaa38678664acff8e530e0570880b5db230c5300c19a01/tmpj2n4r6pj/.tmp-gwa7s7m_/detectron2.egg-info/SOURCES.txt'
      creating '/tmp/pip-ephem-wheel-cache-qdhi7f7r/wheels/ac/7e/0c/75acdaa38678664acff8e530e0570880b5db230c5300c19a01/tmpj2n4r6pj/.tmp-gwa7s7m_/detectron2-0.6.dist-info'
      creating /tmp/pip-ephem-wheel-cache-qdhi7f7r/wheels/ac/7e/0c/75acdaa38678664acff8e530e0570880b5db230c5300c19a01/tmpj2n4r6pj/.tmp-gwa7s7m_/detectron2-0.6.dist-info/WHEEL
      running build_py
      running build_ext
      Traceback (most recent call last):
        File "/home/shenzeyu/miniconda3/envs/aris-maskdino-r188/lib/python3.10/site-packages/pip/_vendor/pyproject_hooks/_in_process/_in_process.py", line 389, in <module>
          main()
        File "/home/shenzeyu/miniconda3/envs/aris-maskdino-r188/lib/python3.10/site-packages/pip/_vendor/pyproject_hooks/_in_process/_in_process.py", line 373, in main
          json_out["return_val"] = hook(**hook_input["kwargs"])
        File "/home/shenzeyu/miniconda3/envs/aris-maskdino-r188/lib/python3.10/site-packages/pip/_vendor/pyproject_hooks/_in_process/_in_process.py", line 303, in build_editable
          return hook(wheel_directory, config_settings, metadata_directory)
        File "/home/shenzeyu/miniconda3/envs/aris-maskdino-r188/lib/python3.10/site-packages/setuptools/build_meta.py", line 474, in build_editable
          return self._build_with_temp_dir(
        File "/home/shenzeyu/miniconda3/envs/aris-maskdino-r188/lib/python3.10/site-packages/setuptools/build_meta.py", line 410, in _build_with_temp_dir
          self.run_setup()
        File "/home/shenzeyu/miniconda3/envs/aris-maskdino-r188/lib/python3.10/site-packages/setuptools/build_meta.py", line 520, in run_setup
          super().run_setup(setup_script=setup_script)
        File "/home/shenzeyu/miniconda3/envs/aris-maskdino-r188/lib/python3.10/site-packages/setuptools/build_meta.py", line 317, in run_setup
          exec(code, locals())
        File "<string>", line 151, in <module>
        File "/home/shenzeyu/miniconda3/envs/aris-maskdino-r188/lib/python3.10/site-packages/setuptools/__init__.py", line 117, in setup
          return distutils.core.setup(**attrs)  # type: ignore[return-value]
        File "/home/shenzeyu/miniconda3/envs/aris-maskdino-r188/lib/python3.10/site-packages/setuptools/_distutils/core.py", line 186, in setup
          return run_commands(dist)
        File "/home/shenzeyu/miniconda3/envs/aris-maskdino-r188/lib/python3.10/site-packages/setuptools/_distutils/core.py", line 202, in run_commands
          dist.run_commands()
        File "/home/shenzeyu/miniconda3/envs/aris-maskdino-r188/lib/python3.10/site-packages/setuptools/_distutils/dist.py", line 1000, in run_commands
          self.run_command(cmd)
        File "/home/shenzeyu/miniconda3/envs/aris-maskdino-r188/lib/python3.10/site-packages/setuptools/dist.py", line 1107, in run_command
          super().run_command(command)
        File "/home/shenzeyu/miniconda3/envs/aris-maskdino-r188/lib/python3.10/site-packages/setuptools/_distutils/dist.py", line 1019, in run_command
          cmd_obj.run()
        File "/home/shenzeyu/miniconda3/envs/aris-maskdino-r188/lib/python3.10/site-packages/setuptools/command/editable_wheel.py", line 140, in run
          self._create_wheel_file(bdist_wheel)
        File "/home/shenzeyu/miniconda3/envs/aris-maskdino-r188/lib/python3.10/site-packages/setuptools/command/editable_wheel.py", line 350, in _create_wheel_file
          files, mapping = self._run_build_commands(dist_name, unpacked, lib, tmp)
        File "/home/shenzeyu/miniconda3/envs/aris-maskdino-r188/lib/python3.10/site-packages/setuptools/command/editable_wheel.py", line 273, in _run_build_commands
          self._run_build_subcommands()
        File "/home/shenzeyu/miniconda3/envs/aris-maskdino-r188/lib/python3.10/site-packages/setuptools/command/editable_wheel.py", line 300, in _run_build_subcommands
          self.run_command(name)
        File "/home/shenzeyu/miniconda3/envs/aris-maskdino-r188/lib/python3.10/site-packages/setuptools/_distutils/cmd.py", line 341, in run_command
          self.distribution.run_command(command)
        File "/home/shenzeyu/miniconda3/envs/aris-maskdino-r188/lib/python3.10/site-packages/setuptools/dist.py", line 1107, in run_command
          super().run_command(command)
        File "/home/shenzeyu/miniconda3/envs/aris-maskdino-r188/lib/python3.10/site-packages/setuptools/_distutils/dist.py", line 1019, in run_command
          cmd_obj.run()
        File "/home/shenzeyu/miniconda3/envs/aris-maskdino-r188/lib/python3.10/site-packages/setuptools/command/build_ext.py", line 97, in run
          _build_ext.run(self)
        File "/home/shenzeyu/miniconda3/envs/aris-maskdino-r188/lib/python3.10/site-packages/setuptools/_distutils/command/build_ext.py", line 367, in run
          self.build_extensions()
        File "/home/shenzeyu/miniconda3/envs/aris-maskdino-r188/lib/python3.10/site-packages/torch/utils/cpp_extension.py", line 520, in build_extensions
          _check_cuda_version(compiler_name, compiler_version)
        File "/home/shenzeyu/miniconda3/envs/aris-maskdino-r188/lib/python3.10/site-packages/torch/utils/cpp_extension.py", line 415, in _check_cuda_version
          raise RuntimeError(CUDA_MISMATCH_MESSAGE.format(cuda_str_version, torch.version.cuda))
      RuntimeError:
      The detected CUDA version (13.0) mismatches the version that was used to compile
      PyTorch (12.4). Please make sure to use the same CUDA versions.
      
      [end of output]
  
  note: This error originates from a subprocess, and is likely not a problem with pip.
  ERROR: Failed building editable for detectron2
  Building wheel for fvcore (pyproject.toml): started
  Building wheel for fvcore (pyproject.toml): finished with status 'done'
  Created wheel for fvcore: filename=fvcore-0.1.5.post20221221-py3-none-any.whl size=61443 sha256=100a93ec157616134e41873bfcfd9aefcb74fe1839ce2bd1890141efa0db7648
  Stored in directory: /home/shenzeyu/.cache/pip/wheels/01/c0/af/77c1cf53a1be9e42a52b48e5af2169d40ec2e89f7362489dd0
  Building wheel for antlr4-python3-runtime (pyproject.toml): started
  Building wheel for antlr4-python3-runtime (pyproject.toml): finished with status 'done'
  Created wheel for antlr4-python3-runtime: filename=antlr4_python3_runtime-4.9.3-py3-none-any.whl size=144590 sha256=119f21d91113f15fcae69cbfae9c578bd4ab78e443dccab3de37aa9909693140
  Stored in directory: /home/shenzeyu/.cache/pip/wheels/12/93/dd/1f6a127edc45659556564c5730f6d4e300888f4bca2d4c5a88
Successfully built fvcore antlr4-python3-runtime
Failed to build detectron2
error: failed-wheel-build-for-install

× Failed to build installable wheels for some pyproject.toml based projects
╰─> detectron2
