[R249] waiting for R244 process to finish...
[R249] R244 process finished; checking final files.
{
  "run_id": "R245-F0-gtfree-merge-filter-search",
  "input_csv": "outputs/analysis/r244_gtfree_merge_targeted_fullval_candidates.csv",
  "clean_test_v2_used": false,
  "writes_masks": false,
  "selection_features_are_gtfree": true,
  "gt_columns_used_only_for_audit": true,
  "gt_derived_columns": [
    "cut_gt_fg_frac",
    "cut_gt_gap_frac",
    "risk_label",
    "safe_useful_label"
  ],
  "num_input_rows": 8568,
  "num_input_images": 96,
  "num_configs_scored": 13544,
  "num_passing_configs": 0,
  "best": {
    "min_contacts": 4,
    "min_channel_frac": 0.1,
    "max_channel_frac": 0.5,
    "max_mean_dist": 1.55,
    "max_dist": 2.0,
    "min_area": 8,
    "max_area": 32,
    "max_fill": 0.5,
    "min_ring_bg": 0.45,
    "max_ring_fg": 0.6,
    "min_cut_slenderness": 2.0,
    "min_cut_mean_image": 0.55,
    "max_cut_p90_grad": 0.12,
    "max_rank": null,
    "top_k_per_image": 1,
    "num_rows": 9,
    "num_images": 9,
    "num_safe_useful": 6,
    "num_risk": 4,
    "safe_rate": 0.6666666666666666,
    "risk_rate": 0.4444444444444444,
    "mean_delta_dice": 0.00015564914606360053,
    "mean_delta_iou": 0.0002560159764604556,
    "mean_delta_recall": -5.347933751219239e-05,
    "mean_delta_boundary_iou": 0.0008474256177278083,
    "mean_delta_boundary_f1": 0.0010925634995989353,
    "mean_delta_gap_region_fp_rate": -0.0008337157105579102,
    "mean_delta_component_count_mae": 0.0,
    "mean_delta_merged_pred_components": 0.0,
    "mean_cut_gt_fg_frac": 0.1845238095238095,
    "mean_cut_gt_gap_frac": 0.7836580086580087,
    "mean_cut_area": 24.666666666666668,
    "mean_cut_mean_dist_in": 1.3929807318738419,
    "mean_cut_bg_channel_frac_after": 0.4464219598021665,
    "mean_cut_bg_channel_border_contacts_after": 4.0,
    "passes_gate": false
  },
  "decision": "no_go_filter_not_clean_enough"
}
{
  "run_id": "R246-F0-gtfree-merge-feature-failure-audit",
  "candidate_csv": "outputs/analysis/r244_gtfree_merge_targeted_fullval_candidates.csv",
  "r245_json": "outputs/analysis/r245_gtfree_merge_filter_search.fullval.top1.json",
  "clean_test_v2_used": false,
  "writes_masks": false,
  "gt_columns_used_only_for_audit": true,
  "groups": {
    "all": {
      "num_rows": 8568,
      "num_images": 96,
      "num_safe_useful": 971,
      "num_risk": 7590,
      "mean_delta_dice": -6.742375882486307e-05,
      "mean_delta_iou": -0.00011409430054142,
      "mean_delta_recall": -0.00023831672272062545,
      "mean_delta_boundary_iou": -1.1022957692595224e-05,
      "mean_delta_boundary_f1": -8.93636503575157e-06,
      "mean_delta_gap_region_fp_rate": -0.00039271087172197303,
      "mean_delta_component_count_mae": 0.13246965452847806,
      "mean_cut_gt_fg_frac": 0.6266320878493348,
      "mean_cut_gt_gap_frac": 0.32667697993526174
    },
    "safe_useful": {
      "num_rows": 971,
      "num_images": 87,
      "num_safe_useful": 971,
      "num_risk": 124,
      "mean_delta_dice": 0.00011313378316045302,
      "mean_delta_iou": 0.00018866927255884407,
      "mean_delta_recall": 0.0,
      "mean_delta_boundary_iou": 0.0005320490142750353,
      "mean_delta_boundary_f1": 0.0007273055181162737,
      "mean_delta_gap_region_fp_rate": -0.0006736858322540208,
      "mean_delta_component_count_mae": -0.16580844490216273,
      "mean_cut_gt_fg_frac": 0.0,
      "mean_cut_gt_gap_frac": 0.9805716718351711
    },
    "risk": {
      "num_rows": 7590,
      "num_images": 95,
      "num_safe_useful": 124,
      "num_risk": 7590,
      "mean_delta_dice": -9.215998669306639e-05,
      "mean_delta_iou": -0.00015559263181558374,
      "mean_delta_recall": -0.0002690247273083424,
      "mean_delta_boundary_iou": -9.201629163525686e-05,
      "mean_delta_boundary_f1": -0.00011945507723964892,
      "mean_delta_gap_region_fp_rate": -0.00034757350177722145,
      "mean_delta_component_count_mae": 0.15151515151515152,
      "mean_cut_gt_fg_frac": 0.7073759853350595,
      "mean_cut_gt_gap_frac": 0.2454244234403231
    },
    "oracle_safe_best": {
      "num_rows": 87,
      "num_images": 87,
      "num_safe_useful": 87,
      "num_risk": 0,
      "mean_delta_dice": 0.00022977518500059217,
      "mean_delta_iou": 0.00037468355248322627,
      "mean_delta_recall": 0.0,
      "mean_delta_boundary_iou": 0.0012813125479135114,
      "mean_delta_boundary_f1": 0.0016952217940826993,
      "mean_delta_gap_region_fp_rate": -0.0011254846323845795,
      "mean_delta_component_count_mae": -0.5632183908045977,
      "mean_cut_gt_fg_frac": 0.0,
      "mean_cut_gt_gap_frac": 0.9980537185031462
    },
    "r245_best_selected": {
      "num_rows": 9,
      "num_images": 9,
      "num_safe_useful": 6,
      "num_risk": 4,
      "mean_delta_dice": 0.00015564914606360053,
      "mean_delta_iou": 0.0002560159764604556,
      "mean_delta_recall": -5.347933751219239e-05,
      "mean_delta_boundary_iou": 0.0008474256177278083,
      "mean_delta_boundary_f1": 0.0010925634995989353,
      "mean_delta_gap_region_fp_rate": -0.0008337157105579102,
      "mean_delta_component_count_mae": 0.0,
      "mean_cut_gt_fg_frac": 0.1845238095238095,
      "mean_cut_gt_gap_frac": 0.7836580086580087
    }
  },
  "interpretation": "If r245_best_selected is much worse than oracle_safe_best while both share overlapping GT-free feature ranges, the next route should revise candidate generation/component preselection rather than only tightening scalar thresholds."
}
[R249] full R245/R246 audit complete.
