{'fold_counts': {0: 20, 4: 20, 3: 20, 1: 20, 2: 20}, 'stratified': True}
R258 synthetic checks: PASS
{"fold": 0, "epoch": 1, "train_loss": 15.297223726908365}
{"fold": 1, "epoch": 1, "train_loss": 14.066330273946127}
{
  "decision": "sanity_only",
  "oof_audit": {
    "num_images": 40.0,
    "num_unique_proposal_images": 40.0,
    "num_gt_centers": 1010.0,
    "num_proposals": 0.0,
    "num_matched": 0.0,
    "center_recall": 0.0,
    "center_precision": 0.0,
    "mean_normalized_localization_error": null,
    "proposal_count_mae": 25.25,
    "false_proposals_per_image": 0.0,
    "median_abs_log_basin_scale_error": null,
    "close_pair_count": 220.0,
    "close_pair_coverage": 0.0,
    "close_endpoint_median_abs_log_basin_scale_error": null,
    "contact_pair_count": 60.0,
    "contact_pair_coverage": 0.0,
    "contact_endpoint_median_abs_log_basin_scale_error": null
  },
  "gate_checks": {
    "all_images_processed_once": true,
    "center_recall_ge_085": false,
    "center_precision_ge_075": false,
    "close_coverage_ge_080": false,
    "contact_coverage_ge_075": false,
    "global_basin_scale_le_050": false,
    "close_basin_scale_le_060": false,
    "contact_basin_scale_le_060": false,
    "count_mae_le_3": false,
    "false_proposals_le_3": true
  },
  "artifact_hashes": {
    "fold_manifest_sha256": "460573a37b50f908ec5cd0413f02d333a0c6842cde12dcb79d32ca4aa911b23d",
    "proposal_csv_sha256": "9721ca8f60f3bd754f5973a0ce6507c1d4fc240c63b276ac7b4d558b54ee8bce",
    "inference_manifest_sha256": "9a099bddee9900e6b5f5e8bd5415efa6d37a2861ffb20d0cb118b3d2193b684c"
  }
}
