[R296] start 2026-07-23T19:01:04+08:00
{
  "dice": 0.8979654666302306,
  "iou": 0.8180890454616453,
  "precision": 0.9020277612994794,
  "recall": 0.8990573716668226,
  "specificity": 0.9974736315884152,
  "boundary_iou": 0.23433503950083387,
  "boundary_f1": 0.37310470042301996,
  "gap_region_fp_rate": 0.18730544838941018,
  "gap_region_precision": 0.8126945516105898,
  "component_merge_rate": 0.5104166666666666,
  "component_count_mae": 2.3333333333333335,
  "component_delta_mean": -0.3125,
  "surface_dice_2px": 0.6500555577740447,
  "surface_dice_5px": 0.9004218820490727,
  "hd95_px": 16.350588502720633,
  "assd_px": 6.165031994849731
}
[R296] training local_fusion_control 2026-07-23T19:02:48+08:00
Trainer 'nnUNetTrainerR294LocalFusion' not found in nnunetv2.training.nnUNetTrainer.
Searching in external trainer paths from environment variable 'nnUNet_extTrainer'...
Searching in: outputs/nnunet/r296_plan_aligned_local_fusion/ext_trainer
Searching for class nnUNetTrainerR294LocalFusion in folder outputs/nnunet/r296_plan_aligned_local_fusion/ext_trainer with current module None
  Inspecting module: nnUNetTrainerR293DualBranch
  Inspecting module: nnUNetTrainerR293DualBranchGap
  Inspecting module: nnUNetTrainerR294LocalFusion
Found class nnUNetTrainerR294LocalFusion in nnUNetTrainerR294LocalFusion
Using trainer 'nnUNetTrainerR294LocalFusion' from: outputs/nnunet/r296_plan_aligned_local_fusion/ext_trainer
Using device: cuda:0

#######################################################################
Please cite the following paper when using nnU-Net:
Isensee, F., Jaeger, P. F., Kohl, S. A., Petersen, J., & Maier-Hein, K. H. (2021). nnU-Net: a self-configuring method for deep learning-based biomedical image segmentation. Nature methods, 18(2), 203-211.
#######################################################################

2026-07-23 19:02:57.382559: R293 initialization {"experiment": "nnUNetTrainerR294LocalFusion", "source": "/root/autodl-tmp/YOLO_SAM_generic_src/outputs/nnunet/r275_mature_control/nnUNet_results/Dataset202_TSRS_RSNAEpiphysis2D/nnUNetTrainerR275ControlMature__nnUNetPlans__2d/fold_0/checkpoint_final.pth", "source_sha256": "658575e68f94b101fdbc4d861e094bb80882794c5a8762a16d8587d09a5278b9", "base_frozen": true, "base_strict_loaded": true, "global_path": "quarter-resolution full-patch context", "local_path": "native-resolution image/edge/high-pass interface residual", "inference_input": "X-ray only", "gt_roi_used": false, "clean_test_used": false}
2026-07-23 19:02:57.384234: do_dummy_2d_data_aug: False
2026-07-23 19:02:57.386326: Using splits from existing split file: outputs/nnunet/r293_dualbranch/data/nnUNet_preprocessed/Dataset293_TSRS_RSNAEpiphysisDualBranch2D/splits_final.json
2026-07-23 19:02:57.386495: The split file contains 1 splits.
2026-07-23 19:02:57.386528: Desired fold for training: 0
2026-07-23 19:02:57.386558: This split has 875 training and 96 validation cases.
using pin_memory on device 0
using pin_memory on device 0

This is the configuration used by this training:
Configuration name: 2d
 {'data_identifier': 'nnUNetPlans_2d', 'preprocessor_name': 'DefaultPreprocessor', 'batch_size': 2, 'patch_size': [512, 512], 'median_image_size_in_voxels': [1556.0, 1259.0], 'spacing': [1.0, 1.0], 'normalization_schemes': ['ZScoreNormalization'], 'use_mask_for_norm': [False], 'resampling_fn_data': 'resample_data_or_seg_to_shape', 'resampling_fn_seg': 'resample_data_or_seg_to_shape', 'resampling_fn_data_kwargs': {'is_seg': False, 'order': 3, 'order_z': 0, 'force_separate_z': None}, 'resampling_fn_seg_kwargs': {'is_seg': True, 'order': 1, 'order_z': 0, 'force_separate_z': None}, 'resampling_fn_probabilities': 'resample_data_or_seg_to_shape', 'resampling_fn_probabilities_kwargs': {'is_seg': False, 'order': 1, 'order_z': 0, 'force_separate_z': None}, 'architecture': {'network_class_name': 'dynamic_network_architectures.architectures.unet.PlainConvUNet', 'arch_kwargs': {'n_stages': 9, 'features_per_stage': [32, 64, 128, 256, 512, 512, 512, 512, 512], 'conv_op': 'torch.nn.modules.conv.Conv2d', 'kernel_sizes': [[3, 3], [3, 3], [3, 3], [3, 3], [3, 3], [3, 3], [3, 3], [3, 3], [3, 3]], 'strides': [[1, 1], [2, 2], [2, 2], [2, 2], [2, 2], [2, 2], [2, 2], [2, 2], [2, 2]], 'n_conv_per_stage': [2, 2, 2, 2, 2, 2, 2, 2, 2], 'n_conv_per_stage_decoder': [2, 2, 2, 2, 2, 2, 2, 2], 'conv_bias': True, 'norm_op': 'torch.nn.modules.instancenorm.InstanceNorm2d', 'norm_op_kwargs': {'eps': 1e-05, 'affine': True}, 'dropout_op': None, 'dropout_op_kwargs': None, 'nonlin': 'torch.nn.LeakyReLU', 'nonlin_kwargs': {'inplace': True}}, '_kw_requires_import': ['conv_op', 'norm_op', 'dropout_op', 'nonlin']}, 'batch_dice': True} 

These are the global plan.json settings:
 {'dataset_name': 'Dataset293_TSRS_RSNAEpiphysisDualBranch2D', 'plans_name': 'nnUNetPlans', 'original_median_spacing_after_transp': [999.0, 1.0, 1.0], 'original_median_shape_after_transp': [1, 1556, 1259], 'image_reader_writer': 'NaturalImage2DIO', 'transpose_forward': [0, 1, 2], 'transpose_backward': [0, 1, 2], 'experiment_planner_used': 'ExperimentPlanner', 'label_manager': 'LabelManager', 'foreground_intensity_properties_per_channel': {'0': {'max': 255.0, 'mean': 113.06613159179688, 'median': 113.0, 'min': 2.0, 'percentile_00_5': 22.0, 'percentile_99_5': 215.0, 'std': 47.58992385864258}}} 

2026-07-23 19:02:59.072574: Unable to plot network architecture:
2026-07-23 19:02:59.072659: No module named 'hiddenlayer'
2026-07-23 19:02:59.149226: 
2026-07-23 19:02:59.149727: Epoch 0
2026-07-23 19:02:59.150008: Current learning rate: 0.0002
2026-07-23 19:03:03.725706: train_loss -0.8414
2026-07-23 19:03:03.725903: val_loss -0.8671
2026-07-23 19:03:03.725964: Pseudo dice [0.9301]
2026-07-23 19:03:03.726030: Epoch time: 4.58 s
2026-07-23 19:03:03.726074: Yayy! New best EMA pseudo Dice: 0.9301
2026-07-23 19:03:05.978460: R293 early stop {"completed_epochs": 1, "ema_dice": 0.9300571139999962, "early_best": 0.9300571139999962, "bad_epochs": 0, "stop": false}
2026-07-23 19:03:05.980837: 
2026-07-23 19:03:05.981001: Epoch 1
2026-07-23 19:03:05.981311: Current learning rate: 0.00019
2026-07-23 19:03:09.037386: train_loss -0.8486
2026-07-23 19:03:09.037578: val_loss -0.8607
2026-07-23 19:03:09.037634: Pseudo dice [0.9239]
2026-07-23 19:03:09.037691: Epoch time: 3.06 s
2026-07-23 19:03:10.718161: R293 early stop {"completed_epochs": 2, "ema_dice": 0.9294449423591872, "early_best": 0.9300571139999962, "bad_epochs": 1, "stop": false}
2026-07-23 19:03:10.720521: 
2026-07-23 19:03:10.720701: Epoch 2
2026-07-23 19:03:10.720868: Current learning rate: 0.00019
2026-07-23 19:03:13.532578: train_loss -0.8444
2026-07-23 19:03:13.532852: val_loss -0.8524
2026-07-23 19:03:13.532910: Pseudo dice [0.9193]
2026-07-23 19:03:13.532966: Epoch time: 2.81 s
2026-07-23 19:03:15.249338: R293 early stop {"completed_epochs": 3, "ema_dice": 0.9284315225134463, "early_best": 0.9300571139999962, "bad_epochs": 2, "stop": false}
2026-07-23 19:03:15.251699: 
2026-07-23 19:03:15.251905: Epoch 3
2026-07-23 19:03:15.252016: Current learning rate: 0.00018
2026-07-23 19:03:18.270497: train_loss -0.8435
2026-07-23 19:03:18.270839: val_loss -0.8295
2026-07-23 19:03:18.270897: Pseudo dice [0.9144]
2026-07-23 19:03:18.271042: Epoch time: 3.02 s
2026-07-23 19:03:20.364195: R293 early stop {"completed_epochs": 4, "ema_dice": 0.9270251655200324, "early_best": 0.9300571139999962, "bad_epochs": 3, "stop": false}
2026-07-23 19:03:20.366604: 
2026-07-23 19:03:20.366856: Epoch 4
2026-07-23 19:03:20.366970: Current learning rate: 0.00018
2026-07-23 19:03:23.437625: train_loss -0.8471
2026-07-23 19:03:23.437815: val_loss -0.849
2026-07-23 19:03:23.437869: Pseudo dice [0.9157]
2026-07-23 19:03:23.437923: Epoch time: 3.07 s
2026-07-23 19:03:25.171693: R293 early stop {"completed_epochs": 5, "ema_dice": 0.9258971277401715, "early_best": 0.9300571139999962, "bad_epochs": 4, "stop": false}
2026-07-23 19:03:25.174096: 
2026-07-23 19:03:25.174295: Epoch 5
2026-07-23 19:03:25.174453: Current learning rate: 0.00017
2026-07-23 19:03:28.255384: train_loss -0.8383
2026-07-23 19:03:28.255601: val_loss -0.8376
2026-07-23 19:03:28.255655: Pseudo dice [0.9126]
2026-07-23 19:03:28.255711: Epoch time: 3.08 s
2026-07-23 19:03:29.927572: R293 early stop {"completed_epochs": 6, "ema_dice": 0.9245657297960712, "early_best": 0.9300571139999962, "bad_epochs": 5, "stop": false}
2026-07-23 19:03:29.929971: 
2026-07-23 19:03:29.930126: Epoch 6
2026-07-23 19:03:29.930343: Current learning rate: 0.00017
2026-07-23 19:03:33.077523: train_loss -0.8469
2026-07-23 19:03:33.077792: val_loss -0.8517
2026-07-23 19:03:33.077884: Pseudo dice [0.9178]
2026-07-23 19:03:33.077979: Epoch time: 3.15 s
2026-07-23 19:03:34.806181: R293 early stop {"completed_epochs": 7, "ema_dice": 0.9238849572655016, "early_best": 0.9300571139999962, "bad_epochs": 6, "stop": false}
2026-07-23 19:03:34.808551: 
2026-07-23 19:03:34.808823: Epoch 7
2026-07-23 19:03:34.808938: Current learning rate: 0.00016
2026-07-23 19:03:37.949199: train_loss -0.8402
2026-07-23 19:03:37.949468: val_loss -0.8666
2026-07-23 19:03:37.949527: Pseudo dice [0.9237]
2026-07-23 19:03:37.949583: Epoch time: 3.14 s
2026-07-23 19:03:39.664585: R293 early stop {"completed_epochs": 8, "ema_dice": 0.9238646421706402, "early_best": 0.9300571139999962, "bad_epochs": 7, "stop": false}
2026-07-23 19:03:39.666993: 
2026-07-23 19:03:39.667161: Epoch 8
2026-07-23 19:03:39.667341: Current learning rate: 0.00016
2026-07-23 19:03:42.694747: train_loss -0.8501
2026-07-23 19:03:42.695118: val_loss -0.8371
2026-07-23 19:03:42.695234: Pseudo dice [0.9149]
2026-07-23 19:03:42.695291: Epoch time: 3.03 s
2026-07-23 19:03:44.434619: R293 early stop {"completed_epochs": 9, "ema_dice": 0.9229675804137927, "early_best": 0.9300571139999962, "bad_epochs": 8, "stop": false}
2026-07-23 19:03:44.436992: 
2026-07-23 19:03:44.437136: Epoch 9
2026-07-23 19:03:44.437464: Current learning rate: 0.00015
2026-07-23 19:03:47.458733: train_loss -0.8402
2026-07-23 19:03:47.458966: val_loss -0.8554
2026-07-23 19:03:47.459023: Pseudo dice [0.9243]
2026-07-23 19:03:47.459079: Epoch time: 3.02 s
2026-07-23 19:03:49.117603: R293 early stop {"completed_epochs": 10, "ema_dice": 0.9231049993382657, "early_best": 0.9300571139999962, "bad_epochs": 9, "stop": false}
2026-07-23 19:03:49.119984: 
2026-07-23 19:03:49.120240: Epoch 10
2026-07-23 19:03:49.120366: Current learning rate: 0.00015
2026-07-23 19:03:52.162532: train_loss -0.8405
2026-07-23 19:03:52.162991: val_loss -0.8561
2026-07-23 19:03:52.163047: Pseudo dice [0.9238]
2026-07-23 19:03:52.163123: Epoch time: 3.04 s
2026-07-23 19:03:53.844592: R293 early stop {"completed_epochs": 11, "ema_dice": 0.9231780969594527, "early_best": 0.9300571139999962, "bad_epochs": 10, "stop": false}
2026-07-23 19:03:53.846987: 
2026-07-23 19:03:53.847270: Epoch 11
2026-07-23 19:03:53.847403: Current learning rate: 0.00014
2026-07-23 19:03:56.880559: train_loss -0.8431
2026-07-23 19:03:56.880764: val_loss -0.8317
2026-07-23 19:03:56.880816: Pseudo dice [0.9071]
2026-07-23 19:03:56.880872: Epoch time: 3.04 s
2026-07-23 19:03:58.972451: R293 early stop {"completed_epochs": 12, "ema_dice": 0.9215686210173467, "early_best": 0.9300571139999962, "bad_epochs": 11, "stop": true}
2026-07-23 19:03:59.873827: Training done.
2026-07-23 19:03:59.885404: Using splits from existing split file: outputs/nnunet/r293_dualbranch/data/nnUNet_preprocessed/Dataset293_TSRS_RSNAEpiphysisDualBranch2D/splits_final.json
2026-07-23 19:03:59.885596: The split file contains 1 splits.
2026-07-23 19:03:59.885631: Desired fold for training: 0
2026-07-23 19:03:59.885662: This split has 875 training and 96 validation cases.
2026-07-23 19:03:59.886549: predicting val_10375
2026-07-23 19:03:59.893310: val_10375, shape torch.Size([1, 1, 1136, 959]), rank 0
2026-07-23 19:04:01.138952: predicting val_10520
2026-07-23 19:04:01.152212: val_10520, shape torch.Size([1, 1, 1515, 1067]), rank 0
2026-07-23 19:04:01.820496: predicting val_10618
2026-07-23 19:04:01.833413: val_10618, shape torch.Size([1, 1, 1533, 1608]), rank 0
2026-07-23 19:04:03.143824: predicting val_10624
2026-07-23 19:04:03.152952: val_10624, shape torch.Size([1, 1, 1257, 1224]), rank 0
2026-07-23 19:04:03.695554: predicting val_11852
2026-07-23 19:04:03.703598: val_11852, shape torch.Size([1, 1, 1419, 1075]), rank 0
2026-07-23 19:04:04.410678: predicting val_11945
2026-07-23 19:04:04.420084: val_11945, shape torch.Size([1, 1, 1436, 1111]), rank 0
2026-07-23 19:04:05.085098: predicting val_12498
2026-07-23 19:04:05.092210: val_12498, shape torch.Size([1, 1, 1536, 1257]), rank 0
2026-07-23 19:04:05.746644: predicting val_12627
2026-07-23 19:04:05.752512: val_12627, shape torch.Size([1, 1, 1216, 1006]), rank 0
2026-07-23 19:04:06.160107: predicting val_12827
2026-07-23 19:04:06.169080: val_12827, shape torch.Size([1, 1, 2000, 1398]), rank 0
2026-07-23 19:04:07.289942: predicting val_13220
2026-07-23 19:04:07.296732: val_13220, shape torch.Size([1, 1, 1328, 1286]), rank 0
2026-07-23 19:04:08.095250: predicting val_13436
2026-07-23 19:04:08.102650: val_13436, shape torch.Size([1, 1, 1508, 1470]), rank 0
2026-07-23 19:04:08.901744: predicting val_13441
2026-07-23 19:04:08.908114: val_13441, shape torch.Size([1, 1, 1078, 912]), rank 0
2026-07-23 19:04:09.305694: predicting val_13454
2026-07-23 19:04:09.311132: val_13454, shape torch.Size([1, 1, 1258, 943]), rank 0
2026-07-23 19:04:09.704675: predicting val_13480
2026-07-23 19:04:09.711005: val_13480, shape torch.Size([1, 1, 1412, 1148]), rank 0
2026-07-23 19:04:10.355395: predicting val_13517
2026-07-23 19:04:10.360829: val_13517, shape torch.Size([1, 1, 1518, 1220]), rank 0
2026-07-23 19:04:11.000235: predicting val_13840
2026-07-23 19:04:11.006659: val_13840, shape torch.Size([1, 1, 1519, 1082]), rank 0
2026-07-23 19:04:11.647337: predicting val_13867
2026-07-23 19:04:11.654902: val_13867, shape torch.Size([1, 1, 1547, 1248]), rank 0
2026-07-23 19:04:12.432939: predicting val_1399
2026-07-23 19:04:12.445569: val_1399, shape torch.Size([1, 1, 2044, 1514]), rank 0
2026-07-23 19:04:13.554929: predicting val_14041
2026-07-23 19:04:13.565992: val_14041, shape torch.Size([1, 1, 1852, 1472]), rank 0
2026-07-23 19:04:14.682633: predicting val_1418
2026-07-23 19:04:14.691654: val_1418, shape torch.Size([1, 1, 1514, 2044]), rank 0
2026-07-23 19:04:15.807417: predicting val_1452
2026-07-23 19:04:15.822334: val_1452, shape torch.Size([1, 1, 2044, 1514]), rank 0
2026-07-23 19:04:16.936417: predicting val_15040
2026-07-23 19:04:16.946243: val_15040, shape torch.Size([1, 1, 2087, 1208]), rank 0
2026-07-23 19:04:17.966887: predicting val_15067
2026-07-23 19:04:17.975723: val_15067, shape torch.Size([1, 1, 1874, 1384]), rank 0
2026-07-23 19:04:19.101148: predicting val_1518
2026-07-23 19:04:19.110553: val_1518, shape torch.Size([1, 1, 2044, 1514]), rank 0
2026-07-23 19:04:20.236530: predicting val_1522
2026-07-23 19:04:20.244708: val_1522, shape torch.Size([1, 1, 1514, 2044]), rank 0
2026-07-23 19:04:21.359237: predicting val_15274
2026-07-23 19:04:21.366253: val_15274, shape torch.Size([1, 1, 1678, 1258]), rank 0
2026-07-23 19:04:22.138552: predicting val_15369
2026-07-23 19:04:22.153945: val_15369, shape torch.Size([1, 1, 1615, 1656]), rank 0
2026-07-23 19:04:23.298659: predicting val_15446
2026-07-23 19:04:23.305268: val_15446, shape torch.Size([1, 1, 1752, 1000]), rank 0
2026-07-23 19:04:23.896049: predicting val_1560
2026-07-23 19:04:23.917997: val_1560, shape torch.Size([1, 1, 2570, 2040]), rank 0
2026-07-23 19:04:26.141716: predicting val_1572
2026-07-23 19:04:26.170166: val_1572, shape torch.Size([1, 1, 2570, 2040]), rank 0
2026-07-23 19:04:28.379608: predicting val_1585
2026-07-23 19:04:28.402986: val_1585, shape torch.Size([1, 1, 2570, 2040]), rank 0
2026-07-23 19:04:30.618474: predicting val_1590
2026-07-23 19:04:30.627266: val_1590, shape torch.Size([1, 1, 1824, 992]), rank 0
2026-07-23 19:04:31.317441: predicting val_1620
2026-07-23 19:04:31.328825: val_1620, shape torch.Size([1, 1, 2044, 1514]), rank 0
2026-07-23 19:04:32.442942: predicting val_1660
2026-07-23 19:04:32.456596: val_1660, shape torch.Size([1, 1, 2570, 2040]), rank 0
2026-07-23 19:04:34.670606: predicting val_1666
2026-07-23 19:04:34.686334: val_1666, shape torch.Size([1, 1, 2570, 2040]), rank 0
2026-07-23 19:04:36.900629: predicting val_1674
2026-07-23 19:04:36.918124: val_1674, shape torch.Size([1, 1, 2570, 2040]), rank 0
2026-07-23 19:04:39.142555: predicting val_1678
2026-07-23 19:04:39.156808: val_1678, shape torch.Size([1, 1, 2570, 2040]), rank 0
2026-07-23 19:04:41.388950: predicting val_1694
2026-07-23 19:04:41.404771: val_1694, shape torch.Size([1, 1, 2570, 2040]), rank 0
2026-07-23 19:04:43.621480: predicting val_1736
2026-07-23 19:04:43.632515: val_1736, shape torch.Size([1, 1, 2044, 1514]), rank 0
2026-07-23 19:04:44.754693: predicting val_1742
2026-07-23 19:04:44.769745: val_1742, shape torch.Size([1, 1, 2570, 2040]), rank 0
2026-07-23 19:04:46.990590: predicting val_1807
2026-07-23 19:04:46.999155: val_1807, shape torch.Size([1, 1, 2044, 1514]), rank 0
2026-07-23 19:04:48.134464: predicting val_1812
2026-07-23 19:04:48.147926: val_1812, shape torch.Size([1, 1, 2570, 2040]), rank 0
2026-07-23 19:04:50.368255: predicting val_1827
2026-07-23 19:04:50.381661: val_1827, shape torch.Size([1, 1, 2570, 2040]), rank 0
2026-07-23 19:04:52.596838: predicting val_1828
2026-07-23 19:04:52.611437: val_1828, shape torch.Size([1, 1, 2570, 2040]), rank 0
2026-07-23 19:04:54.860205: predicting val_1846
2026-07-23 19:04:54.876264: val_1846, shape torch.Size([1, 1, 2570, 2040]), rank 0
2026-07-23 19:04:57.097720: predicting val_1855
2026-07-23 19:04:57.113503: val_1855, shape torch.Size([1, 1, 2570, 2040]), rank 0
2026-07-23 19:04:59.325757: predicting val_1880
2026-07-23 19:04:59.334037: val_1880, shape torch.Size([1, 1, 2044, 1514]), rank 0
2026-07-23 19:05:00.451190: predicting val_1884
2026-07-23 19:05:00.458591: val_1884, shape torch.Size([1, 1, 2044, 1514]), rank 0
2026-07-23 19:05:01.644668: predicting val_1886
2026-07-23 19:05:01.666685: val_1886, shape torch.Size([1, 1, 2570, 2040]), rank 0
2026-07-23 19:05:03.992303: predicting val_1901
2026-07-23 19:05:04.000899: val_1901, shape torch.Size([1, 1, 2044, 1514]), rank 0
2026-07-23 19:05:05.116523: predicting val_1931
2026-07-23 19:05:05.133057: val_1931, shape torch.Size([1, 1, 2570, 2040]), rank 0
2026-07-23 19:05:07.403527: predicting val_1934
2026-07-23 19:05:07.419147: val_1934, shape torch.Size([1, 1, 2570, 2040]), rank 0
2026-07-23 19:05:09.671890: predicting val_2024
2026-07-23 19:05:09.675563: val_2024, shape torch.Size([1, 1, 1167, 819]), rank 0
2026-07-23 19:05:10.078952: predicting val_2044
2026-07-23 19:05:10.084147: val_2044, shape torch.Size([1, 1, 1462, 1203]), rank 0
2026-07-23 19:05:10.731387: predicting val_2246
2026-07-23 19:05:10.737053: val_2246, shape torch.Size([1, 1, 1526, 1324]), rank 0
2026-07-23 19:05:11.535429: predicting val_2248
2026-07-23 19:05:11.539778: val_2248, shape torch.Size([1, 1, 1348, 949]), rank 0
2026-07-23 19:05:12.030073: predicting val_2709
2026-07-23 19:05:12.032945: val_2709, shape torch.Size([1, 1, 827, 608]), rank 0
2026-07-23 19:05:12.245013: predicting val_2853
2026-07-23 19:05:12.257569: val_2853, shape torch.Size([1, 1, 1136, 935]), rank 0
2026-07-23 19:05:12.655732: predicting val_3058
2026-07-23 19:05:12.661735: val_3058, shape torch.Size([1, 1, 1416, 995]), rank 0
2026-07-23 19:05:13.152731: predicting val_3249
2026-07-23 19:05:13.197615: val_3249, shape torch.Size([1, 1, 2920, 2320]), rank 0
2026-07-23 19:05:16.318335: predicting val_3269
2026-07-23 19:05:16.324733: val_3269, shape torch.Size([1, 1, 1190, 994]), rank 0
2026-07-23 19:05:16.731609: predicting val_3352
2026-07-23 19:05:16.734867: val_3352, shape torch.Size([1, 1, 966, 742]), rank 0
2026-07-23 19:05:16.944981: predicting val_3353
2026-07-23 19:05:16.949409: val_3353, shape torch.Size([1, 1, 1195, 923]), rank 0
2026-07-23 19:05:17.348830: predicting val_3354
2026-07-23 19:05:17.353973: val_3354, shape torch.Size([1, 1, 1246, 1253]), rank 0
2026-07-23 19:05:17.878486: predicting val_3366
2026-07-23 19:05:17.881868: val_3366, shape torch.Size([1, 1, 961, 837]), rank 0
2026-07-23 19:05:18.209365: predicting val_3392
2026-07-23 19:05:18.214167: val_3392, shape torch.Size([1, 1, 1439, 878]), rank 0
2026-07-23 19:05:18.712400: predicting val_3460
2026-07-23 19:05:18.731213: val_3460, shape torch.Size([1, 1, 2570, 2040]), rank 0
2026-07-23 19:05:20.955197: predicting val_3468
2026-07-23 19:05:20.959842: val_3468, shape torch.Size([1, 1, 976, 904]), rank 0
2026-07-23 19:05:21.279629: predicting val_3493
2026-07-23 19:05:21.307254: val_3493, shape torch.Size([1, 1, 2570, 2040]), rank 0
2026-07-23 19:05:23.534728: predicting val_3567
2026-07-23 19:05:23.538225: val_3567, shape torch.Size([1, 1, 984, 800]), rank 0
2026-07-23 19:05:23.846331: predicting val_3595
2026-07-23 19:05:23.849566: val_3595, shape torch.Size([1, 1, 832, 816]), rank 0
2026-07-23 19:05:24.153017: predicting val_3596
2026-07-23 19:05:24.167315: val_3596, shape torch.Size([1, 1, 2614, 2164]), rank 0
2026-07-23 19:05:26.705654: predicting val_3602
2026-07-23 19:05:26.709612: val_3602, shape torch.Size([1, 1, 1048, 808]), rank 0
2026-07-23 19:05:27.130942: predicting val_3678
2026-07-23 19:05:27.135181: val_3678, shape torch.Size([1, 1, 1224, 968]), rank 0
2026-07-23 19:05:27.552531: predicting val_3700
2026-07-23 19:05:27.556738: val_3700, shape torch.Size([1, 1, 1376, 624]), rank 0
2026-07-23 19:05:27.905794: predicting val_3725
2026-07-23 19:05:27.909618: val_3725, shape torch.Size([1, 1, 1229, 781]), rank 0
2026-07-23 19:05:28.307059: predicting val_3732
2026-07-23 19:05:28.310023: val_3732, shape torch.Size([1, 1, 736, 608]), rank 0
2026-07-23 19:05:28.456009: predicting val_3777
2026-07-23 19:05:28.462483: val_3777, shape torch.Size([1, 1, 1568, 992]), rank 0
2026-07-23 19:05:29.045952: predicting val_3840
2026-07-23 19:05:29.049873: val_3840, shape torch.Size([1, 1, 1249, 889]), rank 0
2026-07-23 19:05:29.447623: predicting val_4047
2026-07-23 19:05:29.472450: val_4047, shape torch.Size([1, 1, 2460, 1950]), rank 0
2026-07-23 19:05:31.486266: predicting val_4193
2026-07-23 19:05:31.529666: val_4193, shape torch.Size([1, 1, 2920, 2320]), rank 0
2026-07-23 19:05:34.681954: predicting val_5355
2026-07-23 19:05:34.690731: val_5355, shape torch.Size([1, 1, 1650, 1380]), rank 0
2026-07-23 19:05:35.663265: predicting val_5825
2026-07-23 19:05:35.678699: val_5825, shape torch.Size([1, 1, 1193, 991]), rank 0
2026-07-23 19:05:36.081846: predicting val_5882
2026-07-23 19:05:36.087834: val_5882, shape torch.Size([1, 1, 1254, 776]), rank 0
2026-07-23 19:05:36.486614: predicting val_6503
2026-07-23 19:05:36.492704: val_6503, shape torch.Size([1, 1, 1177, 1172]), rank 0
2026-07-23 19:05:37.019875: predicting val_6605
2026-07-23 19:05:37.028391: val_6605, shape torch.Size([1, 1, 1762, 1328]), rank 0
2026-07-23 19:05:37.999184: predicting val_6606
2026-07-23 19:05:38.007831: val_6606, shape torch.Size([1, 1, 1580, 1312]), rank 0
2026-07-23 19:05:38.969787: predicting val_6698
2026-07-23 19:05:38.975886: val_6698, shape torch.Size([1, 1, 1517, 1122]), rank 0
2026-07-23 19:05:39.624626: predicting val_6918
2026-07-23 19:05:39.632307: val_6918, shape torch.Size([1, 1, 1636, 1272]), rank 0
2026-07-23 19:05:40.413446: predicting val_6947
2026-07-23 19:05:40.422757: val_6947, shape torch.Size([1, 1, 1376, 1108]), rank 0
2026-07-23 19:05:41.073849: predicting val_7253
2026-07-23 19:05:41.080746: val_7253, shape torch.Size([1, 1, 1386, 1249]), rank 0
2026-07-23 19:05:41.728910: predicting val_7259
2026-07-23 19:05:41.737297: val_7259, shape torch.Size([1, 1, 1695, 1555]), rank 0
2026-07-23 19:05:42.890412: predicting val_7269
2026-07-23 19:05:42.897665: val_7269, shape torch.Size([1, 1, 1366, 1137]), rank 0
2026-07-23 19:05:43.555719: predicting val_7312
2026-07-23 19:05:43.560804: val_7312, shape torch.Size([1, 1, 1188, 1104]), rank 0
2026-07-23 19:05:44.091867: predicting val_7654
2026-07-23 19:05:44.101763: val_7654, shape torch.Size([1, 1, 1288, 1096]), rank 0
2026-07-23 19:05:44.748850: predicting val_8253
2026-07-23 19:05:44.755956: val_8253, shape torch.Size([1, 1, 1437, 1263]), rank 0
2026-07-23 19:05:50.778181: Validation complete
2026-07-23 19:05:50.778277: Mean Validation Dice:  0.8979821037432081
