[R308] start 2026-07-24T19:42:45.5031672+08:00
0, NVIDIA GeForce RTX 3060 Laptop GPU, 685 MiB, 6144 MiB
{
  "experiment": "R308",
  "dataset": "TSRS_RSNA-Epiphysis",
  "selection_source": "configs\\r308_tsrs_clean_panel_selection.json",
  "train_kept": 814,
  "val_kept": 94,
  "train_excluded": 61,
  "val_excluded": 2,
  "panel_jpegs_used_as_model_input": false,
  "working_label_pixel_edits_detected": 0,
  "source_unchanged": true,
  "clean_test_used": false,
  "source_plan": "G:\\gutou\\YOLO+SAM\\outputs\\artifact_bundles\\r260_recovered_from_49284_20260724\\outputs\\nnunet\\r260_mature_prior\\data\\nnUNet_preprocessed\\Dataset204_TSRS_RSNAEpiphysisMaturePrior2D\\nnUNetPlans.json",
  "training_batch_size": 1
}
Dataset309_TSRSR260CleanPanels2D
Using <class 'nnunetv2.imageio.natural_image_reader_writer.NaturalImage2DIO'> reader/writer

####################
verify_dataset_integrity Done. 
If you didn't see any error messages then your dataset is most likely OK!
####################

Using <class 'nnunetv2.imageio.natural_image_reader_writer.NaturalImage2DIO'> reader/writer
Preprocessing dataset Dataset309_TSRSR260CleanPanels2D
Configuration: 2d...
{'data_identifier': 'nnUNetPlans_2d', 'preprocessor_name': 'DefaultPreprocessor', 'batch_size': 1, 'patch_size': [1536, 1024], 'median_image_size_in_voxels': [1556.0, 1259.0], 'spacing': [1.0, 1.0], 'normalization_schemes': ['ZScoreNormalization', 'ZScoreNormalization'], 'use_mask_for_norm': [False, False], 'resampling_fn_data': 'resample_data_or_seg_to_shape', 'resampling_fn_seg': 'resample_data_or_seg_to_shape', 'resampling_fn_data_kwargs': {'is_seg': False, 'order': 3, 'order_z': 0, 'force_separate_z': None}, 'resampling_fn_seg_kwargs': {'is_seg': True, 'order': 1, 'order_z': 0, 'force_separate_z': None}, 'resampling_fn_probabilities': 'resample_data_or_seg_to_shape', 'resampling_fn_probabilities_kwargs': {'is_seg': False, 'order': 1, 'order_z': 0, 'force_separate_z': None}, 'architecture': {'network_class_name': 'dynamic_network_architectures.architectures.unet.PlainConvUNet', 'arch_kwargs': {'n_stages': 9, 'features_per_stage': [32, 64, 128, 256, 512, 512, 512, 512, 512], 'conv_op': 'torch.nn.modules.conv.Conv2d', 'kernel_sizes': [[3, 3], [3, 3], [3, 3], [3, 3], [3, 3], [3, 3], [3, 3], [3, 3], [3, 3]], 'strides': [[1, 1], [2, 2], [2, 2], [2, 2], [2, 2], [2, 2], [2, 2], [2, 2], [2, 2]], 'n_conv_per_stage': [2, 2, 2, 2, 2, 2, 2, 2, 2], 'n_conv_per_stage_decoder': [2, 2, 2, 2, 2, 2, 2, 2], 'conv_bias': True, 'norm_op': 'torch.nn.modules.instancenorm.InstanceNorm2d', 'norm_op_kwargs': {'eps': 1e-05, 'affine': True}, 'dropout_op': None, 'dropout_op_kwargs': None, 'nonlin': 'torch.nn.LeakyReLU', 'nonlin_kwargs': {'inplace': True}}, '_kw_requires_import': ['conv_op', 'norm_op', 'dropout_op', 'nonlin']}, 'batch_dice': True}

############################
INFO: You are using the old nnU-Net default plans. We have updated our recommendations. Please consider using those instead! Read more here: https://github.com/MIC-DKFZ/nnUNet/blob/master/documentation/resenc_presets.md
############################

Using device: cuda:0

#######################################################################
Please cite the following paper when using nnU-Net:
Isensee, F., Jaeger, P. F., Kohl, S. A., Petersen, J., & Maier-Hein, K. H. (2021). nnU-Net: a self-configuring method for deep learning-based biomedical image segmentation. Nature methods, 18(2), 203-211.
#######################################################################

2026-07-24 19:48:05.064905: R306 initialization {"checkpoint": "G:\\gutou\\YOLO+SAM\\outputs\\artifact_bundles\\r260_recovered_from_49284_20260724\\outputs\\nnunet\\r260_mature_prior\\nnUNet_results\\Dataset204_TSRS_RSNAEpiphysisMaturePrior2D\\nnUNetTrainerR260MaturePrior__nnUNetPlans__2d\\fold_0\\checkpoint_best.pth", "sha256": "7d1d8d2916115c2e29696b2a76881da2a7a78f3db91a5f6a9491297369052a6e", "strict_all_network_keys_loaded": true, "prior_channel_nonzero": 288, "expanded_single_channel_aliases": 0, "binary_output_channels": 2, "prior_alpha": 0.05, "instance_alpha": 0.0, "instance_aux": false, "seed": 260}
2026-07-24 19:48:05.076288: do_dummy_2d_data_aug: False
2026-07-24 19:48:05.077509: Using splits from existing split file: G:\gutou\YOLO+SAM\outputs\nnunet\r308_clean_panels_r260\data\nnUNet_preprocessed\Dataset309_TSRSR260CleanPanels2D\splits_final.json
2026-07-24 19:48:05.077509: The split file contains 1 splits.
2026-07-24 19:48:05.077509: Desired fold for training: 0
2026-07-24 19:48:05.077509: This split has 814 training and 94 validation cases.
using pin_memory on device 0
using pin_memory on device 0
