{"files": "100/1264", "downloaded_mb": 6.8, "verified_existing_mb": 1.3, "elapsed_s": 33.7}
{"files": "200/1264", "downloaded_mb": 460.0, "verified_existing_mb": 1.3, "elapsed_s": 281.3}
{"files": "300/1264", "downloaded_mb": 1019.0, "verified_existing_mb": 7.3, "elapsed_s": 588.2}
{"files": "400/1264", "downloaded_mb": 1020.4, "verified_existing_mb": 7.3, "elapsed_s": 616.9}
{"files": "500/1264", "downloaded_mb": 1022.3, "verified_existing_mb": 7.3, "elapsed_s": 647.2}
{"files": "600/1264", "downloaded_mb": 1024.1, "verified_existing_mb": 7.3, "elapsed_s": 680.2}
{"files": "700/1264", "downloaded_mb": 1026.0, "verified_existing_mb": 7.3, "elapsed_s": 719.9}
{"files": "800/1264", "downloaded_mb": 1028.5, "verified_existing_mb": 7.3, "elapsed_s": 756.1}
{"files": "900/1264", "downloaded_mb": 1030.0, "verified_existing_mb": 7.3, "elapsed_s": 788.0}
{"files": "1000/1264", "downloaded_mb": 1031.4, "verified_existing_mb": 7.3, "elapsed_s": 826.4}
{"files": "1100/1264", "downloaded_mb": 1032.9, "verified_existing_mb": 7.3, "elapsed_s": 862.5}
{"files": "1200/1264", "downloaded_mb": 1034.6, "verified_existing_mb": 7.3, "elapsed_s": 895.1}
{"files": "1264/1264", "downloaded_mb": 1037.1, "verified_existing_mb": 7.3, "elapsed_s": 919.4}
{
  "complete": true,
  "files": 1264,
  "total_gib": 1.02,
  "downloaded_gib": 1.013,
  "manifest": "G:\\gutou\\YOLO+SAM\\outputs\\remote_sync\\westd_27945_20260731\\NECESSARY_REPRO_PACK.json"
}
