clean download: https://storage.googleapis.com/vit_models/imagenet21k/R50%2BViT-B_16.npz -> checkpoints\R50_ViT-B_16.npz.clean.download.part
downloaded 4194304/461217452
downloaded 8388608/461217452
downloaded 12582912/461217452
downloaded 16777216/461217452
downloaded 20971520/461217452
downloaded 25165824/461217452
downloaded 29360128/461217452
downloaded 33554432/461217452
downloaded 37748736/461217452
downloaded 41943040/461217452
downloaded 46137344/461217452
downloaded 50331648/461217452
downloaded 54525952/461217452
downloaded 58720256/461217452
downloaded 62914560/461217452
downloaded 67108864/461217452
downloaded 71303168/461217452
downloaded 75497472/461217452
downloaded 79691776/461217452
downloaded 83886080/461217452
downloaded 88080384/461217452
downloaded 92274688/461217452
downloaded 96468992/461217452
downloaded 100663296/461217452
downloaded 104857600/461217452
downloaded 109051904/461217452
downloaded 113246208/461217452
downloaded 117440512/461217452
downloaded 121634816/461217452
downloaded 125829120/461217452
downloaded 130023424/461217452
downloaded 134217728/461217452
downloaded 138412032/461217452
downloaded 142606336/461217452
downloaded 146800640/461217452
downloaded 150994944/461217452
downloaded 155189248/461217452
downloaded 159383552/461217452
downloaded 163577856/461217452
downloaded 167772160/461217452
downloaded 171966464/461217452
downloaded 176160768/461217452
downloaded 180355072/461217452
downloaded 184549376/461217452
downloaded 188743680/461217452
downloaded 192937984/461217452
downloaded 197132288/461217452
downloaded 201326592/461217452
downloaded 205520896/461217452
downloaded 209715200/461217452
downloaded 213909504/461217452
downloaded 218103808/461217452
downloaded 222298112/461217452
downloaded 226492416/461217452
downloaded 230686720/461217452
downloaded 234881024/461217452
downloaded 239075328/461217452
downloaded 243269632/461217452
downloaded 247463936/461217452
downloaded 251658240/461217452
downloaded 255852544/461217452
downloaded 260046848/461217452
downloaded 264241152/461217452
downloaded 268435456/461217452
downloaded 272629760/461217452
downloaded 276824064/461217452
downloaded 281018368/461217452
downloaded 285212672/461217452
downloaded 289406976/461217452
downloaded 293601280/461217452
downloaded 297795584/461217452
downloaded 301989888/461217452
downloaded 306184192/461217452
downloaded 310378496/461217452
downloaded 314572800/461217452
downloaded 318767104/461217452
downloaded 322961408/461217452
downloaded 327155712/461217452
downloaded 331350016/461217452
downloaded 335544320/461217452
downloaded 339738624/461217452
downloaded 343932928/461217452
downloaded 348127232/461217452
downloaded 352321536/461217452
downloaded 356515840/461217452
downloaded 360710144/461217452
downloaded 364904448/461217452
downloaded 369098752/461217452
downloaded 373293056/461217452
downloaded 377487360/461217452
downloaded 381681664/461217452
downloaded 385875968/461217452
downloaded 390070272/461217452
downloaded 394264576/461217452
downloaded 398458880/461217452
downloaded 402653184/461217452
downloaded 406847488/461217452
downloaded 411041792/461217452
downloaded 415236096/461217452
downloaded 419430400/461217452
downloaded 423624704/461217452
downloaded 427819008/461217452
downloaded 432013312/461217452
downloaded 436207616/461217452
downloaded 440401920/461217452
downloaded 444596224/461217452
downloaded 448790528/461217452
downloaded 452984832/461217452
downloaded 457179136/461217452
downloaded 461217452/461217452
local validation passed: {"arrays": 358, "entries": 358, "sha256": "ff009bf39bb4f9198b834cfe46aba2bfdaf730e933ab3e3c4b1edf4226eaafbe", "size": 461217452}
uploading clean file -> /root/autodl-tmp/external/checkpoints/R50_ViT-B_16.npz.clean.upload.part
uploaded 4194304/461217452
uploaded 8388608/461217452
uploaded 12582912/461217452
uploaded 16777216/461217452
uploaded 20971520/461217452
uploaded 25165824/461217452
uploaded 29360128/461217452
uploaded 33554432/461217452
uploaded 37748736/461217452
uploaded 41943040/461217452
uploaded 46137344/461217452
uploaded 50331648/461217452
uploaded 54525952/461217452
uploaded 58720256/461217452
uploaded 62914560/461217452
uploaded 67108864/461217452
uploaded 71303168/461217452
uploaded 75497472/461217452
uploaded 79691776/461217452
uploaded 83886080/461217452
uploaded 88080384/461217452
uploaded 92274688/461217452
uploaded 96468992/461217452
uploaded 100663296/461217452
uploaded 104857600/461217452
uploaded 109051904/461217452
uploaded 113246208/461217452
uploaded 117440512/461217452
uploaded 121634816/461217452
uploaded 125829120/461217452
uploaded 130023424/461217452
uploaded 134217728/461217452
uploaded 138412032/461217452
uploaded 142606336/461217452
uploaded 146800640/461217452
uploaded 150994944/461217452
uploaded 155189248/461217452
uploaded 159383552/461217452
uploaded 163577856/461217452
uploaded 167772160/461217452
uploaded 171966464/461217452
uploaded 176160768/461217452
uploaded 180355072/461217452
uploaded 184549376/461217452
uploaded 188743680/461217452
uploaded 192937984/461217452
uploaded 197132288/461217452
uploaded 201326592/461217452
uploaded 205520896/461217452
uploaded 209715200/461217452
uploaded 213909504/461217452
uploaded 218103808/461217452
uploaded 222298112/461217452
uploaded 226492416/461217452
uploaded 230686720/461217452
uploaded 234881024/461217452
uploaded 239075328/461217452
uploaded 243269632/461217452
uploaded 247463936/461217452
uploaded 251658240/461217452
uploaded 255852544/461217452
uploaded 260046848/461217452
uploaded 264241152/461217452
uploaded 268435456/461217452
uploaded 272629760/461217452
uploaded 276824064/461217452
uploaded 281018368/461217452
uploaded 285212672/461217452
uploaded 289406976/461217452
uploaded 293601280/461217452
uploaded 297795584/461217452
uploaded 301989888/461217452
uploaded 306184192/461217452
uploaded 310378496/461217452
uploaded 314572800/461217452
uploaded 318767104/461217452
uploaded 322961408/461217452
uploaded 327155712/461217452
uploaded 331350016/461217452
uploaded 335544320/461217452
uploaded 339738624/461217452
uploaded 343932928/461217452
uploaded 348127232/461217452
uploaded 352321536/461217452
uploaded 356515840/461217452
uploaded 360710144/461217452
uploaded 364904448/461217452
uploaded 369098752/461217452
uploaded 373293056/461217452
uploaded 377487360/461217452
uploaded 381681664/461217452
uploaded 385875968/461217452
uploaded 390070272/461217452
uploaded 394264576/461217452
uploaded 398458880/461217452
uploaded 402653184/461217452
uploaded 406847488/461217452
uploaded 411041792/461217452
uploaded 415236096/461217452
uploaded 419430400/461217452
uploaded 423624704/461217452
uploaded 427819008/461217452
uploaded 432013312/461217452
uploaded 436207616/461217452
uploaded 440401920/461217452
uploaded 444596224/461217452
uploaded 448790528/461217452
uploaded 452984832/461217452
uploaded 457179136/461217452
uploaded 461217452/461217452
remote validation passed: {"size": 461217452, "entries": 358, "arrays": 358, "sha256": "ff009bf39bb4f9198b834cfe46aba2bfdaf730e933ab3e3c4b1edf4226eaafbe", "final": "/root/autodl-tmp/external/checkpoints/R50_ViT-B_16.npz"}
There is a screen on:
	6993.r320_multibackbone_queue	(07/30/26 13:10:36)	(Detached)
1 Socket in /run/screen/S-root.

repair complete: outputs\analysis\r320_transunet_weight_repair.json
