{"arm": "plain", "epoch": 1, "seconds": 39.22319030761719, "loss": 0.026284243482000688, "native_loss": 0.026284243482000688, "prior_loss": 0.0, "macro_dice": 0.9779265522956848, "macro_iou": 0.9570280909538269, "union_nsd_2px": 0.9797080977480654, "union_assd_px": 0.4970301713045438, "union_hd95_px": 1.164996758128264, "prior_region_fp_rate": 0.019773080672453834, "class_dice": [0.9767893552780151, 0.9900102615356445, 0.9907118082046509, 0.9735791683197021, 0.968853771686554, 0.9776025414466858, 0.9797350764274597, 0.9632907509803772, 0.9498146772384644, 0.9885106086730957, 0.9846959114074707, 0.9780687093734741, 0.9828752279281616, 0.9864331483840942]}
{"arm": "plain", "epoch": 2, "seconds": 40.22037124633789, "loss": 0.026111039203755997, "native_loss": 0.026111039203755997, "prior_loss": 0.0, "macro_dice": 0.9776425361633301, "macro_iou": 0.95649254322052, "union_nsd_2px": 0.9795734705290172, "union_assd_px": 0.5043097408276007, "union_hd95_px": 1.1974035404108698, "prior_region_fp_rate": 0.01725428199909824, "class_dice": [0.9769588708877563, 0.9902324080467224, 0.9905779361724854, 0.9735777378082275, 0.9690828919410706, 0.9764949679374695, 0.9789283275604248, 0.9605630040168762, 0.9500988125801086, 0.9882743954658508, 0.9847708940505981, 0.9781093597412109, 0.9830893874168396, 0.9862351417541504]}
{"arm": "plain", "epoch": 3, "seconds": 37.89685344696045, "loss": 0.02591189856914913, "native_loss": 0.02591189856914913, "prior_loss": 0.0, "macro_dice": 0.9774377942085266, "macro_iou": 0.9561209678649902, "union_nsd_2px": 0.9799505216660284, "union_assd_px": 0.5069572744734716, "union_hd95_px": 1.185492606858309, "prior_region_fp_rate": 0.02383277919259358, "class_dice": [0.9769551157951355, 0.9905229806900024, 0.9906710982322693, 0.9739605784416199, 0.9671990871429443, 0.9772508144378662, 0.9796628952026367, 0.9605265259742737, 0.9479923248291016, 0.9881744980812073, 0.9845406413078308, 0.9778463840484619, 0.982591450214386, 0.9862346053123474]}
{"arm": "plain", "epoch": 4, "seconds": 40.07039141654968, "loss": 0.025798166692256926, "native_loss": 0.025798166692256926, "prior_loss": 0.0, "macro_dice": 0.9779651165008545, "macro_iou": 0.9570951461791992, "union_nsd_2px": 0.9802635050153323, "union_assd_px": 0.49510885022776935, "union_hd95_px": 1.147922184434448, "prior_region_fp_rate": 0.024604109435934135, "class_dice": [0.9764184355735779, 0.9901713728904724, 0.990755558013916, 0.9736627340316772, 0.9690214395523071, 0.9776864051818848, 0.9789907932281494, 0.9635226130485535, 0.9506348371505737, 0.9885181188583374, 0.9848158955574036, 0.9782153367996216, 0.9827893376350403, 0.9863084554672241]}
{"arm": "plain", "epoch": 5, "seconds": 35.9141845703125, "loss": 0.025550457835197448, "native_loss": 0.025550457835197448, "prior_loss": 0.0, "macro_dice": 0.9781380891799927, "macro_iou": 0.9574266672134399, "union_nsd_2px": 0.9804762386497627, "union_assd_px": 0.49184164048581175, "union_hd95_px": 1.1540205362024567, "prior_region_fp_rate": 0.01850003368689841, "class_dice": [0.9767634868621826, 0.990460216999054, 0.9907894730567932, 0.9741598963737488, 0.9696043133735657, 0.9773843288421631, 0.9800028204917908, 0.9639729261398315, 0.950163722038269, 0.9886804223060608, 0.9845377206802368, 0.9787296652793884, 0.9826967716217041, 0.9859863519668579]}
{"arm": "plain", "epoch": 6, "seconds": 40.2603280544281, "loss": 0.025197094328263225, "native_loss": 0.025197094328263225, "prior_loss": 0.0, "macro_dice": 0.977903425693512, "macro_iou": 0.9569860696792603, "union_nsd_2px": 0.9799544099693407, "union_assd_px": 0.49977071837221604, "union_hd95_px": 1.159928374648161, "prior_region_fp_rate": 0.019866587270520816, "class_dice": [0.976417601108551, 0.9904336333274841, 0.9907798767089844, 0.9737104773521423, 0.9680771827697754, 0.9776403307914734, 0.9798105359077454, 0.9629250168800354, 0.9500340819358826, 0.9882103204727173, 0.9847326874732971, 0.9787534475326538, 0.9829928874969482, 0.9861291646957397]}
{"arm": "plain", "epoch": 7, "seconds": 39.74278688430786, "loss": 0.02500360994216274, "native_loss": 0.02500360994216274, "prior_loss": 0.0, "macro_dice": 0.977996826171875, "macro_iou": 0.9571526646614075, "union_nsd_2px": 0.9804788672542611, "union_assd_px": 0.4948607413118021, "union_hd95_px": 1.1803289667170538, "prior_region_fp_rate": 0.0180088714866872, "class_dice": [0.9764527678489685, 0.9903756976127625, 0.9907152056694031, 0.9735100865364075, 0.969353437423706, 0.977552592754364, 0.979386568069458, 0.963413655757904, 0.9510083794593811, 0.9884482026100159, 0.9846214056015015, 0.9782615303993225, 0.9827000498771667, 0.9861549735069275]}
{"arm": "plain", "epoch": 8, "seconds": 40.147218227386475, "loss": 0.024804682157495442, "native_loss": 0.024804682157495442, "prior_loss": 0.0, "macro_dice": 0.9781089425086975, "macro_iou": 0.9573754072189331, "union_nsd_2px": 0.9809739517861878, "union_assd_px": 0.4897377662402324, "union_hd95_px": 1.1360112508818874, "prior_region_fp_rate": 0.02302173109863655, "class_dice": [0.9768834114074707, 0.990608274936676, 0.9907212257385254, 0.9737958312034607, 0.9695258736610413, 0.9776242971420288, 0.9798242449760437, 0.9638240337371826, 0.9497730135917664, 0.9884517192840576, 0.9847678542137146, 0.9785031080245972, 0.9829579591751099, 0.9862629175186157]}
{"arm": "plain", "epoch": 9, "seconds": 41.84281897544861, "loss": 0.024631542326772914, "native_loss": 0.024631542326772914, "prior_loss": 0.0, "macro_dice": 0.978101909160614, "macro_iou": 0.9573624730110168, "union_nsd_2px": 0.980677996811418, "union_assd_px": 0.4943467873258662, "union_hd95_px": 1.1565070996119322, "prior_region_fp_rate": 0.020603122688621543, "class_dice": [0.9768093824386597, 0.9904903173446655, 0.9907848238945007, 0.9739500880241394, 0.9690126180648804, 0.978085458278656, 0.9796491265296936, 0.96440589427948, 0.9495020508766174, 0.9884552359580994, 0.9845465421676636, 0.9784139394760132, 0.9830355644226074, 0.9862849116325378]}
{"arm": "plain", "epoch": 10, "seconds": 41.93220067024231, "loss": 0.024432276088525266, "native_loss": 0.024432276088525266, "prior_loss": 0.0, "macro_dice": 0.9780540466308594, "macro_iou": 0.9572671055793762, "union_nsd_2px": 0.9805706386977316, "union_assd_px": 0.4963353103150577, "union_hd95_px": 1.1684180331644929, "prior_region_fp_rate": 0.02120566641033941, "class_dice": [0.9767998456954956, 0.9904448986053467, 0.9907703399658203, 0.973742663860321, 0.9692999124526978, 0.9776219129562378, 0.9797502160072327, 0.9639787077903748, 0.9501146078109741, 0.9884197115898132, 0.984514057636261, 0.9780225157737732, 0.9829427003860474, 0.9863334894180298]}
{"arm": "r317_prior", "epoch": 1, "seconds": 41.6327691078186, "loss": 0.026518203471513357, "native_loss": 0.02630237489938736, "prior_loss": 0.006166531440308865, "macro_dice": 0.9779183268547058, "macro_iou": 0.9570122361183167, "union_nsd_2px": 0.9795779109108204, "union_assd_px": 0.499750638980622, "union_hd95_px": 1.170471161260999, "prior_region_fp_rate": 0.015141698382608463, "class_dice": [0.9768759608268738, 0.9899504780769348, 0.9907183647155762, 0.9736112952232361, 0.9688229560852051, 0.9773188829421997, 0.9798855185508728, 0.9632896184921265, 0.949826717376709, 0.9885082244873047, 0.9846974015235901, 0.9780728220939636, 0.982837438583374, 0.9864405393600464]}
{"arm": "r317_prior", "epoch": 2, "seconds": 40.66058588027954, "loss": 0.02633934072273619, "native_loss": 0.026131996941917084, "prior_loss": 0.00592410759164897, "macro_dice": 0.9776018857955933, "macro_iou": 0.9564149379730225, "union_nsd_2px": 0.9795498604607165, "union_assd_px": 0.5059366843446023, "union_hd95_px": 1.1995173165017077, "prior_region_fp_rate": 0.013285985719005666, "class_dice": [0.9768987894058228, 0.9902074337005615, 0.9905717372894287, 0.9735053777694702, 0.9688937664031982, 0.9763127565383911, 0.9789325594902039, 0.960565984249115, 0.9501314759254456, 0.988236665725708, 0.9847936034202576, 0.9780855178833008, 0.9830846190452576, 0.9862053394317627]}
{"arm": "r317_prior", "epoch": 3, "seconds": 40.09487795829773, "loss": 0.02613886640790631, "native_loss": 0.025935290828347207, "prior_loss": 0.005816446433446425, "macro_dice": 0.9774682521820068, "macro_iou": 0.9561780095100403, "union_nsd_2px": 0.9799126963773206, "union_assd_px": 0.5094450572774135, "union_hd95_px": 1.1830060434488339, "prior_region_fp_rate": 0.0182880277859973, "class_dice": [0.9770315289497375, 0.9905077815055847, 0.9906676411628723, 0.9740068912506104, 0.9670529961585999, 0.9773193597793579, 0.9797790050506592, 0.9604940414428711, 0.9481984972953796, 0.9881797432899475, 0.9845503568649292, 0.9779452681541443, 0.9825815558433533, 0.9862399101257324]}
{"arm": "r317_prior", "epoch": 4, "seconds": 41.93679714202881, "loss": 0.02602166929665734, "native_loss": 0.02582483540124753, "prior_loss": 0.005623826255528804, "macro_dice": 0.9779946804046631, "macro_iou": 0.9571502804756165, "union_nsd_2px": 0.9803382157071855, "union_assd_px": 0.49463985827256146, "union_hd95_px": 1.1685132898256452, "prior_region_fp_rate": 0.019212143142977464, "class_dice": [0.9765248894691467, 0.9901756048202515, 0.9907585382461548, 0.9735362529754639, 0.9689010977745056, 0.9777716398239136, 0.979123055934906, 0.9636558890342712, 0.9508073329925537, 0.9885008335113525, 0.984810471534729, 0.9782475233078003, 0.982824981212616, 0.9862865209579468]}
{"arm": "r317_prior", "epoch": 5, "seconds": 42.40396738052368, "loss": 0.025778205210671704, "native_loss": 0.025584447239251698, "prior_loss": 0.005535940278924125, "macro_dice": 0.9781014919281006, "macro_iou": 0.9573572278022766, "union_nsd_2px": 0.9803432437325885, "union_assd_px": 0.49410542775756244, "union_hd95_px": 1.149715372798865, "prior_region_fp_rate": 0.014227320584283686, "class_dice": [0.9767288565635681, 0.9904192686080933, 0.9907841682434082, 0.9741266369819641, 0.9693568348884583, 0.9771594405174255, 0.9800370931625366, 0.9639987349510193, 0.9501484036445618, 0.9886981844902039, 0.9845313429832458, 0.9787652492523193, 0.9826889038085938, 0.9859777688980103]}
{"arm": "r317_prior", "epoch": 6, "seconds": 42.430286169052124, "loss": 0.025419586471775, "native_loss": 0.02522796313114026, "prior_loss": 0.005474951666341547, "macro_dice": 0.9778885841369629, "macro_iou": 0.9569570422172546, "union_nsd_2px": 0.9799403230992194, "union_assd_px": 0.5056464563245696, "union_hd95_px": 1.1753558398981028, "prior_region_fp_rate": 0.014897959686157907, "class_dice": [0.9765204787254333, 0.9904003143310547, 0.9907638430595398, 0.9737159013748169, 0.9677108526229858, 0.9775294661521912, 0.9798675775527954, 0.9629741311073303, 0.9501837491989136, 0.9881991744041443, 0.9847205281257629, 0.9787670969963074, 0.982988178730011, 0.9860982298851013]}
{"arm": "r317_prior", "epoch": 7, "seconds": 42.367552042007446, "loss": 0.025216212373446015, "native_loss": 0.025025850166292753, "prior_loss": 0.0054389206682989265, "macro_dice": 0.9779588580131531, "macro_iou": 0.9570810198783875, "union_nsd_2px": 0.9802616713899479, "union_assd_px": 0.4987888198412937, "union_hd95_px": 1.1803289667170538, "prior_region_fp_rate": 0.013381443805316019, "class_dice": [0.9763895869255066, 0.9903547167778015, 0.9907221794128418, 0.9734249711036682, 0.9692064523696899, 0.9773903489112854, 0.9793999791145325, 0.963483989238739, 0.9508875608444214, 0.9884268641471863, 0.9846203327178955, 0.978268563747406, 0.9826838374137878, 0.9861642718315125]}
{"arm": "r317_prior", "epoch": 8, "seconds": 42.857648849487305, "loss": 0.025023218296906527, "native_loss": 0.024838684420375262, "prior_loss": 0.0052723959391005335, "macro_dice": 0.9781144857406616, "macro_iou": 0.9573855996131897, "union_nsd_2px": 0.9810226609049361, "union_assd_px": 0.4905177609805312, "union_hd95_px": 1.1360112508818874, "prior_region_fp_rate": 0.017877305667280408, "class_dice": [0.9768668413162231, 0.9905776977539062, 0.9907370209693909, 0.9738039374351501, 0.9693916440010071, 0.977611780166626, 0.9799782037734985, 0.9638338685035706, 0.9498898983001709, 0.9884272813796997, 0.984762966632843, 0.9784712195396423, 0.9829911589622498, 0.9862588047981262]}
{"arm": "r317_prior", "epoch": 9, "seconds": 44.628137826919556, "loss": 0.02484367603326545, "native_loss": 0.024658565025995758, "prior_loss": 0.005288885710076155, "macro_dice": 0.9780941605567932, "macro_iou": 0.9573460221290588, "union_nsd_2px": 0.9805690299951921, "union_assd_px": 0.49698418679755235, "union_hd95_px": 1.1693527447912464, "prior_region_fp_rate": 0.015917463666682948, "class_dice": [0.9768239259719849, 0.990441620349884, 0.9907927513122559, 0.9739380478858948, 0.9689158201217651, 0.9778577089309692, 0.9796884059906006, 0.964457631111145, 0.9497074484825134, 0.988444447517395, 0.9845523834228516, 0.9783997535705566, 0.9830146431922913, 0.9862828254699707]}
{"arm": "r317_prior", "epoch": 10, "seconds": 43.24261832237244, "loss": 0.02464362291728749, "native_loss": 0.02446209357065313, "prior_loss": 0.005186552739811732, "macro_dice": 0.9780729413032532, "macro_iou": 0.9573026895523071, "union_nsd_2px": 0.980550516411338, "union_assd_px": 0.49742710618338737, "union_hd95_px": 1.1681521257698761, "prior_region_fp_rate": 0.016347175206473247, "class_dice": [0.9768155813217163, 0.9904292225837708, 0.9908047914505005, 0.9737698435783386, 0.9692312479019165, 0.9775660037994385, 0.9798515439033508, 0.9639649391174316, 0.950263500213623, 0.988448977470398, 0.9845317602157593, 0.9780614376068115, 0.9829501509666443, 0.9863317012786865]}
{"arm": "r317_prior", "epoch": 11, "seconds": 43.53579759597778, "loss": 0.024605711562668577, "native_loss": 0.02442088266944184, "prior_loss": 0.005280826688086724, "macro_dice": 0.9781592488288879, "macro_iou": 0.9574680924415588, "union_nsd_2px": 0.9807897896074251, "union_assd_px": 0.4941159396360657, "union_hd95_px": 1.1514387161318291, "prior_region_fp_rate": 0.01630080759326829, "class_dice": [0.9767862558364868, 0.9905477166175842, 0.9908091425895691, 0.973911464214325, 0.9691354036331177, 0.9778297543525696, 0.9799575209617615, 0.964022159576416, 0.9503347277641296, 0.9884769916534424, 0.9846231341362, 0.9784409999847412, 0.9829968214035034, 0.9863563179969788]}
{"arm": "r317_prior", "epoch": 12, "seconds": 43.10055088996887, "loss": 0.024507036020650585, "native_loss": 0.024323650900931918, "prior_loss": 0.005239574641181046, "macro_dice": 0.9781367778778076, "macro_iou": 0.957426130771637, "union_nsd_2px": 0.9807687830234743, "union_assd_px": 0.4938110241168445, "union_hd95_px": 1.1608630862749143, "prior_region_fp_rate": 0.016157283261347816, "class_dice": [0.9768239259719849, 0.9905253052711487, 0.9908179640769958, 0.9738426804542542, 0.9692891836166382, 0.9778113961219788, 0.9799132347106934, 0.9636974930763245, 0.9503245949745178, 0.9884997606277466, 0.9845740795135498, 0.9784375429153442, 0.9830052852630615, 0.9863521456718445]}
{
  "experiment": "R322_RAM_NNUNET_R317_SEAM",
  "split": "validation",
  "test_used": false,
  "threshold": 0.5,
  "threshold_search": false,
  "alpha": 0.035,
  "initialization": {
    "source": "outputs\\ram_w600\\r285_nnunet_overlap_prior\\baseline_best.pth",
    "sha256": "3e42fbeb763f6e1fafc80e550c1c630b7fd599ff8cb85f7462ff8b5926475d01",
    "expanded_input_keys": [
      "backbone.encoder.stages.0.0.convs.0.conv.weight",
      "backbone.encoder.stages.0.0.convs.0.all_modules.0.weight",
      "backbone.decoder.encoder.stages.0.0.convs.0.conv.weight",
      "backbone.decoder.encoder.stages.0.0.convs.0.all_modules.0.weight"
    ],
    "truncated_output_keys": [
      "backbone.decoder.seg_layers.0.weight",
      "backbone.decoder.seg_layers.0.bias",
      "backbone.decoder.seg_layers.1.weight",
      "backbone.decoder.seg_layers.1.bias",
      "backbone.decoder.seg_layers.2.weight",
      "backbone.decoder.seg_layers.2.bias",
      "backbone.decoder.seg_layers.3.weight",
      "backbone.decoder.seg_layers.3.bias",
      "backbone.decoder.seg_layers.4.weight",
      "backbone.decoder.seg_layers.4.bias"
    ],
    "prior_channel_nonzero": 0,
    "max_abs_logit_difference": 0.0
  },
  "plain_best": {
    "arm": "plain",
    "epoch": 5,
    "seconds": 35.9141845703125,
    "loss": 0.025550457835197448,
    "native_loss": 0.025550457835197448,
    "prior_loss": 0.0,
    "macro_dice": 0.9781380891799927,
    "macro_iou": 0.9574266672134399,
    "union_nsd_2px": 0.9804762386497627,
    "union_assd_px": 0.49184164048581175,
    "union_hd95_px": 1.1540205362024567,
    "prior_region_fp_rate": 0.01850003368689841,
    "class_dice": [
      0.9767634868621826,
      0.990460216999054,
      0.9907894730567932,
      0.9741598963737488,
      0.9696043133735657,
      0.9773843288421631,
      0.9800028204917908,
      0.9639729261398315,
      0.950163722038269,
      0.9886804223060608,
      0.9845377206802368,
      0.9787296652793884,
      0.9826967716217041,
      0.9859863519668579
    ]
  },
  "prior_best": {
    "arm": "r317_prior",
    "epoch": 11,
    "seconds": 43.53579759597778,
    "loss": 0.024605711562668577,
    "native_loss": 0.02442088266944184,
    "prior_loss": 0.005280826688086724,
    "macro_dice": 0.9781592488288879,
    "macro_iou": 0.9574680924415588,
    "union_nsd_2px": 0.9807897896074251,
    "union_assd_px": 0.4941159396360657,
    "union_hd95_px": 1.1514387161318291,
    "prior_region_fp_rate": 0.01630080759326829,
    "class_dice": [
      0.9767862558364868,
      0.9905477166175842,
      0.9908091425895691,
      0.973911464214325,
      0.9691354036331177,
      0.9778297543525696,
      0.9799575209617615,
      0.964022159576416,
      0.9503347277641296,
      0.9884769916534424,
      0.9846231341362,
      0.9784409999847412,
      0.9829968214035034,
      0.9863563179969788
    ]
  },
  "plain_val": {
    "macro_dice": 0.9781380891799927,
    "macro_iou": 0.9574266672134399,
    "union_nsd_2px": 0.9804762386497627,
    "union_assd_px": 0.49184164048581175,
    "union_hd95_px": 1.1540205362024567,
    "prior_region_fp_rate": 0.01850003368689841,
    "class_dice": [
      0.9767634868621826,
      0.990460216999054,
      0.9907894730567932,
      0.9741598963737488,
      0.9696043133735657,
      0.9773843288421631,
      0.9800028204917908,
      0.9639729261398315,
      0.950163722038269,
      0.9886804223060608,
      0.9845377206802368,
      0.9787296652793884,
      0.9826967716217041,
      0.9859863519668579
    ]
  },
  "r317_prior_val": {
    "macro_dice": 0.9781592488288879,
    "macro_iou": 0.9574680924415588,
    "union_nsd_2px": 0.9807897896074251,
    "union_assd_px": 0.4941159396360657,
    "union_hd95_px": 1.1514387161318291,
    "prior_region_fp_rate": 0.01630080759326829,
    "class_dice": [
      0.9767862558364868,
      0.9905477166175842,
      0.9908091425895691,
      0.973911464214325,
      0.9691354036331177,
      0.9778297543525696,
      0.9799575209617615,
      0.964022159576416,
      0.9503347277641296,
      0.9884769916534424,
      0.9846231341362,
      0.9784409999847412,
      0.9829968214035034,
      0.9863563179969788
    ]
  },
  "delta_prior_minus_plain": {
    "macro_dice": 2.1159648895263672e-05,
    "macro_iou": 4.1425228118896484e-05,
    "union_nsd_2px": 0.0003135509576623896,
    "union_assd_px": 0.0022742991502539556,
    "union_hd95_px": -0.002581820070627572,
    "prior_region_fp_rate": -0.0021992260936301196
  }
}
