[R323] start 2026-08-03T11:17:04+08:00
0, NVIDIA GeForce RTX 4080 SUPER, 0 MiB, 32760 MiB
Filesystem      Size  Used Avail Use% Mounted on
/dev/md0         50G   44G  6.5G  88% /root/autodl-tmp
[R323] train RAM-native R317 prior: one seed, 60 full epochs 2026-08-03T11:17:04+08:00
{"stage": "samples", "split": "train", "done": 50, "total": 425, "pairs": 1040}
{"stage": "samples", "split": "train", "done": 100, "total": 425, "pairs": 2096}
{"stage": "samples", "split": "train", "done": 150, "total": 425, "pairs": 3096}
{"stage": "samples", "split": "train", "done": 200, "total": 425, "pairs": 4066}
{"stage": "samples", "split": "train", "done": 250, "total": 425, "pairs": 4994}
{"stage": "samples", "split": "train", "done": 300, "total": 425, "pairs": 6024}
{"stage": "samples", "split": "train", "done": 350, "total": 425, "pairs": 6996}
{"stage": "samples", "split": "train", "done": 400, "total": 425, "pairs": 7962}
{"stage": "samples", "split": "train", "done": 425, "total": 425, "pairs": 8448}
{"stage": "samples", "split": "val", "done": 50, "total": 69, "pairs": 994}
{"stage": "samples", "split": "val", "done": 69, "total": 69, "pairs": 1372}
{"epoch": 1, "train_loss": 0.9611849843552618, "auroc": 0.7976204642623396, "average_precision": 0.8231894991520006, "accuracy": 0.5204081632653061, "positive_recall": 0.9912536443148688, "close_pair_recall": 0.9878048780487805, "contact_pair_recall": 0.9791666666666666, "negative_specificity": 0.04956268221574344, "positive_heatmap_soft_dice": 0.005452269688248634, "valid_positive_heat_count": 661}
{"epoch": 2, "train_loss": 0.8023055290633981, "auroc": 0.8314881554454352, "average_precision": 0.8398728632874848, "accuracy": 0.6071428571428571, "positive_recall": 0.22886297376093295, "close_pair_recall": 0.15447154471544716, "contact_pair_recall": 0.010416666666666666, "negative_specificity": 0.9854227405247813, "positive_heatmap_soft_dice": 0.00562184676527977, "valid_positive_heat_count": 661}
{"epoch": 3, "train_loss": 0.7384812912028847, "auroc": 0.8410547475966648, "average_precision": 0.8521779621467765, "accuracy": 0.7594752186588921, "positive_recall": 0.7463556851311953, "close_pair_recall": 0.6483739837398373, "contact_pair_recall": 0.375, "negative_specificity": 0.7725947521865889, "positive_heatmap_soft_dice": 0.006625598296523094, "valid_positive_heat_count": 661}
{"epoch": 4, "train_loss": 0.7125199088318781, "auroc": 0.826018495694821, "average_precision": 0.8357247642689033, "accuracy": 0.7055393586005831, "positive_recall": 0.8425655976676385, "close_pair_recall": 0.782520325203252, "contact_pair_recall": 0.5520833333333334, "negative_specificity": 0.5685131195335277, "positive_heatmap_soft_dice": 0.005694048013538122, "valid_positive_heat_count": 661}
{"epoch": 5, "train_loss": 0.6919675363848606, "auroc": 0.8197158496884802, "average_precision": 0.8369858203076013, "accuracy": 0.7397959183673469, "positive_recall": 0.5510204081632653, "close_pair_recall": 0.4186991869918699, "contact_pair_recall": 0.1875, "negative_specificity": 0.9285714285714286, "positive_heatmap_soft_dice": 0.023835640400648117, "valid_positive_heat_count": 661}
{"epoch": 6, "train_loss": 0.6858891357639523, "auroc": 0.8440700728437982, "average_precision": 0.8600837065657859, "accuracy": 0.673469387755102, "positive_recall": 0.36005830903790087, "close_pair_recall": 0.22560975609756098, "contact_pair_recall": 0.052083333333333336, "negative_specificity": 0.9868804664723032, "positive_heatmap_soft_dice": 0.06553623080253601, "valid_positive_heat_count": 661}
{"epoch": 7, "train_loss": 0.6689087373740745, "auroc": 0.8679950530816243, "average_precision": 0.8766217190524825, "accuracy": 0.7667638483965015, "positive_recall": 0.7959183673469388, "close_pair_recall": 0.7235772357723578, "contact_pair_recall": 0.4375, "negative_specificity": 0.7376093294460642, "positive_heatmap_soft_dice": 0.014345997013151646, "valid_positive_heat_count": 661}
{"epoch": 8, "train_loss": 0.6454000494471102, "auroc": 0.8613141633163053, "average_precision": 0.8690823296914298, "accuracy": 0.7755102040816326, "positive_recall": 0.6370262390670554, "close_pair_recall": 0.508130081300813, "contact_pair_recall": 0.23958333333333334, "negative_specificity": 0.9139941690962099, "positive_heatmap_soft_dice": 0.07417206466197968, "valid_positive_heat_count": 661}
{"epoch": 9, "train_loss": 0.6211232590404424, "auroc": 0.8773385239143554, "average_precision": 0.8899322382087652, "accuracy": 0.7842565597667639, "positive_recall": 0.6793002915451894, "close_pair_recall": 0.5589430894308943, "contact_pair_recall": 0.22916666666666666, "negative_specificity": 0.8892128279883382, "positive_heatmap_soft_dice": 0.09554711729288101, "valid_positive_heat_count": 661}
{"epoch": 10, "train_loss": 0.5971301006096782, "auroc": 0.9068394121496994, "average_precision": 0.9183903569709642, "accuracy": 0.8309037900874635, "positive_recall": 0.8352769679300291, "close_pair_recall": 0.7804878048780488, "contact_pair_recall": 0.5104166666666666, "negative_specificity": 0.826530612244898, "positive_heatmap_soft_dice": 0.0936693549156189, "valid_positive_heat_count": 661}
{"epoch": 11, "train_loss": 0.5691669822642298, "auroc": 0.8302726755008543, "average_precision": 0.8399465150337382, "accuracy": 0.6333819241982507, "positive_recall": 0.282798833819242, "close_pair_recall": 0.16666666666666666, "contact_pair_recall": 0.041666666666666664, "negative_specificity": 0.9839650145772595, "positive_heatmap_soft_dice": 0.03224443271756172, "valid_positive_heat_count": 661}
{"epoch": 12, "train_loss": 0.5466665079478513, "auroc": 0.9244234970122993, "average_precision": 0.9315583328577706, "accuracy": 0.847667638483965, "positive_recall": 0.8513119533527697, "close_pair_recall": 0.7926829268292683, "contact_pair_recall": 0.4791666666666667, "negative_specificity": 0.8440233236151603, "positive_heatmap_soft_dice": 0.1532040387392044, "valid_positive_heat_count": 661}
{"epoch": 13, "train_loss": 0.5304808055869106, "auroc": 0.8913526676809831, "average_precision": 0.8904744167725744, "accuracy": 0.630466472303207, "positive_recall": 0.27113702623906705, "close_pair_recall": 0.12195121951219512, "contact_pair_recall": 0.041666666666666664, "negative_specificity": 0.9897959183673469, "positive_heatmap_soft_dice": 0.12096089124679565, "valid_positive_heat_count": 661}
{"epoch": 14, "train_loss": 0.5169805749460603, "auroc": 0.907770146792578, "average_precision": 0.9200822095881356, "accuracy": 0.8119533527696793, "positive_recall": 0.6822157434402333, "close_pair_recall": 0.5650406504065041, "contact_pair_recall": 0.1875, "negative_specificity": 0.9416909620991254, "positive_heatmap_soft_dice": 0.1081184595823288, "valid_positive_heat_count": 661}
{"epoch": 15, "train_loss": 0.5105536561177084, "auroc": 0.9252522333381498, "average_precision": 0.9275298384278426, "accuracy": 0.7325072886297376, "positive_recall": 0.47959183673469385, "close_pair_recall": 0.3231707317073171, "contact_pair_recall": 0.07291666666666667, "negative_specificity": 0.9854227405247813, "positive_heatmap_soft_dice": 0.07525341957807541, "valid_positive_heat_count": 661}
{"epoch": 16, "train_loss": 0.5103769244795496, "auroc": 0.9253521066902396, "average_precision": 0.9350714990218557, "accuracy": 0.85932944606414, "positive_recall": 0.8294460641399417, "close_pair_recall": 0.7621951219512195, "contact_pair_recall": 0.4166666666666667, "negative_specificity": 0.8892128279883382, "positive_heatmap_soft_dice": 0.19240833818912506, "valid_positive_heat_count": 661}
{"epoch": 17, "train_loss": 0.5033874168540492, "auroc": 0.9284311808855155, "average_precision": 0.9326536587164864, "accuracy": 0.8221574344023324, "positive_recall": 0.673469387755102, "close_pair_recall": 0.5467479674796748, "contact_pair_recall": 0.15625, "negative_specificity": 0.9708454810495627, "positive_heatmap_soft_dice": 0.17418977618217468, "valid_positive_heat_count": 661}
{"epoch": 18, "train_loss": 0.48883525990514143, "auroc": 0.939733869391155, "average_precision": 0.9436378523460511, "accuracy": 0.8564139941690962, "positive_recall": 0.8644314868804664, "close_pair_recall": 0.8109756097560976, "contact_pair_recall": 0.4791666666666667, "negative_specificity": 0.8483965014577259, "positive_heatmap_soft_dice": 0.18301169574260712, "valid_positive_heat_count": 661}
{"epoch": 19, "train_loss": 0.48750157053159043, "auroc": 0.9338434665828014, "average_precision": 0.9421205252517624, "accuracy": 0.7915451895043731, "positive_recall": 0.60932944606414, "close_pair_recall": 0.47560975609756095, "contact_pair_recall": 0.13541666666666666, "negative_specificity": 0.9737609329446064, "positive_heatmap_soft_dice": 0.22482086718082428, "valid_positive_heat_count": 661}
{"epoch": 20, "train_loss": 0.48396160027407337, "auroc": 0.9365804214230464, "average_precision": 0.9398835504585255, "accuracy": 0.8717201166180758, "positive_recall": 0.8760932944606414, "close_pair_recall": 0.8272357723577236, "contact_pair_recall": 0.46875, "negative_specificity": 0.8673469387755102, "positive_heatmap_soft_dice": 0.12188804149627686, "valid_positive_heat_count": 661}
{"epoch": 21, "train_loss": 0.478074056632591, "auroc": 0.9151119006536392, "average_precision": 0.9116259252615048, "accuracy": 0.6639941690962099, "positive_recall": 0.33819241982507287, "close_pair_recall": 0.17682926829268292, "contact_pair_recall": 0.041666666666666664, "negative_specificity": 0.9897959183673469, "positive_heatmap_soft_dice": 0.19692471623420715, "valid_positive_heat_count": 661}
{"epoch": 22, "train_loss": 0.47459307042035187, "auroc": 0.9388307592924716, "average_precision": 0.9458289457488632, "accuracy": 0.7835276967930029, "positive_recall": 0.5845481049562682, "close_pair_recall": 0.4532520325203252, "contact_pair_recall": 0.17708333333333334, "negative_specificity": 0.9825072886297376, "positive_heatmap_soft_dice": 0.2017686516046524, "valid_positive_heat_count": 661}
{"epoch": 23, "train_loss": 0.4695431575122656, "auroc": 0.944442791693937, "average_precision": 0.9481630474245267, "accuracy": 0.8658892128279884, "positive_recall": 0.7959183673469388, "close_pair_recall": 0.7154471544715447, "contact_pair_recall": 0.3333333333333333, "negative_specificity": 0.9358600583090378, "positive_heatmap_soft_dice": 0.21894954144954681, "valid_positive_heat_count": 661}
{"epoch": 24, "train_loss": 0.4708418402482163, "auroc": 0.9425409480743567, "average_precision": 0.9486786705463529, "accuracy": 0.8746355685131195, "positive_recall": 0.880466472303207, "close_pair_recall": 0.8333333333333334, "contact_pair_recall": 0.4791666666666667, "negative_specificity": 0.8688046647230321, "positive_heatmap_soft_dice": 0.19967521727085114, "valid_positive_heat_count": 661}
{"epoch": 25, "train_loss": 0.4671076110592394, "auroc": 0.9418758340487381, "average_precision": 0.947985597789476, "accuracy": 0.8739067055393586, "positive_recall": 0.8352769679300291, "close_pair_recall": 0.7703252032520326, "contact_pair_recall": 0.40625, "negative_specificity": 0.9125364431486881, "positive_heatmap_soft_dice": 0.2304297387599945, "valid_positive_heat_count": 661}
{"epoch": 26, "train_loss": 0.4658803116022186, "auroc": 0.9426386964615083, "average_precision": 0.9509129158228187, "accuracy": 0.8454810495626822, "positive_recall": 0.9198250728862973, "close_pair_recall": 0.8882113821138211, "contact_pair_recall": 0.625, "negative_specificity": 0.7711370262390671, "positive_heatmap_soft_dice": 0.2269672453403473, "valid_positive_heat_count": 661}
{"epoch": 27, "train_loss": 0.4582110202278603, "auroc": 0.9383356424618994, "average_precision": 0.9459162316219398, "accuracy": 0.7959183673469388, "positive_recall": 0.9475218658892128, "close_pair_recall": 0.926829268292683, "contact_pair_recall": 0.7604166666666666, "negative_specificity": 0.6443148688046647, "positive_heatmap_soft_dice": 0.22274179756641388, "valid_positive_heat_count": 661}
{"epoch": 28, "train_loss": 0.46091809843412856, "auroc": 0.9266695849518483, "average_precision": 0.935462170366317, "accuracy": 0.8192419825072886, "positive_recall": 0.9096209912536443, "close_pair_recall": 0.8739837398373984, "contact_pair_recall": 0.625, "negative_specificity": 0.7288629737609329, "positive_heatmap_soft_dice": 0.23179009556770325, "valid_positive_heat_count": 661}
{"epoch": 29, "train_loss": 0.45769446868110786, "auroc": 0.942844818060502, "average_precision": 0.9491881174987651, "accuracy": 0.8053935860058309, "positive_recall": 0.6399416909620991, "close_pair_recall": 0.5020325203252033, "contact_pair_recall": 0.13541666666666666, "negative_specificity": 0.9708454810495627, "positive_heatmap_soft_dice": 0.24674168229103088, "valid_positive_heat_count": 661}
{"epoch": 30, "train_loss": 0.45218345220906264, "auroc": 0.9426790707953319, "average_precision": 0.9464784848074819, "accuracy": 0.8491253644314869, "positive_recall": 0.7434402332361516, "close_pair_recall": 0.6463414634146342, "contact_pair_recall": 0.3020833333333333, "negative_specificity": 0.9548104956268222, "positive_heatmap_soft_dice": 0.2549063563346863, "valid_positive_heat_count": 661}
{"epoch": 31, "train_loss": 0.45285851971218083, "auroc": 0.9410449727579497, "average_precision": 0.952755399081579, "accuracy": 0.8432944606413995, "positive_recall": 0.9198250728862973, "close_pair_recall": 0.8882113821138211, "contact_pair_recall": 0.5833333333333334, "negative_specificity": 0.7667638483965015, "positive_heatmap_soft_dice": 0.2322901040315628, "valid_positive_heat_count": 661}
{"epoch": 32, "train_loss": 0.44888468160096445, "auroc": 0.9392685020697158, "average_precision": 0.9465410583249814, "accuracy": 0.8666180758017493, "positive_recall": 0.826530612244898, "close_pair_recall": 0.758130081300813, "contact_pair_recall": 0.3541666666666667, "negative_specificity": 0.9067055393586005, "positive_heatmap_soft_dice": 0.22394585609436035, "valid_positive_heat_count": 661}
{"epoch": 33, "train_loss": 0.4513259589897864, "auroc": 0.8777465171824664, "average_precision": 0.8806065824665847, "accuracy": 0.7572886297376094, "positive_recall": 0.5670553935860059, "close_pair_recall": 0.44308943089430897, "contact_pair_recall": 0.14583333333333334, "negative_specificity": 0.9475218658892128, "positive_heatmap_soft_dice": 0.16745707392692566, "valid_positive_heat_count": 661}
{"epoch": 34, "train_loss": 0.4508830276459004, "auroc": 0.9446637880474972, "average_precision": 0.9518787836252043, "accuracy": 0.8447521865889213, "positive_recall": 0.9212827988338192, "close_pair_recall": 0.8902439024390244, "contact_pair_recall": 0.59375, "negative_specificity": 0.7682215743440233, "positive_heatmap_soft_dice": 0.25696292519569397, "valid_positive_heat_count": 661}
{"epoch": 35, "train_loss": 0.44491236493217223, "auroc": 0.9488414691157596, "average_precision": 0.9551417335783216, "accuracy": 0.8855685131195336, "positive_recall": 0.8688046647230321, "close_pair_recall": 0.8170731707317073, "contact_pair_recall": 0.4583333333333333, "negative_specificity": 0.902332361516035, "positive_heatmap_soft_dice": 0.25654488801956177, "valid_positive_heat_count": 661}
{"epoch": 36, "train_loss": 0.44204315952392237, "auroc": 0.809964385587638, "average_precision": 0.8410362299022673, "accuracy": 0.7514577259475219, "positive_recall": 0.6049562682215743, "close_pair_recall": 0.49796747967479676, "contact_pair_recall": 0.16666666666666666, "negative_specificity": 0.8979591836734694, "positive_heatmap_soft_dice": 0.09076078981161118, "valid_positive_heat_count": 661}
{"epoch": 37, "train_loss": 0.4422886870293455, "auroc": 0.9465103825786874, "average_precision": 0.9539591874253798, "accuracy": 0.8790087463556852, "positive_recall": 0.8746355685131195, "close_pair_recall": 0.8252032520325203, "contact_pair_recall": 0.4270833333333333, "negative_specificity": 0.8833819241982507, "positive_heatmap_soft_dice": 0.24920102953910828, "valid_positive_heat_count": 661}
{"epoch": 38, "train_loss": 0.4359623381416454, "auroc": 0.9429446914125916, "average_precision": 0.9493525402735248, "accuracy": 0.8688046647230321, "positive_recall": 0.8134110787172012, "close_pair_recall": 0.7398373983739838, "contact_pair_recall": 0.3645833333333333, "negative_specificity": 0.924198250728863, "positive_heatmap_soft_dice": 0.24927669763565063, "valid_positive_heat_count": 661}
{"epoch": 39, "train_loss": 0.4352516433732076, "auroc": 0.9463382604187031, "average_precision": 0.9498957004241753, "accuracy": 0.8389212827988338, "positive_recall": 0.7113702623906706, "close_pair_recall": 0.6016260162601627, "contact_pair_recall": 0.19791666666666666, "negative_specificity": 0.9664723032069971, "positive_heatmap_soft_dice": 0.23083381354808807, "valid_positive_heat_count": 661}
{"epoch": 40, "train_loss": 0.4354691639768355, "auroc": 0.9437415532643711, "average_precision": 0.9517790509271536, "accuracy": 0.8702623906705539, "positive_recall": 0.9096209912536443, "close_pair_recall": 0.8739837398373984, "contact_pair_recall": 0.5208333333333334, "negative_specificity": 0.8309037900874635, "positive_heatmap_soft_dice": 0.2089012712240219, "valid_positive_heat_count": 661}
{"epoch": 41, "train_loss": 0.4378057273217674, "auroc": 0.9476111144166123, "average_precision": 0.9541437568660381, "accuracy": 0.8979591836734694, "positive_recall": 0.8702623906705539, "close_pair_recall": 0.8191056910569106, "contact_pair_recall": 0.4375, "negative_specificity": 0.9256559766763849, "positive_heatmap_soft_dice": 0.2792147994041443, "valid_positive_heat_count": 661}
{"epoch": 42, "train_loss": 0.4291910090568391, "auroc": 0.9338710911269965, "average_precision": 0.9417219971030403, "accuracy": 0.7784256559766763, "positive_recall": 0.5714285714285714, "close_pair_recall": 0.42073170731707316, "contact_pair_recall": 0.08333333333333333, "negative_specificity": 0.9854227405247813, "positive_heatmap_soft_dice": 0.2339392751455307, "valid_positive_heat_count": 661}
{"epoch": 43, "train_loss": 0.42797012057042483, "auroc": 0.9034734676877831, "average_precision": 0.9169686264680332, "accuracy": 0.7193877551020408, "positive_recall": 0.4489795918367347, "close_pair_recall": 0.2967479674796748, "contact_pair_recall": 0.07291666666666667, "negative_specificity": 0.9897959183673469, "positive_heatmap_soft_dice": 0.1565941721200943, "valid_positive_heat_count": 661}
{"epoch": 44, "train_loss": 0.4291630761528557, "auroc": 0.8836390449557581, "average_precision": 0.8954881526966043, "accuracy": 0.6661807580174927, "positive_recall": 0.3454810495626822, "close_pair_recall": 0.21138211382113822, "contact_pair_recall": 0.041666666666666664, "negative_specificity": 0.9868804664723032, "positive_heatmap_soft_dice": 0.17490296065807343, "valid_positive_heat_count": 661}
{"epoch": 45, "train_loss": 0.42282780688820465, "auroc": 0.947717362663516, "average_precision": 0.9573238067218331, "accuracy": 0.8739067055393586, "positive_recall": 0.7842565597667639, "close_pair_recall": 0.7012195121951219, "contact_pair_recall": 0.3229166666666667, "negative_specificity": 0.9635568513119533, "positive_heatmap_soft_dice": 0.29236680269241333, "valid_positive_heat_count": 661}
{"epoch": 46, "train_loss": 0.42323590860222327, "auroc": 0.952398660422103, "average_precision": 0.959502234145241, "accuracy": 0.8221574344023324, "positive_recall": 0.9460641399416909, "close_pair_recall": 0.9247967479674797, "contact_pair_recall": 0.6875, "negative_specificity": 0.6982507288629738, "positive_heatmap_soft_dice": 0.28675776720046997, "valid_positive_heat_count": 661}
{"epoch": 47, "train_loss": 0.4303178358823061, "auroc": 0.941329718059652, "average_precision": 0.9444620416105313, "accuracy": 0.8075801749271136, "positive_recall": 0.641399416909621, "close_pair_recall": 0.508130081300813, "contact_pair_recall": 0.17708333333333334, "negative_specificity": 0.9737609329446064, "positive_heatmap_soft_dice": 0.2763296067714691, "valid_positive_heat_count": 661}
{"epoch": 48, "train_loss": 0.4234864170183287, "auroc": 0.9424878239509047, "average_precision": 0.946748392027309, "accuracy": 0.8658892128279884, "positive_recall": 0.8192419825072886, "close_pair_recall": 0.7479674796747967, "contact_pair_recall": 0.40625, "negative_specificity": 0.9125364431486881, "positive_heatmap_soft_dice": 0.2211817502975464, "valid_positive_heat_count": 661}
{"epoch": 49, "train_loss": 0.4150605676413486, "auroc": 0.9261510935069572, "average_precision": 0.9279244906964121, "accuracy": 0.7551020408163265, "positive_recall": 0.5335276967930029, "close_pair_recall": 0.40853658536585363, "contact_pair_recall": 0.11458333333333333, "negative_specificity": 0.9766763848396501, "positive_heatmap_soft_dice": 0.18652687966823578, "valid_positive_heat_count": 661}
{"epoch": 50, "train_loss": 0.4193777580265746, "auroc": 0.9283780567620634, "average_precision": 0.930946236525707, "accuracy": 0.7769679300291545, "positive_recall": 0.5787172011661808, "close_pair_recall": 0.4451219512195122, "contact_pair_recall": 0.11458333333333333, "negative_specificity": 0.9752186588921283, "positive_heatmap_soft_dice": 0.1730586588382721, "valid_positive_heat_count": 661}
{"epoch": 51, "train_loss": 0.41270132698683126, "auroc": 0.9484143511632057, "average_precision": 0.9534190518431721, "accuracy": 0.8192419825072886, "positive_recall": 0.6647230320699709, "close_pair_recall": 0.5365853658536586, "contact_pair_recall": 0.14583333333333334, "negative_specificity": 0.9737609329446064, "positive_heatmap_soft_dice": 0.30274370312690735, "valid_positive_heat_count": 661}
{"epoch": 52, "train_loss": 0.41093504716726864, "auroc": 0.9414295914117417, "average_precision": 0.9462887259967787, "accuracy": 0.8462099125364432, "positive_recall": 0.9154518950437318, "close_pair_recall": 0.8821138211382114, "contact_pair_recall": 0.5833333333333334, "negative_specificity": 0.7769679300291545, "positive_heatmap_soft_dice": 0.297276109457016, "valid_positive_heat_count": 661}
{"epoch": 53, "train_loss": 0.40721806553615764, "auroc": 0.9417653358719581, "average_precision": 0.9446242192292228, "accuracy": 0.8418367346938775, "positive_recall": 0.7419825072886297, "close_pair_recall": 0.6402439024390244, "contact_pair_recall": 0.2604166666666667, "negative_specificity": 0.9416909620991254, "positive_heatmap_soft_dice": 0.24476155638694763, "valid_positive_heat_count": 661}
{"epoch": 54, "train_loss": 0.4079671729581826, "auroc": 0.9562554717847155, "average_precision": 0.9601171808291749, "accuracy": 0.8753644314868805, "positive_recall": 0.7988338192419825, "close_pair_recall": 0.7195121951219512, "contact_pair_recall": 0.3333333333333333, "negative_specificity": 0.9518950437317785, "positive_heatmap_soft_dice": 0.3062796890735626, "valid_positive_heat_count": 661}
{"epoch": 55, "train_loss": 0.40739462507719343, "auroc": 0.9398826169368205, "average_precision": 0.9499108421629786, "accuracy": 0.8855685131195336, "positive_recall": 0.8381924198250729, "close_pair_recall": 0.774390243902439, "contact_pair_recall": 0.375, "negative_specificity": 0.9329446064139941, "positive_heatmap_soft_dice": 0.29981017112731934, "valid_positive_heat_count": 661}
{"epoch": 56, "train_loss": 0.4141342480469382, "auroc": 0.9450314069817849, "average_precision": 0.9503384000296463, "accuracy": 0.8199708454810496, "positive_recall": 0.6661807580174927, "close_pair_recall": 0.5528455284552846, "contact_pair_recall": 0.22916666666666666, "negative_specificity": 0.9737609329446064, "positive_heatmap_soft_dice": 0.30367207527160645, "valid_positive_heat_count": 661}
{"epoch": 57, "train_loss": 0.4115675954486836, "auroc": 0.9480233576145994, "average_precision": 0.9568314264442882, "accuracy": 0.8680758017492711, "positive_recall": 0.7740524781341108, "close_pair_recall": 0.693089430894309, "contact_pair_recall": 0.3229166666666667, "negative_specificity": 0.9620991253644315, "positive_heatmap_soft_dice": 0.3055824041366577, "valid_positive_heat_count": 661}
{"epoch": 58, "train_loss": 0.41200906328969833, "auroc": 0.9563043459782914, "average_precision": 0.9604843235390911, "accuracy": 0.8848396501457726, "positive_recall": 0.8688046647230321, "close_pair_recall": 0.8170731707317073, "contact_pair_recall": 0.4479166666666667, "negative_specificity": 0.9008746355685131, "positive_heatmap_soft_dice": 0.31051066517829895, "valid_positive_heat_count": 661}
{"epoch": 59, "train_loss": 0.40111346387614805, "auroc": 0.9559579766933846, "average_precision": 0.9609960675493456, "accuracy": 0.8644314868804664, "positive_recall": 0.7667638483965015, "close_pair_recall": 0.6747967479674797, "contact_pair_recall": 0.2708333333333333, "negative_specificity": 0.9620991253644315, "positive_heatmap_soft_dice": 0.297900915145874, "valid_positive_heat_count": 661}
{"epoch": 60, "train_loss": 0.4025362350159522, "auroc": 0.9536587646303835, "average_precision": 0.9590728126568147, "accuracy": 0.826530612244898, "positive_recall": 0.6778425655976676, "close_pair_recall": 0.5589430894308943, "contact_pair_recall": 0.17708333333333334, "negative_specificity": 0.9752186588921283, "positive_heatmap_soft_dice": 0.24037283658981323, "valid_positive_heat_count": 661}
{
  "complete": true,
  "selected_epoch": 58,
  "checkpoint": "/root/autodl-tmp/YOLO_SAM_generic_src/outputs/pair_prior/r323_ram_native_r317_single_seed/ram_image_centers_seed3231_selected.pt"
}
[R323] build frozen GT-free train/val maps 2026-08-03T11:46:15+08:00
{"split": "train", "done": 25, "total": 425}
{"split": "train", "done": 50, "total": 425}
{"split": "train", "done": 75, "total": 425}
{"split": "train", "done": 100, "total": 425}
{"split": "train", "done": 125, "total": 425}
{"split": "train", "done": 150, "total": 425}
{"split": "train", "done": 175, "total": 425}
{"split": "train", "done": 200, "total": 425}
{"split": "train", "done": 225, "total": 425}
{"split": "train", "done": 250, "total": 425}
{"split": "train", "done": 275, "total": 425}
{"split": "train", "done": 300, "total": 425}
{"split": "train", "done": 325, "total": 425}
{"split": "train", "done": 350, "total": 425}
{"split": "train", "done": 375, "total": 425}
{"split": "train", "done": 400, "total": 425}
{"split": "train", "done": 425, "total": 425}
{"split": "val", "done": 25, "total": 69}
{"split": "val", "done": 50, "total": 69}
{"split": "val", "done": 69, "total": 69}
{
  "experiment": "R323_RAM_NATIVE_PRIOR_MAPS",
  "source": "prediction-derived centers; GT-free map generation",
  "test_used": false,
  "baseline_checkpoint": "/root/autodl-tmp/YOLO_SAM_generic_src/outputs/ram_w600/r285_nnunet_overlap_prior/baseline_best.pth",
  "baseline_sha256": "3e42fbeb763f6e1fafc80e550c1c630b7fd599ff8cb85f7462ff8b5926475d01",
  "prior_checkpoint": "/root/autodl-tmp/YOLO_SAM_generic_src/outputs/pair_prior/r323_ram_native_r317_single_seed/ram_image_centers_seed3231_selected.pt",
  "prior_sha256": "c460c147ac3f390f44d4f6fa8dce9dea2fc72f8dd3819b6e04cabb7bc46460ce",
  "prior_seed": 3231,
  "selected_epoch": 58,
  "splits": {
    "train": {
      "count": 425,
      "mean_pairs": 28.458823529411763,
      "mean_prior": 0.007139595511835069,
      "zero_maps": 0
    },
    "val": {
      "count": 69,
      "mean_pairs": 28.463768115942027,
      "mean_prior": 0.006814991194835823,
      "zero_maps": 0
    }
  }
}
[R323] paired nnU-Net validation: max 30, minimum 15 epochs 2026-08-03T11:47:30+08:00
{"arm": "plain", "epoch": 1, "seconds": 20.59331178665161, "loss": 0.026269201912424142, "native_loss": 0.026269201912424142, "prior_loss": 0.0, "macro_dice": 0.9776110649108887, "macro_iou": 0.9564275741577148, "union_nsd_2px": 0.9798514661527262, "union_assd_px": 0.5045330902099561, "union_hd95_px": 1.1753558398981028, "prior_region_fp_rate": 0.008745960662976613, "class_dice": [0.9766837954521179, 0.9902951121330261, 0.9907605051994324, 0.9729298949241638, 0.9678872227668762, 0.9772496223449707, 0.9781539440155029, 0.9630938768386841, 0.9498783349990845, 0.9885103702545166, 0.984722375869751, 0.9775530099868774, 0.9827612042427063, 0.9860752820968628]}
{"arm": "plain", "epoch": 2, "seconds": 19.892776489257812, "loss": 0.02613730704083162, "native_loss": 0.02613730704083162, "prior_loss": 0.0, "macro_dice": 0.9777960777282715, "macro_iou": 0.9567764401435852, "union_nsd_2px": 0.9799410054339033, "union_assd_px": 0.504583572942169, "union_hd95_px": 1.1917697699358054, "prior_region_fp_rate": 0.010354962443056087, "class_dice": [0.9765306115150452, 0.9902699589729309, 0.9907959699630737, 0.9732840061187744, 0.9674413204193115, 0.9775619506835938, 0.979468047618866, 0.9631680846214294, 0.9507448673248291, 0.9883412718772888, 0.984902024269104, 0.9776620864868164, 0.9827715158462524, 0.9862023591995239]}
{"arm": "plain", "epoch": 3, "seconds": 21.59961771965027, "loss": 0.026105600840905133, "native_loss": 0.026105600840905133, "prior_loss": 0.0, "macro_dice": 0.9779675602912903, "macro_iou": 0.9571040272712708, "union_nsd_2px": 0.9802566828248982, "union_assd_px": 0.5001564261463086, "union_hd95_px": 1.1824863038618632, "prior_region_fp_rate": 0.007322736620311705, "class_dice": [0.9767001867294312, 0.9902881383895874, 0.9906981587409973, 0.9743216037750244, 0.9686241149902344, 0.9776477217674255, 0.9790800213813782, 0.9639737606048584, 0.9497072696685791, 0.9882306456565857, 0.9847007989883423, 0.978493869304657, 0.9827160835266113, 0.9863623380661011]}
{"arm": "plain", "epoch": 4, "seconds": 19.836090326309204, "loss": 0.025688673038693037, "native_loss": 0.025688673038693037, "prior_loss": 0.0, "macro_dice": 0.977868378162384, "macro_iou": 0.9569178223609924, "union_nsd_2px": 0.9798276321709298, "union_assd_px": 0.5127442707031351, "union_hd95_px": 1.1714751594203292, "prior_region_fp_rate": 0.00811434480092797, "class_dice": [0.9765920042991638, 0.9903603196144104, 0.9908238649368286, 0.9737452268600464, 0.9677762389183044, 0.9779710173606873, 0.9795789122581482, 0.9640049338340759, 0.9495629668235779, 0.987949788570404, 0.9845923781394958, 0.9779662489891052, 0.983138382434845, 0.9860941767692566]}
{"arm": "plain", "epoch": 5, "seconds": 22.368803024291992, "loss": 0.025708938828286003, "native_loss": 0.025708938828286003, "prior_loss": 0.0, "macro_dice": 0.9779772758483887, "macro_iou": 0.9571207761764526, "union_nsd_2px": 0.9801059318118635, "union_assd_px": 0.5057970563695013, "union_hd95_px": 1.2017087038144614, "prior_region_fp_rate": 0.007323497191100373, "class_dice": [0.9770265817642212, 0.9903134703636169, 0.9908496141433716, 0.9737075567245483, 0.968234658241272, 0.977674663066864, 0.9798592925071716, 0.9637349247932434, 0.9504179954528809, 0.9883826375007629, 0.9848317503929138, 0.9777659773826599, 0.9829469323158264, 0.9859340190887451]}
{"arm": "plain", "epoch": 6, "seconds": 24.611844539642334, "loss": 0.025433533366988687, "native_loss": 0.025433533366988687, "prior_loss": 0.0, "macro_dice": 0.9779316186904907, "macro_iou": 0.9570292234420776, "union_nsd_2px": 0.9799125353382889, "union_assd_px": 0.5119056129616031, "union_hd95_px": 1.1745407009988063, "prior_region_fp_rate": 0.00939674170172914, "class_dice": [0.9770668148994446, 0.990368664264679, 0.9907867908477783, 0.9734969139099121, 0.9678733944892883, 0.9774042367935181, 0.9795714020729065, 0.9643533229827881, 0.950704038143158, 0.988209068775177, 0.9845768809318542, 0.9777209162712097, 0.9830159544944763, 0.9858927130699158]}
{"arm": "plain", "epoch": 7, "seconds": 23.488695859909058, "loss": 0.025299987280193496, "native_loss": 0.025299987280193496, "prior_loss": 0.0, "macro_dice": 0.9777026176452637, "macro_iou": 0.9566089510917664, "union_nsd_2px": 0.9798429530664912, "union_assd_px": 0.5014168851145705, "union_hd95_px": 1.16334964968439, "prior_region_fp_rate": 0.0060881896789742335, "class_dice": [0.976410448551178, 0.9904950261116028, 0.9905967116355896, 0.9734786748886108, 0.9692173600196838, 0.9771506786346436, 0.9795995354652405, 0.9608919024467468, 0.9497988820075989, 0.9885004758834839, 0.9846226572990417, 0.9782633185386658, 0.9827976822853088, 0.9860132336616516]}
{"arm": "plain", "epoch": 8, "seconds": 18.592806339263916, "loss": 0.025089962535044728, "native_loss": 0.025089962535044728, "prior_loss": 0.0, "macro_dice": 0.9779925346374512, "macro_iou": 0.9571512937545776, "union_nsd_2px": 0.9801759132987135, "union_assd_px": 0.5017654843102755, "union_hd95_px": 1.1779975737057664, "prior_region_fp_rate": 0.008718112045001886, "class_dice": [0.9768757820129395, 0.9901798367500305, 0.9908221364021301, 0.9739538431167603, 0.9691421985626221, 0.9771885275840759, 0.9795000553131104, 0.9640212059020996, 0.9497597813606262, 0.9885565638542175, 0.9845296740531921, 0.9781733751296997, 0.9828575253486633, 0.9863333106040955]}
{"arm": "plain", "epoch": 9, "seconds": 26.28134775161743, "loss": 0.02497570903862224, "native_loss": 0.02497570903862224, "prior_loss": 0.0, "macro_dice": 0.9780678749084473, "macro_iou": 0.9572930335998535, "union_nsd_2px": 0.9797177621067857, "union_assd_px": 0.49440153926372143, "union_hd95_px": 1.1804242233782059, "prior_region_fp_rate": 0.00618871808152972, "class_dice": [0.9765458106994629, 0.9905110597610474, 0.9906434416770935, 0.9740201234817505, 0.9689844250679016, 0.9766282439231873, 0.9799454212188721, 0.9641644358634949, 0.9503650665283203, 0.9884161353111267, 0.9849391579627991, 0.9782462120056152, 0.983048141002655, 0.9864912629127502]}
{"arm": "plain", "epoch": 10, "seconds": 26.322706699371338, "loss": 0.02485609765876742, "native_loss": 0.02485609765876742, "prior_loss": 0.0, "macro_dice": 0.9778788685798645, "macro_iou": 0.9569458961486816, "union_nsd_2px": 0.9804793984130539, "union_assd_px": 0.490725905200956, "union_hd95_px": 1.159928374648161, "prior_region_fp_rate": 0.007263859764185594, "class_dice": [0.9766625165939331, 0.9904093146324158, 0.9907464981079102, 0.973914623260498, 0.9688185453414917, 0.9775570034980774, 0.9788854122161865, 0.9631107449531555, 0.9488871097564697, 0.9886298179626465, 0.9847114682197571, 0.9785065054893494, 0.9828856587409973, 0.9865778684616089]}
{"arm": "plain", "epoch": 11, "seconds": 32.33262920379639, "loss": 0.024793839489712435, "native_loss": 0.024793839489712435, "prior_loss": 0.0, "macro_dice": 0.9779321551322937, "macro_iou": 0.9570376873016357, "union_nsd_2px": 0.9801488906623385, "union_assd_px": 0.49640629020015953, "union_hd95_px": 1.1573465545775334, "prior_region_fp_rate": 0.008223036521068367, "class_dice": [0.9760718941688538, 0.9903693795204163, 0.9908315539360046, 0.9736515283584595, 0.9685305953025818, 0.9771363735198975, 0.9792798161506653, 0.9644625782966614, 0.9497485756874084, 0.9885745644569397, 0.9848162531852722, 0.9784424901008606, 0.9827771186828613, 0.986357569694519]}
{"arm": "plain", "epoch": 12, "seconds": 33.40463399887085, "loss": 0.024639275038943573, "native_loss": 0.024639275038943573, "prior_loss": 0.0, "macro_dice": 0.977984607219696, "macro_iou": 0.9571368098258972, "union_nsd_2px": 0.9796884931971823, "union_assd_px": 0.501555083355026, "union_hd95_px": 1.1964688287841165, "prior_region_fp_rate": 0.007911714135695547, "class_dice": [0.9764894247055054, 0.9901325702667236, 0.9907881617546082, 0.9738370180130005, 0.9685927629470825, 0.9777130484580994, 0.9796364307403564, 0.9639908671379089, 0.94990473985672, 0.9884428381919861, 0.9847270250320435, 0.9782314300537109, 0.9829143285751343, 0.9863829016685486]}
{"arm": "plain", "epoch": 13, "seconds": 32.92099475860596, "loss": 0.024365115380462477, "native_loss": 0.024365115380462477, "prior_loss": 0.0, "macro_dice": 0.9779185056686401, "macro_iou": 0.9570205211639404, "union_nsd_2px": 0.9805052124690039, "union_assd_px": 0.4941041335682233, "union_hd95_px": 1.1565070996119322, "prior_region_fp_rate": 0.007950555770877103, "class_dice": [0.9766916036605835, 0.9904659986495972, 0.9908002018928528, 0.973048210144043, 0.9696211218833923, 0.9776448607444763, 0.9795539379119873, 0.9624137282371521, 0.9493476748466492, 0.9886358380317688, 0.984671950340271, 0.9787009358406067, 0.9828972220420837, 0.9863657355308533]}
{"arm": "plain", "epoch": 14, "seconds": 26.189088106155396, "loss": 0.0242359410270172, "native_loss": 0.0242359410270172, "prior_loss": 0.0, "macro_dice": 0.9780532121658325, "macro_iou": 0.9572635293006897, "union_nsd_2px": 0.9798712471935763, "union_assd_px": 0.49749692478528934, "union_hd95_px": 1.16334964968439, "prior_region_fp_rate": 0.006391381668895002, "class_dice": [0.9761239290237427, 0.9904199838638306, 0.9907128810882568, 0.9735753536224365, 0.9678478837013245, 0.9776974320411682, 0.9800741672515869, 0.964901328086853, 0.9506273865699768, 0.9886437654495239, 0.9845963716506958, 0.978303849697113, 0.9827175736427307, 0.9865026473999023]}
{"arm": "plain", "epoch": 15, "seconds": 26.44739818572998, "loss": 0.024274437760605533, "native_loss": 0.024274437760605533, "prior_loss": 0.0, "macro_dice": 0.9780519008636475, "macro_iou": 0.9572640061378479, "union_nsd_2px": 0.9806870621700596, "union_assd_px": 0.4955611911349684, "union_hd95_px": 1.1514387161318291, "prior_region_fp_rate": 0.008541069717902255, "class_dice": [0.976731538772583, 0.990439772605896, 0.9907851815223694, 0.9738461971282959, 0.9691599011421204, 0.9775082468986511, 0.9793679118156433, 0.9640929102897644, 0.9500386714935303, 0.9885019063949585, 0.9846899509429932, 0.9782137870788574, 0.9828706979751587, 0.9864786267280579]}
{"arm": "plain", "epoch": 16, "seconds": 19.916992902755737, "loss": 0.024074209902216405, "native_loss": 0.024074209902216405, "prior_loss": 0.0, "macro_dice": 0.9780008792877197, "macro_iou": 0.9571681022644043, "union_nsd_2px": 0.9799526261392507, "union_assd_px": 0.49985822344229297, "union_hd95_px": 1.1812763693785688, "prior_region_fp_rate": 0.007864249703484873, "class_dice": [0.9769179821014404, 0.9904448986053467, 0.9907811880111694, 0.9742563962936401, 0.9688032865524292, 0.9772484302520752, 0.9797134399414062, 0.9636678099632263, 0.9500932097434998, 0.9885962009429932, 0.9844634532928467, 0.9776377081871033, 0.9829897284507751, 0.9863982200622559]}
{"arm": "plain", "epoch": 17, "seconds": 25.784703969955444, "loss": 0.02380271544351297, "native_loss": 0.02380271544351297, "prior_loss": 0.0, "macro_dice": 0.9781783819198608, "macro_iou": 0.9575050473213196, "union_nsd_2px": 0.9805621734926686, "union_assd_px": 0.49674771967326076, "union_hd95_px": 1.180328966717054, "prior_region_fp_rate": 0.010327418775347163, "class_dice": [0.9770472049713135, 0.9904385209083557, 0.9907795190811157, 0.9739399552345276, 0.9698354601860046, 0.9773805141448975, 0.979483962059021, 0.9647951126098633, 0.9496433734893799, 0.9885880351066589, 0.9845454692840576, 0.9786338210105896, 0.9829010367393494, 0.9864846467971802]}
{"arm": "plain", "epoch": 18, "seconds": 27.28588891029358, "loss": 0.02373671645189033, "native_loss": 0.02373671645189033, "prior_loss": 0.0, "macro_dice": 0.9779101610183716, "macro_iou": 0.9570024013519287, "union_nsd_2px": 0.9800402530283391, "union_assd_px": 0.496685367960775, "union_hd95_px": 1.1744211282713493, "prior_region_fp_rate": 0.007219583758852306, "class_dice": [0.9763749241828918, 0.99042147397995, 0.9907322525978088, 0.9737343788146973, 0.9679450392723083, 0.9774681329727173, 0.9798414707183838, 0.9636844992637634, 0.9494192004203796, 0.988728940486908, 0.9845853447914124, 0.9784668684005737, 0.98282390832901, 0.9865148663520813]}
{"arm": "plain", "epoch": 19, "seconds": 32.95835876464844, "loss": 0.02360206346739741, "native_loss": 0.02360206346739741, "prior_loss": 0.0, "macro_dice": 0.9778962135314941, "macro_iou": 0.9569814801216125, "union_nsd_2px": 0.9801141896624646, "union_assd_px": 0.4984072543338361, "union_hd95_px": 1.180328966717054, "prior_region_fp_rate": 0.008644874939939592, "class_dice": [0.9763396382331848, 0.9906138181686401, 0.9908214211463928, 0.9738575220108032, 0.9693451523780823, 0.9776664972305298, 0.9796643853187561, 0.963066041469574, 0.9484843611717224, 0.9885088801383972, 0.984544038772583, 0.9783257246017456, 0.9828786849975586, 0.9864299893379211]}
{"arm": "plain", "epoch": 20, "seconds": 33.44874906539917, "loss": 0.02345900162616197, "native_loss": 0.02345900162616197, "prior_loss": 0.0, "macro_dice": 0.978165328502655, "macro_iou": 0.9574825763702393, "union_nsd_2px": 0.9804089269940269, "union_assd_px": 0.4994785198078598, "union_hd95_px": 1.1573465545775334, "prior_region_fp_rate": 0.008935793195800769, "class_dice": [0.9767900705337524, 0.990609347820282, 0.9908187985420227, 0.973928689956665, 0.969447135925293, 0.9776689410209656, 0.9797416925430298, 0.9639174342155457, 0.9499934911727905, 0.9885897636413574, 0.9845535159111023, 0.9788860082626343, 0.9828265309333801, 0.9865429997444153]}
{"arm": "plain", "epoch": 21, "seconds": 33.415661573410034, "loss": 0.02357531162307543, "native_loss": 0.02357531162307543, "prior_loss": 0.0, "macro_dice": 0.9778795838356018, "macro_iou": 0.9569475054740906, "union_nsd_2px": 0.9803015879269922, "union_assd_px": 0.49921491313434735, "union_hd95_px": 1.1684180331644929, "prior_region_fp_rate": 0.007855687262517693, "class_dice": [0.9767801761627197, 0.9905655384063721, 0.9907466173171997, 0.9735805988311768, 0.9691647887229919, 0.9775320887565613, 0.9796129465103149, 0.9625641107559204, 0.9490212798118591, 0.9886290431022644, 0.9843891859054565, 0.9786239862442017, 0.9828001260757446, 0.9863030314445496]}
{"arm": "plain", "epoch": 22, "seconds": 24.82589292526245, "loss": 0.02327050746363752, "native_loss": 0.02327050746363752, "prior_loss": 0.0, "macro_dice": 0.9779984354972839, "macro_iou": 0.9571728706359863, "union_nsd_2px": 0.9801857569420147, "union_assd_px": 0.49655813869316706, "union_hd95_px": 1.16334964968439, "prior_region_fp_rate": 0.007031963739980587, "class_dice": [0.976671040058136, 0.990563690662384, 0.9908116459846497, 0.9735938310623169, 0.9692206978797913, 0.9776298999786377, 0.9798310995101929, 0.9629159569740295, 0.9493041038513184, 0.9886714220046997, 0.9846444725990295, 0.9788075685501099, 0.9828526973724365, 0.986459493637085]}
{"arm": "plain", "epoch": 23, "seconds": 25.853049278259277, "loss": 0.023150937846478294, "native_loss": 0.023150937846478294, "prior_loss": 0.0, "macro_dice": 0.97796630859375, "macro_iou": 0.9571086764335632, "union_nsd_2px": 0.9802449827769358, "union_assd_px": 0.4948724810568126, "union_hd95_px": 1.16334964968439, "prior_region_fp_rate": 0.008370675613236017, "class_dice": [0.9767513871192932, 0.9905847311019897, 0.9908573627471924, 0.973619818687439, 0.9691352248191833, 0.9776589274406433, 0.9790796041488647, 0.9630752801895142, 0.9495480060577393, 0.9886274933815002, 0.9845651388168335, 0.978735625743866, 0.982818067073822, 0.9864711165428162]}
{"arm": "plain", "epoch": 24, "seconds": 31.504520654678345, "loss": 0.023203238704625297, "native_loss": 0.023203238704625297, "prior_loss": 0.0, "macro_dice": 0.9780221581459045, "macro_iou": 0.9572126865386963, "union_nsd_2px": 0.9804233347531425, "union_assd_px": 0.496711224104733, "union_hd95_px": 1.1693527447912466, "prior_region_fp_rate": 0.008346902764181499, "class_dice": [0.9765945672988892, 0.9906176924705505, 0.9908586144447327, 0.9734517931938171, 0.9691950678825378, 0.977607250213623, 0.9796388149261475, 0.9636779427528381, 0.9497283697128296, 0.9886810779571533, 0.9845752120018005, 0.9782594442367554, 0.9829009175300598, 0.9865227937698364]}
{"arm": "plain", "epoch": 25, "seconds": 33.359596252441406, "loss": 0.023110157001544448, "native_loss": 0.023110157001544448, "prior_loss": 0.0, "macro_dice": 0.9780450463294983, "macro_iou": 0.9572571516036987, "union_nsd_2px": 0.9804557778342686, "union_assd_px": 0.4922743022516352, "union_hd95_px": 1.1573465545775334, "prior_region_fp_rate": 0.00790428482253786, "class_dice": [0.9765651226043701, 0.9905591011047363, 0.9908295273780823, 0.9738717675209045, 0.9690377116203308, 0.9776478409767151, 0.9794237613677979, 0.9638276696205139, 0.9495001435279846, 0.9887478947639465, 0.9844271540641785, 0.9787396192550659, 0.9828798770904541, 0.986572265625]}
{"arm": "plain", "epoch": 26, "seconds": 31.386876583099365, "loss": 0.022996919917709687, "native_loss": 0.022996919917709687, "prior_loss": 0.0, "macro_dice": 0.978011965751648, "macro_iou": 0.9571961164474487, "union_nsd_2px": 0.9804678607993035, "union_assd_px": 0.4946228254054207, "union_hd95_px": 1.1497573603272278, "prior_region_fp_rate": 0.00858196068744902, "class_dice": [0.9766556024551392, 0.9906008243560791, 0.9908415675163269, 0.9738391637802124, 0.9688099026679993, 0.9777371883392334, 0.9793674349784851, 0.9638285636901855, 0.9492741823196411, 0.9887349605560303, 0.9844477772712708, 0.9786508679389954, 0.9828075766563416, 0.986571192741394]}
{"arm": "plain", "epoch": 27, "seconds": 20.11712121963501, "loss": 0.022942421545877178, "native_loss": 0.022942421545877178, "prior_loss": 0.0, "macro_dice": 0.9780361652374268, "macro_iou": 0.9572421908378601, "union_nsd_2px": 0.9804584849955412, "union_assd_px": 0.4944160063062979, "union_hd95_px": 1.154859991168058, "prior_region_fp_rate": 0.008006730111325031, "class_dice": [0.9766751527786255, 0.9905932545661926, 0.9908378720283508, 0.9737957119941711, 0.969058632850647, 0.9777448773384094, 0.9795600175857544, 0.9633488059043884, 0.9495075941085815, 0.9887309670448303, 0.9844951033592224, 0.9787702560424805, 0.9828594923019409, 0.9865281581878662]}
{"arm": "r317_prior", "epoch": 1, "seconds": 26.02472686767578, "loss": 0.026340429642621208, "native_loss": 0.026274811853380764, "prior_loss": 0.0018747929081676857, "macro_dice": 0.9776113629341125, "macro_iou": 0.9564281702041626, "union_nsd_2px": 0.9798303230353045, "union_assd_px": 0.5062795484529579, "union_hd95_px": 1.1693527447912464, "prior_region_fp_rate": 0.006340377373460432, "class_dice": [0.9766829609870911, 0.990261435508728, 0.9907485246658325, 0.9729331731796265, 0.9678948521614075, 0.9772760272026062, 0.9781871438026428, 0.9631418585777283, 0.9498198628425598, 0.9885172247886658, 0.9847286343574524, 0.9775305986404419, 0.98276287317276, 0.9860736131668091]}
{"arm": "r317_prior", "epoch": 2, "seconds": 33.23944306373596, "loss": 0.026198758627561963, "native_loss": 0.02614192195236683, "prior_loss": 0.001623905066294623, "macro_dice": 0.977802038192749, "macro_iou": 0.9567878842353821, "union_nsd_2px": 0.9800366842347746, "union_assd_px": 0.5028483892269886, "union_hd95_px": 1.1744211282713495, "prior_region_fp_rate": 0.008367368626634241, "class_dice": [0.9764732122421265, 0.9902641177177429, 0.9907825589179993, 0.9732769131660461, 0.9674363732337952, 0.977624773979187, 0.9794524312019348, 0.9632396697998047, 0.9507178664207458, 0.9883429408073425, 0.9849273562431335, 0.9776841998100281, 0.9828020930290222, 0.9862033128738403]}
{"arm": "r317_prior", "epoch": 3, "seconds": 34.99624037742615, "loss": 0.026173491372781642, "native_loss": 0.026109019053332946, "prior_loss": 0.0018420653183163856, "macro_dice": 0.9779525995254517, "macro_iou": 0.9570762515068054, "union_nsd_2px": 0.9801195010701843, "union_assd_px": 0.501866528229534, "union_hd95_px": 1.1792595418281928, "prior_region_fp_rate": 0.005276683432722883, "class_dice": [0.976642370223999, 0.9902886748313904, 0.9907299876213074, 0.9742435216903687, 0.9685752391815186, 0.9776642322540283, 0.9790618419647217, 0.9639373421669006, 0.949651837348938, 0.9882278442382812, 0.9846922159194946, 0.978508710861206, 0.9827411770820618, 0.9863699078559875]}
{"arm": "r317_prior", "epoch": 4, "seconds": 34.38407778739929, "loss": 0.025750551872393664, "native_loss": 0.02569513746920754, "prior_loss": 0.0015832679953960264, "macro_dice": 0.9778740406036377, "macro_iou": 0.9569288492202759, "union_nsd_2px": 0.9798414515050088, "union_assd_px": 0.5151707447911881, "union_hd95_px": 1.1803289667170538, "prior_region_fp_rate": 0.005725672565786684, "class_dice": [0.9765641093254089, 0.9903639554977417, 0.9908086657524109, 0.9738363027572632, 0.9678195118904114, 0.9779138565063477, 0.979555606842041, 0.964125394821167, 0.9494563341140747, 0.9879878759384155, 0.9845812916755676, 0.9779490232467651, 0.9831687808036804, 0.9861055016517639]}
{"arm": "r317_prior", "epoch": 5, "seconds": 26.77787971496582, "loss": 0.0257661993626286, "native_loss": 0.02571060788105516, "prior_loss": 0.00158832816146862, "macro_dice": 0.9779664874076843, "macro_iou": 0.9571014642715454, "union_nsd_2px": 0.980236912090706, "union_assd_px": 0.5052138894777765, "union_hd95_px": 1.1855268542190305, "prior_region_fp_rate": 0.004694709787081789, "class_dice": [0.9769574999809265, 0.9902998208999634, 0.9908886551856995, 0.9736315011978149, 0.9683143496513367, 0.9775742888450623, 0.979897677898407, 0.9637163877487183, 0.950273871421814, 0.9883975386619568, 0.9848586320877075, 0.9778268933296204, 0.9829664826393127, 0.98592609167099]}
{"arm": "r317_prior", "epoch": 6, "seconds": 19.207722187042236, "loss": 0.025492611049729236, "native_loss": 0.025438411840621164, "prior_loss": 0.0015485480106230277, "macro_dice": 0.9779421091079712, "macro_iou": 0.957050085067749, "union_nsd_2px": 0.9799141872180787, "union_assd_px": 0.5102093912247634, "union_hd95_px": 1.1718393082007217, "prior_region_fp_rate": 0.006474132800398063, "class_dice": [0.9769856333732605, 0.990376353263855, 0.9908462762832642, 0.9734151363372803, 0.9679642915725708, 0.9774659276008606, 0.9795985221862793, 0.9643685221672058, 0.9506509304046631, 0.9882177114486694, 0.9845708608627319, 0.9777594208717346, 0.9830446243286133, 0.9859251379966736]}
{"arm": "r317_prior", "epoch": 7, "seconds": 18.992504596710205, "loss": 0.025362289556685617, "native_loss": 0.02530983537873801, "prior_loss": 0.001498689798412242, "macro_dice": 0.9776895642280579, "macro_iou": 0.9565841555595398, "union_nsd_2px": 0.9798902705583739, "union_assd_px": 0.501350331626579, "union_hd95_px": 1.1779376599687303, "prior_region_fp_rate": 0.003912956512299234, "class_dice": [0.9763720035552979, 0.99045330286026, 0.990632951259613, 0.9733891487121582, 0.9692806601524353, 0.9769842028617859, 0.9796361327171326, 0.9609004259109497, 0.9497553706169128, 0.9885057806968689, 0.9846153855323792, 0.9783046245574951, 0.9828129410743713, 0.9860106110572815]}
{"arm": "r317_prior", "epoch": 8, "seconds": 23.116873264312744, "loss": 0.02514695609755376, "native_loss": 0.025092482317019913, "prior_loss": 0.00155639309406979, "macro_dice": 0.977981686592102, "macro_iou": 0.9571305513381958, "union_nsd_2px": 0.9800916151723298, "union_assd_px": 0.5012173218145152, "union_hd95_px": 1.1896898077858988, "prior_region_fp_rate": 0.0054244326848954414, "class_dice": [0.9768599271774292, 0.9901543855667114, 0.990833044052124, 0.9738990068435669, 0.9691318869590759, 0.9771493673324585, 0.9795185327529907, 0.9640132784843445, 0.9497753381729126, 0.988548994064331, 0.9845023155212402, 0.9781599044799805, 0.9828810691833496, 0.9863155484199524]}
{"arm": "r317_prior", "epoch": 9, "seconds": 27.538941621780396, "loss": 0.025035907060784453, "native_loss": 0.024984279967406216, "prior_loss": 0.0014750607253346756, "macro_dice": 0.9780666828155518, "macro_iou": 0.9572910070419312, "union_nsd_2px": 0.9797197464615813, "union_assd_px": 0.49356127353595414, "union_hd95_px": 1.1726201997392918, "prior_region_fp_rate": 0.003911534178499925, "class_dice": [0.9765638709068298, 0.990473210811615, 0.9906597137451172, 0.9739881157875061, 0.9690812230110168, 0.9765339493751526, 0.979960560798645, 0.9641568064689636, 0.9503040313720703, 0.9884145259857178, 0.9849333167076111, 0.9782875776290894, 0.9831061363220215, 0.9864698648452759]}
{"arm": "r317_prior", "epoch": 10, "seconds": 27.290161609649658, "loss": 0.024918653881725143, "native_loss": 0.0248659537864082, "prior_loss": 0.0015057164846974261, "macro_dice": 0.9778617024421692, "macro_iou": 0.9569125175476074, "union_nsd_2px": 0.9805050275328231, "union_assd_px": 0.49180684987288387, "union_hd95_px": 1.171839308200722, "prior_region_fp_rate": 0.004516819915721754, "class_dice": [0.9765302538871765, 0.9903771281242371, 0.9907770156860352, 0.9739254117012024, 0.9687910676002502, 0.9774746894836426, 0.9787584543228149, 0.9630672335624695, 0.9489860534667969, 0.9886223077774048, 0.9847269058227539, 0.9785339832305908, 0.9829500317573547, 0.9865421652793884]}
{"arm": "r317_prior", "epoch": 11, "seconds": 27.15050196647644, "loss": 0.024849264420130673, "native_loss": 0.0247972600381164, "prior_loss": 0.0014858397787697066, "macro_dice": 0.9779320359230042, "macro_iou": 0.957039475440979, "union_nsd_2px": 0.9803531530797807, "union_assd_px": 0.49418467249504516, "union_hd95_px": 1.1513434594706768, "prior_region_fp_rate": 0.005580213961896669, "class_dice": [0.9760775566101074, 0.9903959631919861, 0.9908633232116699, 0.9737026691436768, 0.9685744643211365, 0.9770687818527222, 0.9793828725814819, 0.9644356369972229, 0.9494990110397339, 0.9885649681091309, 0.9848437905311584, 0.978442907333374, 0.9828299880027771, 0.9863656163215637]}
{"arm": "r317_prior", "epoch": 12, "seconds": 27.058870553970337, "loss": 0.024693871184306986, "native_loss": 0.024643029171754333, "prior_loss": 0.001452629738213385, "macro_dice": 0.9779728651046753, "macro_iou": 0.9571154713630676, "union_nsd_2px": 0.9797962856898037, "union_assd_px": 0.49943018695036806, "union_hd95_px": 1.1709998532351207, "prior_region_fp_rate": 0.0055639657872140185, "class_dice": [0.9765669107437134, 0.9900915026664734, 0.990759551525116, 0.9738456606864929, 0.9685943722724915, 0.9776166677474976, 0.9796368479728699, 0.9639610052108765, 0.9497371315956116, 0.9884552359580994, 0.9847099184989929, 0.9782688617706299, 0.9829666614532471, 0.986409068107605]}
{"arm": "r317_prior", "epoch": 13, "seconds": 21.27072024345398, "loss": 0.02442178837078459, "native_loss": 0.024369953489478898, "prior_loss": 0.0014809950447285218, "macro_dice": 0.977913498878479, "macro_iou": 0.9570117592811584, "union_nsd_2px": 0.9806542465253595, "union_assd_px": 0.49347358218417164, "union_hd95_px": 1.1472023021963038, "prior_region_fp_rate": 0.005614444246695887, "class_dice": [0.9767166972160339, 0.9904558658599854, 0.9907946586608887, 0.9729527831077576, 0.9696099162101746, 0.9776193499565125, 0.9795459508895874, 0.9623966217041016, 0.949295699596405, 0.9886659979820251, 0.9846786856651306, 0.9787293672561646, 0.9829182624816895, 0.9864087700843811]}
{"arm": "r317_prior", "epoch": 14, "seconds": 18.60745859146118, "loss": 0.024296097645864767, "native_loss": 0.024245524665012078, "prior_loss": 0.0014449410471270847, "macro_dice": 0.9780338406562805, "macro_iou": 0.9572271108627319, "union_nsd_2px": 0.979918591023121, "union_assd_px": 0.49695472386601364, "union_hd95_px": 1.1753558398981028, "prior_region_fp_rate": 0.004294687405611738, "class_dice": [0.9761267304420471, 0.9903843402862549, 0.9906662702560425, 0.9735117554664612, 0.9678853750228882, 0.9775550365447998, 0.9800808429718018, 0.964903712272644, 0.9505035877227783, 0.9886769652366638, 0.9845812320709229, 0.978333055973053, 0.9827736616134644, 0.9864910244941711]}
{"arm": "r317_prior", "epoch": 15, "seconds": 19.3327157497406, "loss": 0.024345334216075785, "native_loss": 0.024289737795205678, "prior_loss": 0.0015884695031426791, "macro_dice": 0.9780265092849731, "macro_iou": 0.9572165012359619, "union_nsd_2px": 0.9806282267666168, "union_assd_px": 0.49777352327017343, "union_hd95_px": 1.1608630862749143, "prior_region_fp_rate": 0.005751652833272719, "class_dice": [0.9767513871192932, 0.9904191493988037, 0.9907919764518738, 0.9738606810569763, 0.9690808653831482, 0.9773193597793579, 0.9793614745140076, 0.9640981554985046, 0.9499175548553467, 0.9885122179985046, 0.9846857786178589, 0.9781703352928162, 0.9829227328300476, 0.9864788055419922]}
{"arm": "r317_prior", "epoch": 16, "seconds": 20.390946626663208, "loss": 0.024123660549521447, "native_loss": 0.024073114969274577, "prior_loss": 0.0014441594774218494, "macro_dice": 0.978003203868866, "macro_iou": 0.9571725726127625, "union_nsd_2px": 0.9798725205882711, "union_assd_px": 0.5031482178553931, "union_hd95_px": 1.1910966306690465, "prior_region_fp_rate": 0.005267155939782435, "class_dice": [0.9769279360771179, 0.9904428124427795, 0.9907975196838379, 0.9742529392242432, 0.9688910245895386, 0.9771124720573425, 0.9796878695487976, 0.963733971118927, 0.950033962726593, 0.9886291027069092, 0.9844487905502319, 0.9776776432991028, 0.9830533266067505, 0.9863547682762146]}
{"arm": "r317_prior", "epoch": 17, "seconds": 24.893450021743774, "loss": 0.02385456231148804, "native_loss": 0.02380459347191979, "prior_loss": 0.0014276815722919043, "macro_dice": 0.9781801104545593, "macro_iou": 0.9575095772743225, "union_nsd_2px": 0.9805892315386487, "union_assd_px": 0.4967087432077197, "union_hd95_px": 1.159928374648161, "prior_region_fp_rate": 0.0076069393120699645, "class_dice": [0.9770330786705017, 0.9904245734214783, 0.9908286929130554, 0.973899245262146, 0.9698314666748047, 0.9775195121765137, 0.9794847369194031, 0.9647457003593445, 0.9495397806167603, 0.9886212348937988, 0.9845519661903381, 0.9786486625671387, 0.9829199314117432, 0.9864723682403564]}
{"arm": "r317_prior", "epoch": 18, "seconds": 19.460506916046143, "loss": 0.02379578458473963, "native_loss": 0.023739476480028207, "prior_loss": 0.0016088032051715451, "macro_dice": 0.9779017567634583, "macro_iou": 0.9569869041442871, "union_nsd_2px": 0.9800768713265477, "union_assd_px": 0.49768915590494106, "union_hd95_px": 1.180424223378206, "prior_region_fp_rate": 0.004998932180162064, "class_dice": [0.9763147234916687, 0.9904089570045471, 0.9907364249229431, 0.9737064242362976, 0.9680838584899902, 0.9773660898208618, 0.9798818230628967, 0.9636980891227722, 0.9493045210838318, 0.9887378215789795, 0.9845748543739319, 0.9784446358680725, 0.9828567504882812, 0.9865084886550903]}
{"arm": "r317_prior", "epoch": 19, "seconds": 19.52164101600647, "loss": 0.023658182125757724, "native_loss": 0.02360872828785111, "prior_loss": 0.0014129667836309903, "macro_dice": 0.9778788685798645, "macro_iou": 0.9569494128227234, "union_nsd_2px": 0.9801859933553411, "union_assd_px": 0.49649326031773444, "union_hd95_px": 1.180328966717054, "prior_region_fp_rate": 0.006036939799713293, "class_dice": [0.9762954711914062, 0.9906089305877686, 0.9908406734466553, 0.9738826751708984, 0.9693223237991333, 0.9775902628898621, 0.979619562625885, 0.9630820751190186, 0.9483636617660522, 0.9885292053222656, 0.9845505952835083, 0.9783065319061279, 0.9828974008560181, 0.9864147901535034]}
{"arm": "r317_prior", "epoch": 20, "seconds": 24.741353273391724, "loss": 0.02351297819877372, "native_loss": 0.023463272390996708, "prior_loss": 0.0014201651857258506, "macro_dice": 0.9781559705734253, "macro_iou": 0.957465648651123, "union_nsd_2px": 0.9804669414923752, "union_assd_px": 0.49987599806847066, "union_hd95_px": 1.159928374648161, "prior_region_fp_rate": 0.00624257874605835, "class_dice": [0.976807177066803, 0.9906194806098938, 0.9908109307289124, 0.9739360809326172, 0.9694652557373047, 0.9775530695915222, 0.9797837734222412, 0.9638882875442505, 0.9498885869979858, 0.9885959625244141, 0.9845505356788635, 0.9788973927497864, 0.9828366041183472, 0.9865503907203674]}
{"arm": "r317_prior", "epoch": 21, "seconds": 19.207820415496826, "loss": 0.023635472694740575, "native_loss": 0.02358426736558185, "prior_loss": 0.0014630077414382386, "macro_dice": 0.9778589010238647, "macro_iou": 0.9569094777107239, "union_nsd_2px": 0.9802500384823503, "union_assd_px": 0.49909199534949006, "union_hd95_px": 1.1659314697550176, "prior_region_fp_rate": 0.005407343120082656, "class_dice": [0.9767611622810364, 0.990574836730957, 0.9907752871513367, 0.9735371470451355, 0.9691621661186218, 0.9775532484054565, 0.9796297550201416, 0.9625114798545837, 0.9488572478294373, 0.988616943359375, 0.9843595027923584, 0.9785889387130737, 0.9828081727027893, 0.98628830909729]}
{"arm": "r317_prior", "epoch": 22, "seconds": 20.71782398223877, "loss": 0.023325167570044013, "native_loss": 0.023276035833884687, "prior_loss": 0.0014037625943584477, "macro_dice": 0.9779801964759827, "macro_iou": 0.9571388959884644, "union_nsd_2px": 0.980213350781152, "union_assd_px": 0.49648713837531944, "union_hd95_px": 1.1690525900359023, "prior_region_fp_rate": 0.004745671811156054, "class_dice": [0.9766958951950073, 0.9905650019645691, 0.9908075332641602, 0.9735811352729797, 0.9692020416259766, 0.9775317907333374, 0.9798254370689392, 0.9628937244415283, 0.9491739869117737, 0.988673210144043, 0.9846134185791016, 0.9788410663604736, 0.9828873872756958, 0.9864303469657898]}
{"arm": "r317_prior", "epoch": 23, "seconds": 19.310556888580322, "loss": 0.02320187708034235, "native_loss": 0.023153788394787732, "prior_loss": 0.0013739632485650123, "macro_dice": 0.9779587388038635, "macro_iou": 0.957095205783844, "union_nsd_2px": 0.9802682090454785, "union_assd_px": 0.4945864647951256, "union_hd95_px": 1.1693527447912466, "prior_region_fp_rate": 0.006122737326775346, "class_dice": [0.9767770171165466, 0.9905750155448914, 0.9908669590950012, 0.9735721349716187, 0.9691311120986938, 0.9776087999343872, 0.9790815114974976, 0.9631068110466003, 0.9494298696517944, 0.9886336326599121, 0.9845733642578125, 0.9787416458129883, 0.9828394651412964, 0.9864851236343384]}
{"arm": "r317_prior", "epoch": 24, "seconds": 25.09801149368286, "loss": 0.023254422628704238, "native_loss": 0.02320499091025661, "prior_loss": 0.0014123350275879014, "macro_dice": 0.9780067205429077, "macro_iou": 0.9571844339370728, "union_nsd_2px": 0.9804921500457494, "union_assd_px": 0.4950579504124505, "union_hd95_px": 1.1659314697550176, "prior_region_fp_rate": 0.006186145726946022, "class_dice": [0.9766265749931335, 0.9906159043312073, 0.9908819794654846, 0.9733961224555969, 0.9691804647445679, 0.9775118827819824, 0.9796559810638428, 0.9636645317077637, 0.9495952129364014, 0.9886775612831116, 0.9845716953277588, 0.9782775044441223, 0.9829151630401611, 0.9865235090255737]}
{"arm": "r317_prior", "epoch": 25, "seconds": 25.806561946868896, "loss": 0.023163287705358335, "native_loss": 0.023115717588978655, "prior_loss": 0.001359146669441115, "macro_dice": 0.9780241250991821, "macro_iou": 0.9572184085845947, "union_nsd_2px": 0.980457865226351, "union_assd_px": 0.49211535777972293, "union_hd95_px": 1.1658362130938655, "prior_region_fp_rate": 0.005575964971553851, "class_dice": [0.9766009449958801, 0.9905725717544556, 0.9908123016357422, 0.9738381505012512, 0.9689861536026001, 0.9775553345680237, 0.9794434905052185, 0.9637861251831055, 0.9493904113769531, 0.9887454509735107, 0.9844035506248474, 0.9787248969078064, 0.9829136729240417, 0.9865645170211792]}
{"arm": "r317_prior", "epoch": 26, "seconds": 33.99493169784546, "loss": 0.02304844036260072, "native_loss": 0.023001886834116542, "prior_loss": 0.001330101615150103, "macro_dice": 0.978000819683075, "macro_iou": 0.9571757316589355, "union_nsd_2px": 0.9804248452354968, "union_assd_px": 0.49637015346803415, "union_hd95_px": 1.154859991168058, "prior_region_fp_rate": 0.0060580308929872005, "class_dice": [0.9767232537269592, 0.9906109571456909, 0.9908357262611389, 0.9737962484359741, 0.9687638878822327, 0.9776249527931213, 0.9794004559516907, 0.9638293385505676, 0.9491811990737915, 0.9887477159500122, 0.9844555258750916, 0.9786409735679626, 0.9828256368637085, 0.9865744113922119]}
{"arm": "r317_prior", "epoch": 27, "seconds": 18.922427892684937, "loss": 0.022993138235281495, "native_loss": 0.0229451049163061, "prior_loss": 0.0013723810658077982, "macro_dice": 0.97800612449646, "macro_iou": 0.957186222076416, "union_nsd_2px": 0.9804313807406764, "union_assd_px": 0.49569300004881495, "union_hd95_px": 1.1578313716487696, "prior_region_fp_rate": 0.005495987198038165, "class_dice": [0.976688027381897, 0.9905916452407837, 0.9908426403999329, 0.9737396836280823, 0.9689053893089294, 0.9776523113250732, 0.9795500636100769, 0.9632906913757324, 0.9493802189826965, 0.9887436032295227, 0.9845080375671387, 0.9787795543670654, 0.9828531742095947, 0.9865594506263733]}
{
  "experiment": "R323_RAM_NNUNET_RAM_NATIVE_R317",
  "split": "validation",
  "test_used": false,
  "threshold": 0.5,
  "threshold_search": false,
  "alpha": 0.035,
  "initialization": {
    "source": "/root/autodl-tmp/YOLO_SAM_generic_src/outputs/ram_w600/r285_nnunet_overlap_prior/baseline_best.pth",
    "sha256": "3e42fbeb763f6e1fafc80e550c1c630b7fd599ff8cb85f7462ff8b5926475d01",
    "expanded_input_keys": [
      "backbone.encoder.stages.0.0.convs.0.conv.weight",
      "backbone.encoder.stages.0.0.convs.0.all_modules.0.weight",
      "backbone.decoder.encoder.stages.0.0.convs.0.conv.weight",
      "backbone.decoder.encoder.stages.0.0.convs.0.all_modules.0.weight"
    ],
    "truncated_output_keys": [
      "backbone.decoder.seg_layers.0.weight",
      "backbone.decoder.seg_layers.0.bias",
      "backbone.decoder.seg_layers.1.weight",
      "backbone.decoder.seg_layers.1.bias",
      "backbone.decoder.seg_layers.2.weight",
      "backbone.decoder.seg_layers.2.bias",
      "backbone.decoder.seg_layers.3.weight",
      "backbone.decoder.seg_layers.3.bias",
      "backbone.decoder.seg_layers.4.weight",
      "backbone.decoder.seg_layers.4.bias"
    ],
    "prior_channel_nonzero": 0,
    "max_abs_logit_difference": 0.0
  },
  "plain_best": {
    "arm": "plain",
    "epoch": 17,
    "seconds": 25.784703969955444,
    "loss": 0.02380271544351297,
    "native_loss": 0.02380271544351297,
    "prior_loss": 0.0,
    "macro_dice": 0.9781783819198608,
    "macro_iou": 0.9575050473213196,
    "union_nsd_2px": 0.9805621734926686,
    "union_assd_px": 0.49674771967326076,
    "union_hd95_px": 1.180328966717054,
    "prior_region_fp_rate": 0.010327418775347163,
    "class_dice": [
      0.9770472049713135,
      0.9904385209083557,
      0.9907795190811157,
      0.9739399552345276,
      0.9698354601860046,
      0.9773805141448975,
      0.979483962059021,
      0.9647951126098633,
      0.9496433734893799,
      0.9885880351066589,
      0.9845454692840576,
      0.9786338210105896,
      0.9829010367393494,
      0.9864846467971802
    ]
  },
  "prior_best": {
    "arm": "r317_prior",
    "epoch": 17,
    "seconds": 24.893450021743774,
    "loss": 0.02385456231148804,
    "native_loss": 0.02380459347191979,
    "prior_loss": 0.0014276815722919043,
    "macro_dice": 0.9781801104545593,
    "macro_iou": 0.9575095772743225,
    "union_nsd_2px": 0.9805892315386487,
    "union_assd_px": 0.4967087432077197,
    "union_hd95_px": 1.159928374648161,
    "prior_region_fp_rate": 0.0076069393120699645,
    "class_dice": [
      0.9770330786705017,
      0.9904245734214783,
      0.9908286929130554,
      0.973899245262146,
      0.9698314666748047,
      0.9775195121765137,
      0.9794847369194031,
      0.9647457003593445,
      0.9495397806167603,
      0.9886212348937988,
      0.9845519661903381,
      0.9786486625671387,
      0.9829199314117432,
      0.9864723682403564
    ]
  },
  "plain_val": {
    "macro_dice": 0.9781783819198608,
    "macro_iou": 0.9575050473213196,
    "union_nsd_2px": 0.9805621734926686,
    "union_assd_px": 0.49674771967326076,
    "union_hd95_px": 1.180328966717054,
    "prior_region_fp_rate": 0.010327418775347163,
    "class_dice": [
      0.9770472049713135,
      0.9904385209083557,
      0.9907795190811157,
      0.9739399552345276,
      0.9698354601860046,
      0.9773805141448975,
      0.979483962059021,
      0.9647951126098633,
      0.9496433734893799,
      0.9885880351066589,
      0.9845454692840576,
      0.9786338210105896,
      0.9829010367393494,
      0.9864846467971802
    ]
  },
  "r317_prior_val": {
    "macro_dice": 0.9781801104545593,
    "macro_iou": 0.9575095772743225,
    "union_nsd_2px": 0.9805892315386487,
    "union_assd_px": 0.4967087432077197,
    "union_hd95_px": 1.159928374648161,
    "prior_region_fp_rate": 0.0076069393120699645,
    "class_dice": [
      0.9770330786705017,
      0.9904245734214783,
      0.9908286929130554,
      0.973899245262146,
      0.9698314666748047,
      0.9775195121765137,
      0.9794847369194031,
      0.9647457003593445,
      0.9495397806167603,
      0.9886212348937988,
      0.9845519661903381,
      0.9786486625671387,
      0.9829199314117432,
      0.9864723682403564
    ]
  },
  "delta_prior_minus_plain": {
    "macro_dice": 1.7285346984863281e-06,
    "macro_iou": 4.5299530029296875e-06,
    "union_nsd_2px": 2.705804598013284e-05,
    "union_assd_px": -3.8976465541074035e-05,
    "union_hd95_px": -0.020400592068892998,
    "prior_region_fp_rate": -0.0027204794632771983
  }
}
[R323] complete 2026-08-03T12:10:31+08:00
Filesystem      Size  Used Avail Use% Mounted on
/dev/md0         50G   44G  6.1G  88% /root/autodl-tmp
