{
  "oracle": {
    "baseline": {
      "macro_dsc": 0.9787625074386597,
      "macro_iou": 0.9586416482925415,
      "overlap_dsc": 0.8726450227929484,
      "overlap_iou": 0.7740641968807098,
      "overlap_nsd_2px": 0.7803977023041856,
      "overlap_msd_px": 1.9683665914511166,
      "overlap_msd_fail_rate": 0.0,
      "class_dsc": [
        0.977794349193573,
        0.9901606440544128,
        0.9909178018569946,
        0.9755984544754028,
        0.9681171774864197,
        0.9771305918693542,
        0.9809619188308716,
        0.9641631841659546,
        0.9496555328369141,
        0.9893643856048584,
        0.9862034916877747,
        0.9798684120178223,
        0.984454870223999,
        0.9882832765579224
      ]
    },
    "fn_only": {
      "macro_dsc": 0.987231433391571,
      "macro_iou": 0.9748265743255615,
      "overlap_dsc": 0.9470150559558136,
      "overlap_iou": 0.8993624304389292,
      "overlap_nsd_2px": 0.8988817570612381,
      "overlap_msd_px": 1.050710327818283,
      "overlap_msd_fail_rate": 0.0,
      "class_dsc": [
        0.98832106590271,
        0.9932103753089905,
        0.9911865592002869,
        0.9860962629318237,
        0.9878701567649841,
        0.9816902279853821,
        0.989371120929718,
        0.9814819097518921,
        0.9750239253044128,
        0.990189254283905,
        0.9907790422439575,
        0.9866109490394592,
        0.9891689419746399,
        0.9902390241622925
      ]
    },
    "full_local": {
      "macro_dsc": 0.9934187531471252,
      "macro_iou": 0.9869378209114075,
      "overlap_dsc": 1.0,
      "overlap_iou": 1.0,
      "overlap_nsd_2px": 1.0,
      "overlap_msd_px": 0.0,
      "overlap_msd_fail_rate": 0.0,
      "class_dsc": [
        0.9971457123756409,
        0.9952017068862915,
        0.9915676712989807,
        0.9954200387001038,
        0.9956009984016418,
        0.9858562350273132,
        0.9963546395301819,
        0.9932262897491455,
        0.9936488270759583,
        0.9909800291061401,
        0.9941759705543518,
        0.9932149052619934,
        0.9931061267852783,
        0.9923623204231262
      ]
    },
    "delta_fn_only": {
      "macro_dsc": 0.008468925952911377,
      "macro_iou": 0.01618492603302002,
      "overlap_dsc": 0.07437003316286517,
      "overlap_iou": 0.12529823355821934,
      "overlap_nsd_2px": 0.11848405475705248,
      "overlap_msd_px": -0.9176562636328336
    },
    "delta_full_local": {
      "macro_dsc": 0.014656245708465576,
      "macro_iou": 0.028296172618865967,
      "overlap_dsc": 0.12735497720705158,
      "overlap_iou": 0.22593580311929018,
      "overlap_nsd_2px": 0.2196022976958144,
      "overlap_msd_px": -1.9683665914511166
    }
  }
}
{"arm": "capacity_control", "completion_prior": false, "epoch": 1, "seconds": 42.33386540412903, "learning_rate": 0.0001992114701314478, "passes_macro_non_degradation": false, "train_loss": 0.08374238654094583, "train_bce": 0.023669246283962445, "train_dice_loss": 0.14983653419158038, "train_conservation": 0.1648931036834427, "train_local_fraction": 0.01641103376141366, "macro_dsc": 0.9787591695785522, "macro_iou": 0.9586350917816162, "overlap_dsc": 0.8729962925301398, "overlap_iou": 0.774617144812566, "overlap_nsd_2px": 0.779927933464542, "overlap_msd_px": 2.001278501251163, "overlap_msd_fail_rate": 0.0, "class_dsc": [0.9777934551239014, 0.9902092814445496, 0.9909127354621887, 0.9755579233169556, 0.9682971835136414, 0.9770651459693909, 0.9809153079986572, 0.9641909003257751, 0.949613094329834, 0.9893696308135986, 0.9861857891082764, 0.9798070788383484, 0.9844464063644409, 0.988264262676239]}
{"arm": "capacity_control", "completion_prior": false, "epoch": 2, "seconds": 41.75011444091797, "learning_rate": 0.0001968583161128631, "passes_macro_non_degradation": false, "train_loss": 0.07007777869701386, "train_bce": 0.019753412043347077, "train_dice_loss": 0.09962638728758869, "train_conservation": 0.7190764442612143, "train_local_fraction": 0.016485472179072744, "macro_dsc": 0.9784538149833679, "macro_iou": 0.9580500721931458, "overlap_dsc": 0.8716841282155425, "overlap_iou": 0.7725533692287172, "overlap_nsd_2px": 0.7717088880037869, "overlap_msd_px": 2.088805508760948, "overlap_msd_fail_rate": 0.0, "class_dsc": [0.9773462414741516, 0.9895625114440918, 0.9908856749534607, 0.974824845790863, 0.9687627553939819, 0.9764778017997742, 0.9806104302406311, 0.9640703201293945, 0.9491062164306641, 0.9894022345542908, 0.985956072807312, 0.9790490865707397, 0.9842779040336609, 0.9880209565162659]}
{"arm": "capacity_control", "completion_prior": false, "epoch": 3, "seconds": 41.91533923149109, "learning_rate": 0.00019297764858882514, "passes_macro_non_degradation": false, "train_loss": 0.06508567642639665, "train_bce": 0.01796947352588177, "train_dice_loss": 0.07713955626768225, "train_conservation": 1.0244833333352033, "train_local_fraction": 0.01649635928299497, "macro_dsc": 0.9785693883895874, "macro_iou": 0.958275318145752, "overlap_dsc": 0.8733874936610034, "overlap_iou": 0.7752333546599757, "overlap_nsd_2px": 0.7765059594489914, "overlap_msd_px": 2.0613468833704216, "overlap_msd_fail_rate": 0.0, "class_dsc": [0.9775071144104004, 0.9901904463768005, 0.9909693002700806, 0.9749777317047119, 0.9687873125076294, 0.9763829708099365, 0.9805812239646912, 0.9643515944480896, 0.9488730430603027, 0.9894704818725586, 0.9861112833023071, 0.9793424606323242, 0.9843518137931824, 0.9880744814872742]}
{"arm": "capacity_control", "completion_prior": false, "epoch": 4, "seconds": 40.96967339515686, "learning_rate": 0.00018763066800438636, "passes_macro_non_degradation": false, "train_loss": 0.06408055899774327, "train_bce": 0.017512307283194625, "train_dice_loss": 0.07038460408940035, "train_conservation": 1.138785964460934, "train_local_fraction": 0.01655147545477923, "macro_dsc": 0.9785621166229248, "macro_iou": 0.9582598805427551, "overlap_dsc": 0.8732927140097048, "overlap_iou": 0.7750840203821218, "overlap_nsd_2px": 0.7733636607953964, "overlap_msd_px": 2.081847576088455, "overlap_msd_fail_rate": 0.0, "class_dsc": [0.9776850342750549, 0.9901318550109863, 0.9908748269081116, 0.9747723340988159, 0.9689986109733582, 0.9765220880508423, 0.9803668856620789, 0.9643732309341431, 0.9488681554794312, 0.9894521832466125, 0.9860645532608032, 0.9793746471405029, 0.9843424558639526, 0.9880421161651611]}
{"arm": "capacity_control", "completion_prior": false, "epoch": 5, "seconds": 41.587871074676514, "learning_rate": 0.00018090169943749476, "passes_macro_non_degradation": false, "train_loss": 0.06372120458413573, "train_bce": 0.017035164191004107, "train_dice_loss": 0.06825631870942957, "train_conservation": 1.1818261037153357, "train_local_fraction": 0.016486875684384037, "macro_dsc": 0.9786434173583984, "macro_iou": 0.958418071269989, "overlap_dsc": 0.8740398607087425, "overlap_iou": 0.7762619020035757, "overlap_nsd_2px": 0.776938019849817, "overlap_msd_px": 2.0358636495240687, "overlap_msd_fail_rate": 0.0, "class_dsc": [0.9777967929840088, 0.9902539849281311, 0.9909461736679077, 0.9750549793243408, 0.9689524173736572, 0.9764456748962402, 0.980648398399353, 0.964377760887146, 0.9487360119819641, 0.9894457459449768, 0.9862290024757385, 0.9795923233032227, 0.9843941330909729, 0.9881340265274048]}
{"arm": "capacity_control", "completion_prior": false, "epoch": 6, "seconds": 40.63949656486511, "learning_rate": 0.00017289686274214118, "passes_macro_non_degradation": false, "train_loss": 0.06382533038363737, "train_bce": 0.0168568586415666, "train_dice_loss": 0.06743317281498629, "train_conservation": 1.2104565689143012, "train_local_fraction": 0.0163604690770016, "macro_dsc": 0.9785807132720947, "macro_iou": 0.9582973718643188, "overlap_dsc": 0.8737427973161596, "overlap_iou": 0.7757933918706462, "overlap_nsd_2px": 0.7739609452695742, "overlap_msd_px": 2.0383913654678367, "overlap_msd_fail_rate": 0.0, "class_dsc": [0.9775762557983398, 0.9901533722877502, 0.9909845590591431, 0.9749172329902649, 0.9689747095108032, 0.9765388369560242, 0.9805529713630676, 0.9645453095436096, 0.948643684387207, 0.9894591569900513, 0.9861094355583191, 0.9791558384895325, 0.984430730342865, 0.9880868792533875]}
{"arm": "capacity_control", "completion_prior": false, "epoch": 7, "seconds": 41.14644193649292, "learning_rate": 0.000163742398974869, "passes_macro_non_degradation": true, "train_loss": 0.06303977052955066, "train_bce": 0.016582438285079073, "train_dice_loss": 0.066147221957936, "train_conservation": 1.2076590323448182, "train_local_fraction": 0.016511828217874554, "macro_dsc": 0.9788063168525696, "macro_iou": 0.9587254524230957, "overlap_dsc": 0.874568438462542, "overlap_iou": 0.7770961530904947, "overlap_nsd_2px": 0.7786358478377131, "overlap_msd_px": 2.003534419726275, "overlap_msd_fail_rate": 0.0, "class_dsc": [0.9779176115989685, 0.990166962146759, 0.9910081624984741, 0.9754574298858643, 0.9691465497016907, 0.9766886234283447, 0.9808810949325562, 0.9646063446998596, 0.9492220878601074, 0.9894949793815613, 0.9862520694732666, 0.9797241687774658, 0.9845642447471619, 0.9881577491760254]}
{"arm": "capacity_control", "completion_prior": false, "epoch": 8, "seconds": 41.381412744522095, "learning_rate": 0.00015358267949789966, "passes_macro_non_degradation": false, "train_loss": 0.06348078302600804, "train_bce": 0.01653258112642695, "train_dice_loss": 0.0663120698928833, "train_conservation": 1.2273716549312368, "train_local_fraction": 0.016420272354255704, "macro_dsc": 0.9786045551300049, "macro_iou": 0.9583460092544556, "overlap_dsc": 0.8737426216243508, "overlap_iou": 0.7757931147978749, "overlap_nsd_2px": 0.7732145984933659, "overlap_msd_px": 2.024608262300171, "overlap_msd_fail_rate": 0.0, "class_dsc": [0.9777766466140747, 0.9900745749473572, 0.9910377860069275, 0.9747970104217529, 0.9690084457397461, 0.9765943288803101, 0.9804889559745789, 0.9645437598228455, 0.9483507871627808, 0.9895141124725342, 0.9861838817596436, 0.9793508648872375, 0.9845356345176697, 0.9882062673568726]}
{"arm": "capacity_control", "completion_prior": false, "epoch": 9, "seconds": 41.916213035583496, "learning_rate": 0.00014257792915650726, "passes_macro_non_degradation": false, "train_loss": 0.06311897823039223, "train_bce": 0.01642657612724339, "train_dice_loss": 0.06586564933552462, "train_conservation": 1.2222410080012154, "train_local_fraction": 0.016433615035870496, "macro_dsc": 0.9784509539604187, "macro_iou": 0.9580495953559875, "overlap_dsc": 0.8727723831153248, "overlap_iou": 0.7742646366880227, "overlap_nsd_2px": 0.7705486113733132, "overlap_msd_px": 2.0420374520681484, "overlap_msd_fail_rate": 0.0, "class_dsc": [0.977534294128418, 0.9898888468742371, 0.9909669160842896, 0.9746724963188171, 0.968924880027771, 0.9764401316642761, 0.9803932905197144, 0.9644917845726013, 0.9483767747879028, 0.9895095825195312, 0.9859304428100586, 0.978905975818634, 0.9843903183937073, 0.9878873825073242]}
{"arm": "capacity_control", "completion_prior": false, "epoch": 10, "seconds": 43.19949674606323, "learning_rate": 0.00013090169943749474, "passes_macro_non_degradation": true, "train_loss": 0.06341017041136236, "train_bce": 0.0165583330206573, "train_dice_loss": 0.06603517392102409, "train_conservation": 1.229363014978521, "train_local_fraction": 0.016411494194146465, "macro_dsc": 0.9788626432418823, "macro_iou": 0.958835780620575, "overlap_dsc": 0.8748536566242886, "overlap_iou": 0.7775466367670634, "overlap_nsd_2px": 0.7799370324811943, "overlap_msd_px": 1.9723444609371552, "overlap_msd_fail_rate": 0.0, "class_dsc": [0.9780696630477905, 0.9903355240821838, 0.9910157918930054, 0.9753628373146057, 0.9692910313606262, 0.9768829941749573, 0.9808292984962463, 0.9646003246307373, 0.9490454792976379, 0.9895921945571899, 0.9863355159759521, 0.9798226952552795, 0.9846537709236145, 0.9882400631904602]}
{"arm": "capacity_control", "completion_prior": false, "epoch": 11, "seconds": 41.412455558776855, "learning_rate": 0.00011873813145857248, "passes_macro_non_degradation": false, "train_loss": 0.0637645368015065, "train_bce": 0.016281882994534338, "train_dice_loss": 0.06623827555600334, "train_conservation": 1.2501139269155614, "train_local_fraction": 0.01620650855714784, "macro_dsc": 0.9786714315414429, "macro_iou": 0.9584696888923645, "overlap_dsc": 0.8738633027631959, "overlap_iou": 0.7759834161379987, "overlap_nsd_2px": 0.7748978895118968, "overlap_msd_px": 1.9914539390022363, "overlap_msd_fail_rate": 0.0, "class_dsc": [0.9778985381126404, 0.9900551438331604, 0.9909289479255676, 0.974906861782074, 0.9690964818000793, 0.9765427708625793, 0.9807525277137756, 0.9644990563392639, 0.9488701820373535, 0.9895749688148499, 0.9862138032913208, 0.9794811606407166, 0.9844774007797241, 0.988101601600647]}
{"arm": "capacity_control", "completion_prior": false, "epoch": 12, "seconds": 42.42688274383545, "learning_rate": 0.00010627905195293135, "passes_macro_non_degradation": false, "train_loss": 0.0632195143226315, "train_bce": 0.016497316993772982, "train_dice_loss": 0.06569658293443567, "train_conservation": 1.2291264437226688, "train_local_fraction": 0.016479476232300786, "macro_dsc": 0.9787456393241882, "macro_iou": 0.9586135745048523, "overlap_dsc": 0.8744719965628485, "overlap_iou": 0.7769438803679546, "overlap_nsd_2px": 0.7760277468365923, "overlap_msd_px": 1.9740580820879228, "overlap_msd_fail_rate": 0.0, "class_dsc": [0.9778686761856079, 0.9902210235595703, 0.9910380840301514, 0.9750826358795166, 0.9692478179931641, 0.9767778515815735, 0.9806925058364868, 0.964746356010437, 0.9486570954322815, 0.9895691275596619, 0.986255407333374, 0.9793825745582581, 0.9846829175949097, 0.988216757774353]}
{"arm": "capacity_control", "completion_prior": false, "epoch": 13, "seconds": 42.333993434906006, "learning_rate": 9.372094804706867e-05, "passes_macro_non_degradation": false, "train_loss": 0.06285924378563376, "train_bce": 0.016271859409616275, "train_dice_loss": 0.06538358225541956, "train_conservation": 1.2243554946955513, "train_local_fraction": 0.016516941336586193, "macro_dsc": 0.9785594940185547, "macro_iou": 0.9582570195198059, "overlap_dsc": 0.873443556357044, "overlap_iou": 0.7753216974251845, "overlap_nsd_2px": 0.771432873988378, "overlap_msd_px": 2.0190429629960964, "overlap_msd_fail_rate": 0.0, "class_dsc": [0.9776330590248108, 0.9900027513504028, 0.9909746050834656, 0.9748931527137756, 0.9690810441970825, 0.9767098426818848, 0.9804589748382568, 0.9646280407905579, 0.9483917355537415, 0.9894565939903259, 0.9860381484031677, 0.9790621995925903, 0.984529972076416, 0.9879714846611023]}
{"arm": "capacity_control", "completion_prior": false, "epoch": 14, "seconds": 40.670735359191895, "learning_rate": 8.126186854142755e-05, "passes_macro_non_degradation": false, "train_loss": 0.06281288617674043, "train_bce": 0.01636055738719947, "train_dice_loss": 0.06524095086490407, "train_conservation": 1.2228076333158155, "train_local_fraction": 0.016607061576317337, "macro_dsc": 0.9787448048591614, "macro_iou": 0.9586105346679688, "overlap_dsc": 0.8748238055199119, "overlap_iou": 0.7774994773742032, "overlap_nsd_2px": 0.7779855174861291, "overlap_msd_px": 1.9690759044914816, "overlap_msd_fail_rate": 0.0, "class_dsc": [0.9778739213943481, 0.9902406334877014, 0.9910068511962891, 0.9751940965652466, 0.9692198038101196, 0.9766660928726196, 0.9808124303817749, 0.9647154211997986, 0.9488288164138794, 0.9896113276481628, 0.9861788749694824, 0.9793750047683716, 0.98463374376297, 0.9880706071853638]}
{"arm": "capacity_control", "completion_prior": false, "epoch": 15, "seconds": 42.07849144935608, "learning_rate": 6.90983005625053e-05, "passes_macro_non_degradation": true, "train_loss": 0.06312338334672592, "train_bce": 0.016446375381201507, "train_dice_loss": 0.06555076865588917, "train_conservation": 1.2290016114010531, "train_local_fraction": 0.016461972510989974, "macro_dsc": 0.9789621233940125, "macro_iou": 0.9590262174606323, "overlap_dsc": 0.8756050306593253, "overlap_iou": 0.778734477425406, "overlap_nsd_2px": 0.7811952032034061, "overlap_msd_px": 1.9336745383006788, "overlap_msd_fail_rate": 0.0, "class_dsc": [0.9781902432441711, 0.9905116558074951, 0.991076648235321, 0.9755709171295166, 0.9694042205810547, 0.976996898651123, 0.9808629751205444, 0.964858889579773, 0.9490404725074768, 0.9895138144493103, 0.9864121675491333, 0.9799131751060486, 0.9847717881202698, 0.9883451461791992]}
{"arm": "capacity_control", "completion_prior": false, "epoch": 16, "seconds": 43.07894253730774, "learning_rate": 5.742207084349274e-05, "passes_macro_non_degradation": false, "train_loss": 0.06335030922994894, "train_bce": 0.016321878832052737, "train_dice_loss": 0.06562149805181167, "train_conservation": 1.2421801384757547, "train_local_fraction": 0.0163642454432214, "macro_dsc": 0.9786887168884277, "macro_iou": 0.9585025310516357, "overlap_dsc": 0.8740685915774067, "overlap_iou": 0.776307227018811, "overlap_nsd_2px": 0.7741007976457305, "overlap_msd_px": 1.9980593980305714, "overlap_msd_fail_rate": 0.0, "class_dsc": [0.9778867959976196, 0.9900011420249939, 0.9909926652908325, 0.9750014543533325, 0.9691230654716492, 0.9765730500221252, 0.9807856678962708, 0.9647635817527771, 0.9487789273262024, 0.9895228743553162, 0.986121654510498, 0.9792683124542236, 0.9845920205116272, 0.9882292151451111]}
{"arm": "capacity_control", "completion_prior": false, "epoch": 17, "seconds": 41.77843189239502, "learning_rate": 4.6417320502100316e-05, "passes_macro_non_degradation": true, "train_loss": 0.06303843676167376, "train_bce": 0.01626285588807043, "train_dice_loss": 0.0653590092939489, "train_conservation": 1.2341156465866987, "train_local_fraction": 0.016380828200455975, "macro_dsc": 0.9789280891418457, "macro_iou": 0.9589586853981018, "overlap_dsc": 0.8756365394884345, "overlap_iou": 0.7787843237777424, "overlap_nsd_2px": 0.779594776351998, "overlap_msd_px": 1.9388545354379205, "overlap_msd_fail_rate": 0.0, "class_dsc": [0.9781252145767212, 0.9904350638389587, 0.9910207390785217, 0.9755014777183533, 0.9693745374679565, 0.9768479466438293, 0.9809709191322327, 0.9648981690406799, 0.949273943901062, 0.9895948171615601, 0.9862837791442871, 0.979664146900177, 0.9846795797348022, 0.9883227944374084]}
{"arm": "capacity_control", "completion_prior": false, "epoch": 18, "seconds": 41.34255123138428, "learning_rate": 3.6257601025131026e-05, "passes_macro_non_degradation": true, "train_loss": 0.06291903352912735, "train_bce": 0.016042873676428024, "train_dice_loss": 0.0652482021556181, "train_conservation": 1.2366881530425127, "train_local_fraction": 0.01635434964343029, "macro_dsc": 0.9788345098495483, "macro_iou": 0.9587824940681458, "overlap_dsc": 0.8749496634326568, "overlap_iou": 0.7776983240922786, "overlap_nsd_2px": 0.777518988360368, "overlap_msd_px": 1.9595987413493312, "overlap_msd_fail_rate": 0.0, "class_dsc": [0.9780741333961487, 0.9902800917625427, 0.991047203540802, 0.9752812385559082, 0.9693702459335327, 0.9768641591072083, 0.9808242917060852, 0.9647681713104248, 0.9488427042961121, 0.9896113276481628, 0.9862512946128845, 0.9795325398445129, 0.9847213625907898, 0.9882144331932068]}
{"arm": "capacity_control", "completion_prior": false, "epoch": 19, "seconds": 41.46608209609985, "learning_rate": 2.7103137257858868e-05, "passes_macro_non_degradation": true, "train_loss": 0.0629929959248094, "train_bce": 0.016200437283910372, "train_dice_loss": 0.0653597976179684, "train_conservation": 1.233542366588817, "train_local_fraction": 0.016466271515716526, "macro_dsc": 0.9789446592330933, "macro_iou": 0.958991527557373, "overlap_dsc": 0.8753583631628531, "overlap_iou": 0.7783443476401396, "overlap_nsd_2px": 0.7785103799923683, "overlap_msd_px": 1.9458017742651499, "overlap_msd_fail_rate": 0.0, "class_dsc": [0.9781862497329712, 0.9902620315551758, 0.9910416007041931, 0.975436270236969, 0.9694226980209351, 0.9770898818969727, 0.9808714389801025, 0.9649770855903625, 0.9490371346473694, 0.9895935654640198, 0.9863437414169312, 0.9798575639724731, 0.9847861528396606, 0.9883193373680115]}
{"arm": "capacity_control", "completion_prior": false, "epoch": 20, "seconds": 39.98017239570618, "learning_rate": 1.909830056250527e-05, "passes_macro_non_degradation": true, "train_loss": 0.06264558377511362, "train_bce": 0.01624225687892998, "train_dice_loss": 0.0650044584274292, "train_conservation": 1.2230168605552, "train_local_fraction": 0.016554140612921295, "macro_dsc": 0.9788802266120911, "macro_iou": 0.9588691592216492, "overlap_dsc": 0.8754285155454999, "overlap_iou": 0.7784552829604792, "overlap_nsd_2px": 0.7788038474490697, "overlap_msd_px": 1.9457018422601506, "overlap_msd_fail_rate": 0.0, "class_dsc": [0.9780960083007812, 0.9903762936592102, 0.9910232424736023, 0.9754257202148438, 0.9693627953529358, 0.9769076704978943, 0.9809930920600891, 0.964943528175354, 0.9488852620124817, 0.9896240830421448, 0.986262321472168, 0.9795778393745422, 0.9847267270088196, 0.9881184101104736]}
{"arm": "capacity_control", "completion_prior": false, "epoch": 21, "seconds": 41.02385640144348, "learning_rate": 1.2369331995613644e-05, "passes_macro_non_degradation": true, "train_loss": 0.06321084354730214, "train_bce": 0.01653659658835215, "train_dice_loss": 0.06553657994550817, "train_conservation": 1.2312127698169035, "train_local_fraction": 0.016472942842280163, "macro_dsc": 0.978950560092926, "macro_iou": 0.9590027928352356, "overlap_dsc": 0.875457210406904, "overlap_iou": 0.7785006638749873, "overlap_nsd_2px": 0.7795237701557691, "overlap_msd_px": 1.9453039594432533, "overlap_msd_fail_rate": 0.0, "class_dsc": [0.9781447649002075, 0.9903526306152344, 0.9910654425621033, 0.9755100607872009, 0.9694371819496155, 0.9770992398262024, 0.9809496998786926, 0.9649454355239868, 0.9490706324577332, 0.9895932674407959, 0.9863346219062805, 0.9796965718269348, 0.9848250150680542, 0.9882821440696716]}
{"arm": "capacity_control", "completion_prior": false, "epoch": 22, "seconds": 41.86732792854309, "learning_rate": 7.0223514111748665e-06, "passes_macro_non_degradation": true, "train_loss": 0.06331893953330377, "train_bce": 0.01625987304155441, "train_dice_loss": 0.06544370146358715, "train_conservation": 1.2463172432955574, "train_local_fraction": 0.016341293605373185, "macro_dsc": 0.9788476824760437, "macro_iou": 0.9588070511817932, "overlap_dsc": 0.8750770981127612, "overlap_iou": 0.777899706979118, "overlap_nsd_2px": 0.7774948758325962, "overlap_msd_px": 1.9603873086652825, "overlap_msd_fail_rate": 0.0, "class_dsc": [0.9780669212341309, 0.9902761578559875, 0.9910237193107605, 0.9752638936042786, 0.9693685173988342, 0.9769077301025391, 0.9809106588363647, 0.9648803472518921, 0.9488527178764343, 0.9896424412727356, 0.9862465262413025, 0.9795222282409668, 0.9847345352172852, 0.9881700277328491]}
{"arm": "capacity_control", "completion_prior": false, "epoch": 23, "seconds": 40.81827235221863, "learning_rate": 3.141683887136904e-06, "passes_macro_non_degradation": true, "train_loss": 0.0632140035751988, "train_bce": 0.01648075109895538, "train_dice_loss": 0.06558153839672314, "train_conservation": 1.231894967696246, "train_local_fraction": 0.016478897957679102, "macro_dsc": 0.978925347328186, "macro_iou": 0.9589558243751526, "overlap_dsc": 0.8754965502822496, "overlap_iou": 0.7785628831768919, "overlap_nsd_2px": 0.7791517023407224, "overlap_msd_px": 1.9448793894328151, "overlap_msd_fail_rate": 0.0, "class_dsc": [0.9781603813171387, 0.990379273891449, 0.9910617470741272, 0.97542804479599, 0.9694288372993469, 0.9769992828369141, 0.9809439778327942, 0.9649402499198914, 0.9489442706108093, 0.9896403551101685, 0.986331045627594, 0.9796768426895142, 0.9847893714904785, 0.9882311224937439]}
{"arm": "capacity_control", "completion_prior": false, "epoch": 24, "seconds": 41.08274269104004, "learning_rate": 7.885298685522236e-07, "passes_macro_non_degradation": true, "train_loss": 0.06295657588278546, "train_bce": 0.01612667207770488, "train_dice_loss": 0.06533408389371984, "train_conservation": 1.2343284827120165, "train_local_fraction": 0.01641233593444614, "macro_dsc": 0.9789521098136902, "macro_iou": 0.9590061902999878, "overlap_dsc": 0.8756081431208759, "overlap_iou": 0.7787394007780817, "overlap_nsd_2px": 0.7795281282670111, "overlap_msd_px": 1.9400721889653374, "overlap_msd_fail_rate": 0.0, "class_dsc": [0.9781686067581177, 0.9903956651687622, 0.9910485148429871, 0.9754847884178162, 0.9694344401359558, 0.9770292639732361, 0.9809721112251282, 0.9649735689163208, 0.9490547776222229, 0.9896399974822998, 0.9863510131835938, 0.9797111749649048, 0.9848063588142395, 0.988258957862854]}
{"arm": "capacity_control", "completion_prior": false, "epoch": 25, "seconds": 41.2498254776001, "learning_rate": 0.0, "passes_macro_non_degradation": true, "train_loss": 0.0628564729673021, "train_bce": 0.016065255996278102, "train_dice_loss": 0.06512679759193869, "train_conservation": 1.235676217359655, "train_local_fraction": 0.016380930295323625, "macro_dsc": 0.9789488911628723, "macro_iou": 0.9589999318122864, "overlap_dsc": 0.8755834791387164, "overlap_iou": 0.7787003842637249, "overlap_nsd_2px": 0.7794284066102857, "overlap_msd_px": 1.9415115301473054, "overlap_msd_fail_rate": 0.0, "class_dsc": [0.9781661033630371, 0.9903973937034607, 0.9910519123077393, 0.9754676818847656, 0.969440758228302, 0.9770350456237793, 0.9809677600860596, 0.9649622440338135, 0.9490556716918945, 0.989637553691864, 0.9863450527191162, 0.9796974658966064, 0.9848032593727112, 0.9882556200027466]}
{"arm": "completion_prior", "completion_prior": true, "epoch": 1, "seconds": 41.485496520996094, "learning_rate": 0.0001992114701314478, "passes_macro_non_degradation": true, "train_loss": 0.09087406069040299, "train_bce": 0.02431761187446468, "train_dice_loss": 0.16925180982140933, "train_conservation": 0.06680308478429009, "train_local_fraction": 0.020734199246062953, "macro_dsc": 0.9787866473197937, "macro_iou": 0.958687961101532, "overlap_dsc": 0.8736785757285374, "overlap_iou": 0.7756921401804909, "overlap_nsd_2px": 0.7789680652372106, "overlap_msd_px": 1.9342259093502046, "overlap_msd_fail_rate": 0.0, "class_dsc": [0.9780271053314209, 0.9900339245796204, 0.9908307194709778, 0.9756528735160828, 0.9686233997344971, 0.9772959351539612, 0.9807063341140747, 0.9643958806991577, 0.9492613077163696, 0.9894606471061707, 0.9860876798629761, 0.9798171520233154, 0.9844929575920105, 0.988326907157898]}
{"arm": "completion_prior", "completion_prior": true, "epoch": 2, "seconds": 41.00831341743469, "learning_rate": 0.0001968583161128631, "passes_macro_non_degradation": true, "train_loss": 0.0782350237229291, "train_bce": 0.020206927104907877, "train_dice_loss": 0.13476418705547558, "train_conservation": 0.3238665565322427, "train_local_fraction": 0.0209143348103937, "macro_dsc": 0.9787700176239014, "macro_iou": 0.9586567878723145, "overlap_dsc": 0.8737365862524903, "overlap_iou": 0.7757836004205466, "overlap_nsd_2px": 0.778047987149457, "overlap_msd_px": 1.974675104630887, "overlap_msd_fail_rate": 0.0, "class_dsc": [0.9779813289642334, 0.990098774433136, 0.9908793568611145, 0.9756438136100769, 0.9688432216644287, 0.9771572351455688, 0.9805439710617065, 0.9643107652664185, 0.9491575360298157, 0.9894577860832214, 0.9861639142036438, 0.9797899127006531, 0.984561562538147, 0.9881905913352966]}
{"arm": "completion_prior", "completion_prior": true, "epoch": 3, "seconds": 41.63182878494263, "learning_rate": 0.00019297764858882514, "passes_macro_non_degradation": false, "train_loss": 0.06860944229890319, "train_bce": 0.017390831750543678, "train_dice_loss": 0.09866115766413072, "train_conservation": 0.7323482645259184, "train_local_fraction": 0.02083693454589914, "macro_dsc": 0.9786754846572876, "macro_iou": 0.9584733247756958, "overlap_dsc": 0.8726559806616309, "overlap_iou": 0.7740814398371553, "overlap_nsd_2px": 0.7772913058122886, "overlap_msd_px": 2.0652542461691015, "overlap_msd_fail_rate": 0.0, "class_dsc": [0.9776301980018616, 0.9902223348617554, 0.9909335374832153, 0.9754922389984131, 0.9686275720596313, 0.9769154191017151, 0.9808083176612854, 0.9640941023826599, 0.9496079087257385, 0.9893603920936584, 0.9860249161720276, 0.9792834520339966, 0.9843252301216125, 0.9881306290626526]}
{"arm": "completion_prior", "completion_prior": true, "epoch": 4, "seconds": 42.8779993057251, "learning_rate": 0.00018763066800438636, "passes_macro_non_degradation": false, "train_loss": 0.06423789534498664, "train_bce": 0.016054778546094894, "train_dice_loss": 0.07793929142110488, "train_conservation": 1.016754354869618, "train_local_fraction": 0.020834470616982265, "macro_dsc": 0.9785835146903992, "macro_iou": 0.9582982659339905, "overlap_dsc": 0.8731918688737463, "overlap_iou": 0.7749251572011925, "overlap_nsd_2px": 0.7745898178945106, "overlap_msd_px": 2.01052296120553, "overlap_msd_fail_rate": 0.0, "class_dsc": [0.977708637714386, 0.9901155829429626, 0.9908430576324463, 0.9752917885780334, 0.9690167307853699, 0.9769383668899536, 0.9802240133285522, 0.9640713930130005, 0.9491143822669983, 0.9894037246704102, 0.9859131574630737, 0.9792677164077759, 0.9843530058860779, 0.9879059791564941]}
{"arm": "completion_prior", "completion_prior": true, "epoch": 5, "seconds": 41.762866497039795, "learning_rate": 0.00018090169943749476, "passes_macro_non_degradation": false, "train_loss": 0.06314799523528884, "train_bce": 0.01536294273155577, "train_dice_loss": 0.07168862076366649, "train_conservation": 1.121924936911639, "train_local_fraction": 0.020840139343019794, "macro_dsc": 0.9787111282348633, "macro_iou": 0.95854252576828, "overlap_dsc": 0.8734916699678194, "overlap_iou": 0.7753975240584832, "overlap_nsd_2px": 0.7776943302952533, "overlap_msd_px": 1.9817825874779518, "overlap_msd_fail_rate": 0.0, "class_dsc": [0.9775211215019226, 0.9902694821357727, 0.9909510016441345, 0.9756842255592346, 0.9687796235084534, 0.9770756959915161, 0.980764627456665, 0.9642943739891052, 0.9493921399116516, 0.9893751740455627, 0.9861046075820923, 0.9791859984397888, 0.9843771457672119, 0.9881799221038818]}
{"arm": "completion_prior", "completion_prior": true, "epoch": 6, "seconds": 41.08771109580994, "learning_rate": 0.00017289686274214118, "passes_macro_non_degradation": false, "train_loss": 0.06293451576548464, "train_bce": 0.015204191922812778, "train_dice_loss": 0.06887228699291453, "train_conservation": 1.1789841055870056, "train_local_fraction": 0.02056102510103408, "macro_dsc": 0.9785237908363342, "macro_iou": 0.9581878185272217, "overlap_dsc": 0.8724273509195903, "overlap_iou": 0.7737217215014812, "overlap_nsd_2px": 0.7754614602662425, "overlap_msd_px": 2.0388397371041758, "overlap_msd_fail_rate": 0.0, "class_dsc": [0.9774316549301147, 0.9901409149169922, 0.9909358620643616, 0.9753082990646362, 0.9684956073760986, 0.9768402576446533, 0.9805509448051453, 0.9640851616859436, 0.9488948583602905, 0.989368200302124, 0.9860208034515381, 0.9789730906486511, 0.9841910004615784, 0.9880959987640381]}
{"arm": "completion_prior", "completion_prior": true, "epoch": 7, "seconds": 41.393009185791016, "learning_rate": 0.000163742398974869, "passes_macro_non_degradation": false, "train_loss": 0.061908685170552306, "train_bce": 0.014820270705420305, "train_dice_loss": 0.06664726103053373, "train_conservation": 1.1883135035458734, "train_local_fraction": 0.02072794008123524, "macro_dsc": 0.9786269664764404, "macro_iou": 0.9583813548088074, "overlap_dsc": 0.8730737332474567, "overlap_iou": 0.7747390919695913, "overlap_nsd_2px": 0.7739120311535477, "overlap_msd_px": 1.9995828655731243, "overlap_msd_fail_rate": 0.0, "class_dsc": [0.9776318073272705, 0.9897659420967102, 0.9909265637397766, 0.9755003452301025, 0.9690229296684265, 0.9769399166107178, 0.9805175065994263, 0.9643080234527588, 0.9489980340003967, 0.9894225001335144, 0.9860378503799438, 0.9793155789375305, 0.9843623042106628, 0.9880267977714539]}
{"arm": "completion_prior", "completion_prior": true, "epoch": 8, "seconds": 42.30714559555054, "learning_rate": 0.00015358267949789966, "passes_macro_non_degradation": false, "train_loss": 0.06184668575139607, "train_bce": 0.014271292987772646, "train_dice_loss": 0.06593480222365436, "train_conservation": 1.216340741409975, "train_local_fraction": 0.020543555192211096, "macro_dsc": 0.9787594079971313, "macro_iou": 0.9586356282234192, "overlap_dsc": 0.8740011219680546, "overlap_iou": 0.776200792402279, "overlap_nsd_2px": 0.7780698186387587, "overlap_msd_px": 1.9621778929124036, "overlap_msd_fail_rate": 0.0, "class_dsc": [0.9777567982673645, 0.9902352690696716, 0.9909388422966003, 0.9757079482078552, 0.9690474271774292, 0.977027416229248, 0.9807373285293579, 0.9643590450286865, 0.9492132663726807, 0.9894117116928101, 0.9861666560173035, 0.9793717861175537, 0.9844130277633667, 0.988243818283081]}
{"arm": "completion_prior", "completion_prior": true, "epoch": 9, "seconds": 41.32793140411377, "learning_rate": 0.00014257792915650726, "passes_macro_non_degradation": false, "train_loss": 0.062161368517314686, "train_bce": 0.014530283225809827, "train_dice_loss": 0.06643647095736335, "train_conservation": 1.2136650971805347, "train_local_fraction": 0.020978866276495596, "macro_dsc": 0.9786809086799622, "macro_iou": 0.9584880471229553, "overlap_dsc": 0.8735291661530263, "overlap_iou": 0.7754566200195019, "overlap_nsd_2px": 0.7744593514817595, "overlap_msd_px": 1.9315957865594304, "overlap_msd_fail_rate": 0.0, "class_dsc": [0.9777001738548279, 0.9899271130561829, 0.9908563494682312, 0.9753764271736145, 0.968723475933075, 0.9772270917892456, 0.980437695980072, 0.9643964767456055, 0.9488329887390137, 0.9895111918449402, 0.9861361384391785, 0.9796700477600098, 0.9845106601715088, 0.9882262349128723]}
{"arm": "completion_prior", "completion_prior": true, "epoch": 10, "seconds": 41.75412440299988, "learning_rate": 0.00013090169943749474, "passes_macro_non_degradation": true, "train_loss": 0.061906778751050724, "train_bce": 0.014366893644499428, "train_dice_loss": 0.06564839952132281, "train_conservation": 1.2231604365741506, "train_local_fraction": 0.020611200689831202, "macro_dsc": 0.9787739515304565, "macro_iou": 0.9586604833602905, "overlap_dsc": 0.8740086918289296, "overlap_iou": 0.7762127330594113, "overlap_nsd_2px": 0.7753459832796763, "overlap_msd_px": 1.9453470550607803, "overlap_msd_fail_rate": 0.0, "class_dsc": [0.9777832627296448, 0.9898756742477417, 0.9909021258354187, 0.9754026532173157, 0.9692031741142273, 0.9770998954772949, 0.9805737733840942, 0.9645709991455078, 0.9493839740753174, 0.9894276857376099, 0.9862277507781982, 0.9795806407928467, 0.9845731854438782, 0.9882299900054932]}
{"arm": "completion_prior", "completion_prior": true, "epoch": 11, "seconds": 41.12156105041504, "learning_rate": 0.00011873813145857248, "passes_macro_non_degradation": false, "train_loss": 0.0624769991811584, "train_bce": 0.014114332828013335, "train_dice_loss": 0.06626462782130522, "train_conservation": 1.2447517365567824, "train_local_fraction": 0.020398037354735766, "macro_dsc": 0.9786533117294312, "macro_iou": 0.9584319591522217, "overlap_dsc": 0.8734862451491238, "overlap_iou": 0.7753889734318282, "overlap_nsd_2px": 0.7729617292896495, "overlap_msd_px": 1.9894341754729539, "overlap_msd_fail_rate": 0.0, "class_dsc": [0.9777198433876038, 0.9898125529289246, 0.9908667802810669, 0.9750956296920776, 0.9691501259803772, 0.9768288731575012, 0.9805907011032104, 0.9644500613212585, 0.9490483403205872, 0.989473283290863, 0.9860823154449463, 0.9793345332145691, 0.9845631122589111, 0.9881300330162048]}
{"arm": "completion_prior", "completion_prior": true, "epoch": 12, "seconds": 41.08098125457764, "learning_rate": 0.00010627905195293135, "passes_macro_non_degradation": false, "train_loss": 0.06192880018669016, "train_bce": 0.014137015182744054, "train_dice_loss": 0.0658719064207638, "train_conservation": 1.2255542598051183, "train_local_fraction": 0.020735286117038305, "macro_dsc": 0.978708028793335, "macro_iou": 0.9585363864898682, "overlap_dsc": 0.8744418976358591, "overlap_iou": 0.7768963625823254, "overlap_nsd_2px": 0.7757125630642889, "overlap_msd_px": 1.972840952193015, "overlap_msd_fail_rate": 0.0, "class_dsc": [0.9774959683418274, 0.9902178645133972, 0.9909164905548096, 0.9754269123077393, 0.96922367811203, 0.9768624901771545, 0.9806411862373352, 0.9647747874259949, 0.9490541219711304, 0.9893674850463867, 0.9860489964485168, 0.9791362285614014, 0.9845181107521057, 0.988227367401123]}
{"arm": "completion_prior", "completion_prior": true, "epoch": 13, "seconds": 41.88931632041931, "learning_rate": 9.372094804706867e-05, "passes_macro_non_degradation": false, "train_loss": 0.06093092585311217, "train_bce": 0.013664390460094985, "train_dice_loss": 0.06433715385549209, "train_conservation": 1.2231896484599394, "train_local_fraction": 0.020760667788631774, "macro_dsc": 0.9784414172172546, "macro_iou": 0.9580294489860535, "overlap_dsc": 0.8725556900657881, "overlap_iou": 0.7739236260189221, "overlap_nsd_2px": 0.768903281038252, "overlap_msd_px": 2.0310169147806025, "overlap_msd_fail_rate": 0.0, "class_dsc": [0.9773171544075012, 0.9897598028182983, 0.9908556938171387, 0.9748112559318542, 0.9691681265830994, 0.9766048192977905, 0.9801125526428223, 0.9643591642379761, 0.9484166502952576, 0.9892679452896118, 0.9859117269515991, 0.9790924191474915, 0.9844796657562256, 0.9880211353302002]}
{"arm": "completion_prior", "completion_prior": true, "epoch": 14, "seconds": 40.417943477630615, "learning_rate": 8.126186854142755e-05, "passes_macro_non_degradation": false, "train_loss": 0.06126061251058298, "train_bce": 0.013835289063041701, "train_dice_loss": 0.06502452555824728, "train_conservation": 1.2195083989816553, "train_local_fraction": 0.021152691280140596, "macro_dsc": 0.9786859750747681, "macro_iou": 0.9584935307502747, "overlap_dsc": 0.8741939259352125, "overlap_iou": 0.7765049807808518, "overlap_nsd_2px": 0.7744375325084346, "overlap_msd_px": 1.9827988617228665, "overlap_msd_fail_rate": 0.0, "class_dsc": [0.9774304628372192, 0.9901140332221985, 0.9909303188323975, 0.9753243327140808, 0.9692016839981079, 0.9768732190132141, 0.9808122515678406, 0.9646597504615784, 0.9491644501686096, 0.9894638061523438, 0.9859994649887085, 0.9789848327636719, 0.9845130443572998, 0.9881309866905212]}
{"arm": "completion_prior", "completion_prior": true, "epoch": 15, "seconds": 40.64280676841736, "learning_rate": 6.90983005625053e-05, "passes_macro_non_degradation": true, "train_loss": 0.061191826418918724, "train_bce": 0.013678818918655024, "train_dice_loss": 0.06468035697937012, "train_conservation": 1.2281158301409554, "train_local_fraction": 0.02066760372808751, "macro_dsc": 0.9788748025894165, "macro_iou": 0.9588548541069031, "overlap_dsc": 0.8749185667752443, "overlap_iou": 0.7776491903736518, "overlap_nsd_2px": 0.7783440024032766, "overlap_msd_px": 1.955890028130692, "overlap_msd_fail_rate": 0.0, "class_dsc": [0.9779927730560303, 0.9903057217597961, 0.9909537434577942, 0.9754415154457092, 0.969292163848877, 0.977106511592865, 0.9807061553001404, 0.9645682573318481, 0.9494631290435791, 0.9894102215766907, 0.9863210320472717, 0.9798220992088318, 0.9846007823944092, 0.9882621765136719]}
{"arm": "completion_prior", "completion_prior": true, "epoch": 16, "seconds": 41.357935190200806, "learning_rate": 5.742207084349274e-05, "passes_macro_non_degradation": false, "train_loss": 0.061297936982968274, "train_bce": 0.013621141472831368, "train_dice_loss": 0.06442392012652229, "train_conservation": 1.2407773107640883, "train_local_fraction": 0.02049499892794034, "macro_dsc": 0.9787356853485107, "macro_iou": 0.9585882425308228, "overlap_dsc": 0.8742196967964695, "overlap_iou": 0.776545647999575, "overlap_nsd_2px": 0.7745395493395895, "overlap_msd_px": 1.9686096706714202, "overlap_msd_fail_rate": 0.0, "class_dsc": [0.977803647518158, 0.9899752140045166, 0.9909074902534485, 0.9751522541046143, 0.9692479968070984, 0.9768761992454529, 0.9807643294334412, 0.9646501541137695, 0.9492419958114624, 0.9894338250160217, 0.9861040711402893, 0.9793355464935303, 0.98463374376297, 0.9881729483604431]}
{"arm": "completion_prior", "completion_prior": true, "epoch": 17, "seconds": 40.66983890533447, "learning_rate": 4.6417320502100316e-05, "passes_macro_non_degradation": true, "train_loss": 0.06110317993689986, "train_bce": 0.013517076285446392, "train_dice_loss": 0.06447743514004875, "train_conservation": 1.2326971675367917, "train_local_fraction": 0.020725054285105536, "macro_dsc": 0.9788820147514343, "macro_iou": 0.9588682651519775, "overlap_dsc": 0.8751697443125123, "overlap_iou": 0.778046143692205, "overlap_nsd_2px": 0.7780911256723851, "overlap_msd_px": 1.9334467098367796, "overlap_msd_fail_rate": 0.0, "class_dsc": [0.9779428243637085, 0.9903265237808228, 0.9909202456474304, 0.9755787253379822, 0.9693208932876587, 0.9771168828010559, 0.9809180498123169, 0.9646478891372681, 0.9494651556015015, 0.9894583225250244, 0.9861809015274048, 0.9795447587966919, 0.9846231341362, 0.9883034825325012]}
{"arm": "completion_prior", "completion_prior": true, "epoch": 18, "seconds": 40.048105239868164, "learning_rate": 3.6257601025131026e-05, "passes_macro_non_degradation": true, "train_loss": 0.06137313724440687, "train_bce": 0.013509751082781483, "train_dice_loss": 0.06488946087220136, "train_conservation": 1.2371258927794064, "train_local_fraction": 0.0207357827311053, "macro_dsc": 0.978854775428772, "macro_iou": 0.9588161110877991, "overlap_dsc": 0.8747982522271892, "overlap_iou": 0.7774591111481592, "overlap_nsd_2px": 0.7768459192607076, "overlap_msd_px": 1.9349943630890796, "overlap_msd_fail_rate": 0.0, "class_dsc": [0.97802734375, 0.9902147650718689, 0.9909328818321228, 0.9753391146659851, 0.9693741798400879, 0.9769850969314575, 0.9807228446006775, 0.9647111892700195, 0.9493972063064575, 0.9895045757293701, 0.986254870891571, 0.9796040058135986, 0.9846401214599609, 0.9882575869560242]}
{"arm": "completion_prior", "completion_prior": true, "epoch": 19, "seconds": 40.33771514892578, "learning_rate": 2.7103137257858868e-05, "passes_macro_non_degradation": false, "train_loss": 0.06135421442634919, "train_bce": 0.013629709081724286, "train_dice_loss": 0.06489670290666467, "train_conservation": 1.2327179685760947, "train_local_fraction": 0.020805102159433504, "macro_dsc": 0.9786756038665771, "macro_iou": 0.9584747552871704, "overlap_dsc": 0.873825821787968, "overlap_iou": 0.775924307954443, "overlap_nsd_2px": 0.7721052014886038, "overlap_msd_px": 1.996398273788048, "overlap_msd_fail_rate": 0.0, "class_dsc": [0.9777635931968689, 0.9899270534515381, 0.9909151792526245, 0.974905788898468, 0.9693386554718018, 0.9768367409706116, 0.9805583357810974, 0.9646771550178528, 0.9489699006080627, 0.9894885420799255, 0.9861184358596802, 0.9791970252990723, 0.9846408367156982, 0.988119900226593]}
{"arm": "completion_prior", "completion_prior": true, "epoch": 20, "seconds": 40.06032729148865, "learning_rate": 1.909830056250527e-05, "passes_macro_non_degradation": true, "train_loss": 0.06099066253970651, "train_bce": 0.01368832313181723, "train_dice_loss": 0.0645141290215885, "train_conservation": 1.22153639477842, "train_local_fraction": 0.020975754802279614, "macro_dsc": 0.9787948131561279, "macro_iou": 0.9587017893791199, "overlap_dsc": 0.874789845067588, "overlap_iou": 0.7774458300333822, "overlap_nsd_2px": 0.7755936718864171, "overlap_msd_px": 1.970126187683203, "overlap_msd_fail_rate": 0.0, "class_dsc": [0.9778282642364502, 0.9901953339576721, 0.9909412264823914, 0.9752885103225708, 0.9692918658256531, 0.9769899845123291, 0.9808397889137268, 0.9648816585540771, 0.9492034912109375, 0.9894787669181824, 0.9861221313476562, 0.979224681854248, 0.9846229553222656, 0.9882177710533142]}
{"arm": "completion_prior", "completion_prior": true, "epoch": 21, "seconds": 39.63112688064575, "learning_rate": 1.2369331995613644e-05, "passes_macro_non_degradation": true, "train_loss": 0.06134974807500839, "train_bce": 0.013754112603252424, "train_dice_loss": 0.06485423130147597, "train_conservation": 1.230029161677641, "train_local_fraction": 0.020697606950998305, "macro_dsc": 0.978805661201477, "macro_iou": 0.9587211608886719, "overlap_dsc": 0.8746549734594968, "overlap_iou": 0.777232804836318, "overlap_nsd_2px": 0.7749828940647739, "overlap_msd_px": 1.9546590711778333, "overlap_msd_fail_rate": 0.0, "class_dsc": [0.9778767228126526, 0.9901009798049927, 0.9909346103668213, 0.9753464460372925, 0.9693697690963745, 0.9770352840423584, 0.980762779712677, 0.9648410081863403, 0.9493200182914734, 0.9894335269927979, 0.9861184358596802, 0.9792681336402893, 0.9846370816230774, 0.9882334470748901]}
{"arm": "completion_prior", "completion_prior": true, "epoch": 22, "seconds": 40.625974893569946, "learning_rate": 7.0223514111748665e-06, "passes_macro_non_degradation": false, "train_loss": 0.061182385025655525, "train_bce": 0.013375939759699737, "train_dice_loss": 0.06425037902944228, "train_conservation": 1.2456474400969113, "train_local_fraction": 0.020585942551055374, "macro_dsc": 0.9786773920059204, "macro_iou": 0.9584770798683167, "overlap_dsc": 0.873988695604264, "overlap_iou": 0.7761811893561117, "overlap_nsd_2px": 0.7724894405451943, "overlap_msd_px": 1.9927514906163724, "overlap_msd_fail_rate": 0.0, "class_dsc": [0.9777765870094299, 0.9899733066558838, 0.9909178614616394, 0.9750128388404846, 0.9693524837493896, 0.9768519401550293, 0.9806838631629944, 0.9646927118301392, 0.9490479230880737, 0.9894864559173584, 0.9860144853591919, 0.9790375828742981, 0.9845995306968689, 0.9880349636077881]}
{"arm": "completion_prior", "completion_prior": true, "epoch": 23, "seconds": 41.03984975814819, "learning_rate": 3.141683887136904e-06, "passes_macro_non_degradation": true, "train_loss": 0.06132949694114573, "train_bce": 0.013856874508235384, "train_dice_loss": 0.064593747363371, "train_conservation": 1.2320515294635996, "train_local_fraction": 0.020712223309366142, "macro_dsc": 0.9788629412651062, "macro_iou": 0.9588315486907959, "overlap_dsc": 0.8750729850396104, "overlap_iou": 0.7778932067151939, "overlap_nsd_2px": 0.7767084269881465, "overlap_msd_px": 1.9471950260066526, "overlap_msd_fail_rate": 0.0, "class_dsc": [0.9780099987983704, 0.9901928305625916, 0.9909281134605408, 0.9753486514091492, 0.9694190621376038, 0.9770469069480896, 0.9808287620544434, 0.9648571610450745, 0.9493076801300049, 0.9894829988479614, 0.9862269163131714, 0.9795301556587219, 0.9846889972686768, 0.9882122278213501]}
{"arm": "completion_prior", "completion_prior": true, "epoch": 24, "seconds": 40.00136423110962, "learning_rate": 7.885298685522236e-07, "passes_macro_non_degradation": true, "train_loss": 0.06130154543939759, "train_bce": 0.013513961406972478, "train_dice_loss": 0.06486380170373356, "train_conservation": 1.2340078384736004, "train_local_fraction": 0.020806396393214955, "macro_dsc": 0.9788534045219421, "macro_iou": 0.958812952041626, "overlap_dsc": 0.8750179628259868, "overlap_iou": 0.7778062509942769, "overlap_nsd_2px": 0.7765635879861635, "overlap_msd_px": 1.9465792895579912, "overlap_msd_fail_rate": 0.0, "class_dsc": [0.9779831171035767, 0.9901716113090515, 0.9909332394599915, 0.9753474593162537, 0.9693931341171265, 0.9770119786262512, 0.9808281064033508, 0.9648653268814087, 0.9493537545204163, 0.9894763827323914, 0.9862009286880493, 0.9794623851776123, 0.9846880435943604, 0.9882317185401917]}
{"arm": "completion_prior", "completion_prior": true, "epoch": 25, "seconds": 40.375389099121094, "learning_rate": 0.0, "passes_macro_non_degradation": true, "train_loss": 0.060935346370234206, "train_bce": 0.013350935167468646, "train_dice_loss": 0.06421699776368983, "train_conservation": 1.2347342126509722, "train_local_fraction": 0.02062874689040815, "macro_dsc": 0.9788393974304199, "macro_iou": 0.9587863087654114, "overlap_dsc": 0.874966030319674, "overlap_iou": 0.777724185936892, "overlap_nsd_2px": 0.7762956382440072, "overlap_msd_px": 1.9513692424476572, "overlap_msd_fail_rate": 0.0, "class_dsc": [0.9779675006866455, 0.990161120891571, 0.9909310936927795, 0.9753121733665466, 0.9693794846534729, 0.9769901633262634, 0.9808196425437927, 0.9648907780647278, 0.9493011236190796, 0.9894779324531555, 0.9861911535263062, 0.9794136881828308, 0.9846836924552917, 0.98823082447052]}
{
  "experiment": "R327_RAM_NATIVE_INSTANCE_COMPLETION_PRIOR",
  "split": "validation",
  "test_used": false,
  "threshold": 0.5,
  "threshold_search": false,
  "spatial_preprocessing": "native pixels; right/bottom padding only",
  "baseline": {
    "macro_dsc": 0.9787625074386597,
    "macro_iou": 0.9586416482925415,
    "overlap_dsc": 0.8726450227929484,
    "overlap_iou": 0.7740641968807098,
    "overlap_nsd_2px": 0.7803977023041856,
    "overlap_msd_px": 1.9683665914511166,
    "overlap_msd_fail_rate": 0.0,
    "class_dsc": [
      0.977794349193573,
      0.9901606440544128,
      0.9909178018569946,
      0.9755984544754028,
      0.9681171774864197,
      0.9771305918693542,
      0.9809619188308716,
      0.9641631841659546,
      0.9496555328369141,
      0.9893643856048584,
      0.9862034916877747,
      0.9798684120178223,
      0.984454870223999,
      0.9882832765579224
    ]
  },
  "oracle": {
    "baseline": {
      "macro_dsc": 0.9787625074386597,
      "macro_iou": 0.9586416482925415,
      "overlap_dsc": 0.8726450227929484,
      "overlap_iou": 0.7740641968807098,
      "overlap_nsd_2px": 0.7803977023041856,
      "overlap_msd_px": 1.9683665914511166,
      "overlap_msd_fail_rate": 0.0,
      "class_dsc": [
        0.977794349193573,
        0.9901606440544128,
        0.9909178018569946,
        0.9755984544754028,
        0.9681171774864197,
        0.9771305918693542,
        0.9809619188308716,
        0.9641631841659546,
        0.9496555328369141,
        0.9893643856048584,
        0.9862034916877747,
        0.9798684120178223,
        0.984454870223999,
        0.9882832765579224
      ]
    },
    "fn_only": {
      "macro_dsc": 0.987231433391571,
      "macro_iou": 0.9748265743255615,
      "overlap_dsc": 0.9470150559558136,
      "overlap_iou": 0.8993624304389292,
      "overlap_nsd_2px": 0.8988817570612381,
      "overlap_msd_px": 1.050710327818283,
      "overlap_msd_fail_rate": 0.0,
      "class_dsc": [
        0.98832106590271,
        0.9932103753089905,
        0.9911865592002869,
        0.9860962629318237,
        0.9878701567649841,
        0.9816902279853821,
        0.989371120929718,
        0.9814819097518921,
        0.9750239253044128,
        0.990189254283905,
        0.9907790422439575,
        0.9866109490394592,
        0.9891689419746399,
        0.9902390241622925
      ]
    },
    "full_local": {
      "macro_dsc": 0.9934187531471252,
      "macro_iou": 0.9869378209114075,
      "overlap_dsc": 1.0,
      "overlap_iou": 1.0,
      "overlap_nsd_2px": 1.0,
      "overlap_msd_px": 0.0,
      "overlap_msd_fail_rate": 0.0,
      "class_dsc": [
        0.9971457123756409,
        0.9952017068862915,
        0.9915676712989807,
        0.9954200387001038,
        0.9956009984016418,
        0.9858562350273132,
        0.9963546395301819,
        0.9932262897491455,
        0.9936488270759583,
        0.9909800291061401,
        0.9941759705543518,
        0.9932149052619934,
        0.9931061267852783,
        0.9923623204231262
      ]
    },
    "delta_fn_only": {
      "macro_dsc": 0.008468925952911377,
      "macro_iou": 0.01618492603302002,
      "overlap_dsc": 0.07437003316286517,
      "overlap_iou": 0.12529823355821934,
      "overlap_nsd_2px": 0.11848405475705248,
      "overlap_msd_px": -0.9176562636328336
    },
    "delta_full_local": {
      "macro_dsc": 0.014656245708465576,
      "macro_iou": 0.028296172618865967,
      "overlap_dsc": 0.12735497720705158,
      "overlap_iou": 0.22593580311929018,
      "overlap_nsd_2px": 0.2196022976958144,
      "overlap_msd_px": -1.9683665914511166
    }
  },
  "capacity_control": {
    "macro_dsc": 0.9789280891418457,
    "macro_iou": 0.9589586853981018,
    "overlap_dsc": 0.8756365394884345,
    "overlap_iou": 0.7787843237777424,
    "overlap_nsd_2px": 0.779594776351998,
    "overlap_msd_px": 1.9388545354379205,
    "overlap_msd_fail_rate": 0.0,
    "class_dsc": [
      0.9781252145767212,
      0.9904350638389587,
      0.9910207390785217,
      0.9755014777183533,
      0.9693745374679565,
      0.9768479466438293,
      0.9809709191322327,
      0.9648981690406799,
      0.949273943901062,
      0.9895948171615601,
      0.9862837791442871,
      0.979664146900177,
      0.9846795797348022,
      0.9883227944374084
    ]
  },
  "completion_prior": {
    "macro_dsc": 0.9788820147514343,
    "macro_iou": 0.9588682651519775,
    "overlap_dsc": 0.8751697443125123,
    "overlap_iou": 0.778046143692205,
    "overlap_nsd_2px": 0.7780911256723851,
    "overlap_msd_px": 1.9334467098367796,
    "overlap_msd_fail_rate": 0.0,
    "class_dsc": [
      0.9779428243637085,
      0.9903265237808228,
      0.9909202456474304,
      0.9755787253379822,
      0.9693208932876587,
      0.9771168828010559,
      0.9809180498123169,
      0.9646478891372681,
      0.9494651556015015,
      0.9894583225250244,
      0.9861809015274048,
      0.9795447587966919,
      0.9846231341362,
      0.9883034825325012
    ]
  },
  "delta_completion_minus_baseline": {
    "macro_dsc": 0.0001195073127746582,
    "macro_iou": 0.00022661685943603516,
    "overlap_dsc": 0.002524721519563844,
    "overlap_iou": 0.003981946811495218,
    "overlap_nsd_2px": -0.00230657663180045,
    "overlap_msd_px": -0.03491988161433701
  },
  "delta_completion_minus_capacity": {
    "macro_dsc": -4.607439041137695e-05,
    "macro_iou": -9.042024612426758e-05,
    "overlap_dsc": -0.00046679517592218556,
    "overlap_iou": -0.0007381800855373877,
    "overlap_nsd_2px": -0.001503650679612889,
    "overlap_msd_px": -0.005407825601140948
  },
  "best_rows": {
    "capacity_control": {
      "arm": "capacity_control",
      "completion_prior": false,
      "epoch": 17,
      "seconds": 41.77843189239502,
      "learning_rate": 4.6417320502100316e-05,
      "passes_macro_non_degradation": true,
      "train_loss": 0.06303843676167376,
      "train_bce": 0.01626285588807043,
      "train_dice_loss": 0.0653590092939489,
      "train_conservation": 1.2341156465866987,
      "train_local_fraction": 0.016380828200455975,
      "macro_dsc": 0.9789280891418457,
      "macro_iou": 0.9589586853981018,
      "overlap_dsc": 0.8756365394884345,
      "overlap_iou": 0.7787843237777424,
      "overlap_nsd_2px": 0.779594776351998,
      "overlap_msd_px": 1.9388545354379205,
      "overlap_msd_fail_rate": 0.0,
      "class_dsc": [
        0.9781252145767212,
        0.9904350638389587,
        0.9910207390785217,
        0.9755014777183533,
        0.9693745374679565,
        0.9768479466438293,
        0.9809709191322327,
        0.9648981690406799,
        0.949273943901062,
        0.9895948171615601,
        0.9862837791442871,
        0.979664146900177,
        0.9846795797348022,
        0.9883227944374084
      ]
    },
    "completion_prior": {
      "arm": "completion_prior",
      "completion_prior": true,
      "epoch": 17,
      "seconds": 40.66983890533447,
      "learning_rate": 4.6417320502100316e-05,
      "passes_macro_non_degradation": true,
      "train_loss": 0.06110317993689986,
      "train_bce": 0.013517076285446392,
      "train_dice_loss": 0.06447743514004875,
      "train_conservation": 1.2326971675367917,
      "train_local_fraction": 0.020725054285105536,
      "macro_dsc": 0.9788820147514343,
      "macro_iou": 0.9588682651519775,
      "overlap_dsc": 0.8751697443125123,
      "overlap_iou": 0.778046143692205,
      "overlap_nsd_2px": 0.7780911256723851,
      "overlap_msd_px": 1.9334467098367796,
      "overlap_msd_fail_rate": 0.0,
      "class_dsc": [
        0.9779428243637085,
        0.9903265237808228,
        0.9909202456474304,
        0.9755787253379822,
        0.9693208932876587,
        0.9771168828010559,
        0.9809180498123169,
        0.9646478891372681,
        0.9494651556015015,
        0.9894583225250244,
        0.9861809015274048,
        0.9795447587966919,
        0.9846231341362,
        0.9883034825325012
      ]
    }
  },
  "initialization": {
    "baseline": "/root/autodl-tmp/YOLO_SAM_generic_src/outputs/ram_w600/r325_nnunet_native_resolution_overlap_iem/plain_native_best.pth",
    "sha256": "88f8f9168d969ee21238aeb77bbb701218a5fef31285f1fc2ceb71e3aa1076c9",
    "baseline_frozen": true,
    "same_refiner_initialization": true
  },
  "corruption_mix": {
    "baseline_prediction": 0.5,
    "algorithmic_corruption": 0.3,
    "clean_identity": 0.2
  },
  "config": {
    "dataset_root": "/root/autodl-tmp/YOLO_SAM_generic_src/data/remote_variants/RAM-W600",
    "baseline_checkpoint": "/root/autodl-tmp/YOLO_SAM_generic_src/outputs/ram_w600/r325_nnunet_native_resolution_overlap_iem/plain_native_best.pth",
    "output": "/root/autodl-tmp/YOLO_SAM_generic_src/outputs/ram_w600/r327_native_instance_completion_prior",
    "epochs": 25,
    "min_epochs": 12,
    "patience": 8,
    "learning_rate": 0.0002,
    "instances_per_image": 4,
    "seed": 3271,
    "smoke": false
  }
}
