{"variant": "surface003_volume010", "epoch": 1, "seconds": 42.92158579826355, "surface_weight": 0.03, "instance_volume_weight": 0.005, "pair_volume_weight": 0.01, "passes_macro_gate": true, "train_loss": 0.03115187581847696, "train_base": 0.026150139706099734, "train_surface": 0.06039711117744446, "train_instance_volume": 0.015035112285438705, "train_pair_volume": 0.3114647354076014, "macro_dsc": 0.9789683222770691, "macro_iou": 0.9590315818786621, "overlap_dsc": 0.8742151913623841, "overlap_iou": 0.776538540372273, "overlap_nsd_2px": 0.7827229232860852, "overlap_msd_px": 1.8836299469850284, "overlap_msd_fail_rate": 0.0, "class_dsc": [0.9780147075653076, 0.9902280569076538, 0.9909693598747253, 0.9759774804115295, 0.9689403772354126, 0.9772830009460449, 0.9809529781341553, 0.9644323587417603, 0.9500024318695068, 0.9895207285881042, 0.9862958192825317, 0.9799788594245911, 0.9846449494361877, 0.9883149266242981]}
{"variant": "surface003_volume010", "epoch": 2, "seconds": 41.197715759277344, "surface_weight": 0.03, "instance_volume_weight": 0.005, "pair_volume_weight": 0.01, "passes_macro_gate": true, "train_loss": 0.029932892305009506, "train_base": 0.02501741976641557, "train_surface": 0.059220691112911, "train_instance_volume": 0.014851755989879808, "train_pair_volume": 0.30645931150161604, "macro_dsc": 0.9789209961891174, "macro_iou": 0.9589425921440125, "overlap_dsc": 0.8736999664507471, "overlap_iou": 0.7757258651933631, "overlap_nsd_2px": 0.7818824656615737, "overlap_msd_px": 1.9379176962973739, "overlap_msd_fail_rate": 0.0, "class_dsc": [0.977933406829834, 0.9903103709220886, 0.9909519553184509, 0.9759835600852966, 0.9688842296600342, 0.9771444201469421, 0.9809150695800781, 0.9640939831733704, 0.9499683380126953, 0.9894404411315918, 0.9863156676292419, 0.9800524115562439, 0.9845691323280334, 0.9883309006690979]}
{"variant": "surface003_volume010", "epoch": 3, "seconds": 42.10047245025635, "surface_weight": 0.03, "instance_volume_weight": 0.005, "pair_volume_weight": 0.01, "passes_macro_gate": true, "train_loss": 0.029839508461163324, "train_base": 0.024943813512868743, "train_surface": 0.058302017695763535, "train_instance_volume": 0.01520093100857647, "train_pair_volume": 0.30706299803219733, "macro_dsc": 0.9789006114006042, "macro_iou": 0.9589036107063293, "overlap_dsc": 0.8748906102557418, "overlap_iou": 0.7776050197199896, "overlap_nsd_2px": 0.7814075084543297, "overlap_msd_px": 1.9463008586048225, "overlap_msd_fail_rate": 0.0, "class_dsc": [0.9780715107917786, 0.9903609752655029, 0.9909811615943909, 0.9756650328636169, 0.9693161845207214, 0.9768268465995789, 0.9808127880096436, 0.9644047021865845, 0.949683427810669, 0.9895340204238892, 0.9862930774688721, 0.9798848628997803, 0.9845922589302063, 0.9881811738014221]}
{"variant": "surface003_volume010", "epoch": 4, "seconds": 41.277456760406494, "surface_weight": 0.03, "instance_volume_weight": 0.005, "pair_volume_weight": 0.01, "passes_macro_gate": true, "train_loss": 0.029583594185464523, "train_base": 0.02471377282677328, "train_surface": 0.056951636847327736, "train_instance_volume": 0.014735851627500619, "train_pair_volume": 0.30875930750639835, "macro_dsc": 0.978977382183075, "macro_iou": 0.9590489864349365, "overlap_dsc": 0.8744797490476209, "overlap_iou": 0.7769561219264137, "overlap_nsd_2px": 0.7820845654110514, "overlap_msd_px": 1.917981696866041, "overlap_msd_fail_rate": 0.0, "class_dsc": [0.9780343174934387, 0.9902749061584473, 0.9909659624099731, 0.9757753014564514, 0.9695976972579956, 0.9771903157234192, 0.9808408617973328, 0.9642729759216309, 0.9498820900917053, 0.9895559549331665, 0.9863466024398804, 0.9800662398338318, 0.9847052693367004, 0.9881742000579834]}
{"variant": "surface003_volume010", "epoch": 5, "seconds": 41.245121240615845, "surface_weight": 0.03, "instance_volume_weight": 0.005, "pair_volume_weight": 0.01, "passes_macro_gate": true, "train_loss": 0.02961876824279042, "train_base": 0.02467124979066498, "train_surface": 0.0572480635432636, "train_instance_volume": 0.015195871458991485, "train_pair_volume": 0.3154097288664814, "macro_dsc": 0.978866696357727, "macro_iou": 0.9588376879692078, "overlap_dsc": 0.8728414764918836, "overlap_iou": 0.7743734010791528, "overlap_nsd_2px": 0.7813215117549923, "overlap_msd_px": 1.9372401327557578, "overlap_msd_fail_rate": 0.0, "class_dsc": [0.9778922200202942, 0.9902874231338501, 0.9909008741378784, 0.9758960008621216, 0.9687030911445618, 0.9770406484603882, 0.9808541536331177, 0.9638299942016602, 0.9501956105232239, 0.9894114136695862, 0.9862582683563232, 0.9800853729248047, 0.9844452738761902, 0.988332986831665]}
{"variant": "surface003_volume010", "epoch": 6, "seconds": 42.30694770812988, "surface_weight": 0.03, "instance_volume_weight": 0.005, "pair_volume_weight": 0.01, "passes_macro_gate": true, "train_loss": 0.02963771167266018, "train_base": 0.02456608983085436, "train_surface": 0.05674481156994315, "train_instance_volume": 0.014602635468301527, "train_pair_volume": 0.3296264432326836, "macro_dsc": 0.9789333939552307, "macro_iou": 0.9589661359786987, "overlap_dsc": 0.8732001504983323, "overlap_iou": 0.7749382051097773, "overlap_nsd_2px": 0.7825238472734374, "overlap_msd_px": 1.902030414246055, "overlap_msd_fail_rate": 0.0, "class_dsc": [0.9779555201530457, 0.9902151823043823, 0.9909617304801941, 0.975990891456604, 0.9686974287033081, 0.9773417115211487, 0.9810088276863098, 0.9640120267868042, 0.950067400932312, 0.9894899129867554, 0.986290454864502, 0.9801422357559204, 0.9845868349075317, 0.988306999206543]}
{"variant": "surface003_volume010", "epoch": 7, "seconds": 40.81512188911438, "surface_weight": 0.03, "instance_volume_weight": 0.005, "pair_volume_weight": 0.01, "passes_macro_gate": true, "train_loss": 0.029832603390164233, "train_base": 0.024862786410924265, "train_surface": 0.05807750607238096, "train_instance_volume": 0.014951100782217348, "train_pair_volume": 0.31527364025549853, "macro_dsc": 0.9789956212043762, "macro_iou": 0.9590833187103271, "overlap_dsc": 0.8743271252404455, "overlap_iou": 0.7767151947411773, "overlap_nsd_2px": 0.7824492589082687, "overlap_msd_px": 1.9057845130805127, "overlap_msd_fail_rate": 0.0, "class_dsc": [0.9780656099319458, 0.9902766942977905, 0.9909689426422119, 0.9758070111274719, 0.969363272190094, 0.9772546291351318, 0.9809032678604126, 0.964248776435852, 0.9500924944877625, 0.9895080924034119, 0.986396074295044, 0.9801328182220459, 0.9846134781837463, 0.9883073568344116]}
{"variant": "surface003_volume010", "epoch": 8, "seconds": 41.54648804664612, "surface_weight": 0.03, "instance_volume_weight": 0.005, "pair_volume_weight": 0.01, "passes_macro_gate": true, "train_loss": 0.029800655997413047, "train_base": 0.024946909351822207, "train_surface": 0.05850301097421085, "train_instance_volume": 0.015165479601744343, "train_pair_volume": 0.30228289540966646, "macro_dsc": 0.9789945483207703, "macro_iou": 0.9590816497802734, "overlap_dsc": 0.8748213601971644, "overlap_iou": 0.7774956164700901, "overlap_nsd_2px": 0.7832831199224765, "overlap_msd_px": 1.9064692525034155, "overlap_msd_fail_rate": 0.0, "class_dsc": [0.9780883193016052, 0.9902878999710083, 0.9909937381744385, 0.9758260846138, 0.9694243669509888, 0.9771201014518738, 0.9809587001800537, 0.9645518660545349, 0.9498803019523621, 0.9895389676094055, 0.9863749742507935, 0.9799712300300598, 0.9846323132514954, 0.988274335861206]}
{"variant": "surface003_volume010", "epoch": 9, "seconds": 41.04876160621643, "surface_weight": 0.03, "instance_volume_weight": 0.005, "pair_volume_weight": 0.01, "passes_macro_gate": true, "train_loss": 0.02946579045670874, "train_base": 0.02459559297956088, "train_surface": 0.056461120282902434, "train_instance_volume": 0.014965630322968698, "train_pair_volume": 0.3101535929947653, "macro_dsc": 0.9789984822273254, "macro_iou": 0.9590890407562256, "overlap_dsc": 0.8750564453411986, "overlap_iou": 0.7778670682881257, "overlap_nsd_2px": 0.7837713158456754, "overlap_msd_px": 1.9123338129303213, "overlap_msd_fail_rate": 0.0, "class_dsc": [0.9780830144882202, 0.9903794527053833, 0.9910046458244324, 0.9758191704750061, 0.9694006443023682, 0.9770569205284119, 0.9809591770172119, 0.9645448327064514, 0.9499669075012207, 0.9895428419113159, 0.9864143133163452, 0.9798897504806519, 0.9846593141555786, 0.9882572293281555]}
{"variant": "surface003_volume010", "epoch": 10, "seconds": 41.07551908493042, "surface_weight": 0.03, "instance_volume_weight": 0.005, "pair_volume_weight": 0.01, "passes_macro_gate": true, "train_loss": 0.02982780408771599, "train_base": 0.02483157032772022, "train_surface": 0.05848215786849751, "train_instance_volume": 0.01505685323575402, "train_pair_volume": 0.31664848538608675, "macro_dsc": 0.9790122509002686, "macro_iou": 0.9591139554977417, "overlap_dsc": 0.8737285286149972, "overlap_iou": 0.7757708980231808, "overlap_nsd_2px": 0.782819363936845, "overlap_msd_px": 1.8836279062381245, "overlap_msd_fail_rate": 0.0, "class_dsc": [0.9780433177947998, 0.9903021454811096, 0.9909482002258301, 0.9759950041770935, 0.9691498279571533, 0.9773932099342346, 0.9809703230857849, 0.9641476273536682, 0.9503423571586609, 0.9895017147064209, 0.9863299131393433, 0.9801338315010071, 0.9845799803733826, 0.9883334040641785]}
{"variant": "surface003_volume010", "epoch": 11, "seconds": 40.88288474082947, "surface_weight": 0.03, "instance_volume_weight": 0.005, "pair_volume_weight": 0.01, "passes_macro_gate": true, "train_loss": 0.030289634242653848, "train_base": 0.025022117486771415, "train_surface": 0.05821472003179438, "train_instance_volume": 0.015528133248855524, "train_pair_volume": 0.34434344994890337, "macro_dsc": 0.9790215492248535, "macro_iou": 0.9591352343559265, "overlap_dsc": 0.8735853651417919, "overlap_iou": 0.7755452037535314, "overlap_nsd_2px": 0.7839874551712281, "overlap_msd_px": 1.8661800469900502, "overlap_msd_fail_rate": 0.0, "class_dsc": [0.9780749678611755, 0.990237832069397, 0.9910023212432861, 0.976148247718811, 0.9686971306800842, 0.9775263667106628, 0.9811697602272034, 0.9641156196594238, 0.9501168131828308, 0.9895498156547546, 0.9864168763160706, 0.9802139401435852, 0.9846699237823486, 0.9883611798286438]}
{"variant": "surface003_volume010", "epoch": 12, "seconds": 40.21638464927673, "surface_weight": 0.03, "instance_volume_weight": 0.005, "pair_volume_weight": 0.01, "passes_macro_gate": true, "train_loss": 0.03001370322835796, "train_base": 0.02489248982466319, "train_surface": 0.05755471951821271, "train_instance_volume": 0.014880084161482314, "train_pair_volume": 0.332017154584447, "macro_dsc": 0.9790544509887695, "macro_iou": 0.9591958522796631, "overlap_dsc": 0.8744561496049111, "overlap_iou": 0.7769188649466937, "overlap_nsd_2px": 0.7833806188480302, "overlap_msd_px": 1.8769514077383183, "overlap_msd_fail_rate": 0.0, "class_dsc": [0.9781225919723511, 0.9903199076652527, 0.9909849166870117, 0.9759563207626343, 0.9694482088088989, 0.9774180054664612, 0.9809890389442444, 0.9643154144287109, 0.9501129388809204, 0.9895775318145752, 0.9863793253898621, 0.9801422953605652, 0.9846398830413818, 0.9883553385734558]}
{"variant": "surface003_volume010", "epoch": 13, "seconds": 41.30893802642822, "surface_weight": 0.03, "instance_volume_weight": 0.005, "pair_volume_weight": 0.01, "passes_macro_gate": true, "train_loss": 0.029419489323216325, "train_base": 0.024551152058822266, "train_surface": 0.05676842370454003, "train_instance_volume": 0.014696577354608213, "train_pair_volume": 0.30918017678620185, "macro_dsc": 0.9790613651275635, "macro_iou": 0.9592095017433167, "overlap_dsc": 0.8746247044582961, "overlap_iou": 0.7771850055247375, "overlap_nsd_2px": 0.7837063073428991, "overlap_msd_px": 1.8709836084954545, "overlap_msd_fail_rate": 0.0, "class_dsc": [0.9781410098075867, 0.99029141664505, 0.9909979104995728, 0.9759825468063354, 0.9694324731826782, 0.9773968458175659, 0.9810122847557068, 0.9643959403038025, 0.9500378370285034, 0.9895808696746826, 0.986438512802124, 0.9801487326622009, 0.9846656918525696, 0.9883366823196411]}
{"variant": "surface003_volume010", "epoch": 14, "seconds": 41.075406074523926, "surface_weight": 0.03, "instance_volume_weight": 0.005, "pair_volume_weight": 0.01, "passes_macro_gate": true, "train_loss": 0.029359052003744772, "train_base": 0.024465354900149738, "train_surface": 0.05594752623754389, "train_instance_volume": 0.014367317136048394, "train_pair_volume": 0.314343479750541, "macro_dsc": 0.9790836572647095, "macro_iou": 0.9592515230178833, "overlap_dsc": 0.8743271707125059, "overlap_iou": 0.7767152670436467, "overlap_nsd_2px": 0.7836529692154008, "overlap_msd_px": 1.8597075069715874, "overlap_msd_fail_rate": 0.0, "class_dsc": [0.9781029224395752, 0.9902759790420532, 0.9909910559654236, 0.9759919047355652, 0.969450831413269, 0.9775168299674988, 0.9810816645622253, 0.9642889499664307, 0.950183093547821, 0.98957759141922, 0.986441433429718, 0.9802144169807434, 0.9846951365470886, 0.988358736038208]}
{"variant": "surface003_volume010", "epoch": 15, "seconds": 41.995375633239746, "surface_weight": 0.03, "instance_volume_weight": 0.005, "pair_volume_weight": 0.01, "passes_macro_gate": true, "train_loss": 0.02993306320379762, "train_base": 0.024993618871359265, "train_surface": 0.058801951618755566, "train_instance_volume": 0.015400381322457071, "train_pair_volume": 0.3098383923377568, "macro_dsc": 0.9790886640548706, "macro_iou": 0.9592607021331787, "overlap_dsc": 0.874285906693173, "overlap_iou": 0.7766501401373159, "overlap_nsd_2px": 0.7838667467905962, "overlap_msd_px": 1.8655116006405583, "overlap_msd_fail_rate": 0.0, "class_dsc": [0.9781028032302856, 0.990298867225647, 0.9909960031509399, 0.9760247468948364, 0.9694239497184753, 0.9775243997573853, 0.9810720682144165, 0.9642772674560547, 0.9502763152122498, 0.9895777106285095, 0.986424446105957, 0.9802154898643494, 0.9846712350845337, 0.9883561134338379]}
{"variant": "surface003_volume010", "epoch": 16, "seconds": 43.44711136817932, "surface_weight": 0.03, "instance_volume_weight": 0.005, "pair_volume_weight": 0.01, "passes_macro_gate": true, "train_loss": 0.029406620272818734, "train_base": 0.024520771689713002, "train_surface": 0.05619487310157103, "train_instance_volume": 0.014923709892832182, "train_pair_volume": 0.31253839483210705, "macro_dsc": 0.9790986180305481, "macro_iou": 0.9592798948287964, "overlap_dsc": 0.8748666535055866, "overlap_iou": 0.7775671718793639, "overlap_nsd_2px": 0.7841177891106103, "overlap_msd_px": 1.8702845204736132, "overlap_msd_fail_rate": 0.0, "class_dsc": [0.9781665802001953, 0.9903652667999268, 0.9910026788711548, 0.9760053157806396, 0.9694917798042297, 0.9774044156074524, 0.981105387210846, 0.964411199092865, 0.9501921534538269, 0.9895733594894409, 0.9864305853843689, 0.9801685810089111, 0.984718918800354, 0.9883435368537903]}
{"variant": "surface003_volume010", "epoch": 17, "seconds": 40.60813570022583, "surface_weight": 0.03, "instance_volume_weight": 0.005, "pair_volume_weight": 0.01, "passes_macro_gate": true, "train_loss": 0.029179190055412405, "train_base": 0.02438958802643944, "train_surface": 0.05618107560802908, "train_instance_volume": 0.014514276727705317, "train_pair_volume": 0.3031598547711859, "macro_dsc": 0.9790984988212585, "macro_iou": 0.9592800736427307, "overlap_dsc": 0.874817203443733, "overlap_iou": 0.77748905060116, "overlap_nsd_2px": 0.7840421824303191, "overlap_msd_px": 1.8685995012856138, "overlap_msd_fail_rate": 0.0, "class_dsc": [0.9781748056411743, 0.9903597235679626, 0.9909905195236206, 0.9760198593139648, 0.9694878458976746, 0.977408766746521, 0.9811077117919922, 0.9644048810005188, 0.9501624703407288, 0.9895842671394348, 0.9864397644996643, 0.9801638722419739, 0.9847160577774048, 0.9883584976196289]}
{"variant": "surface003_volume010", "epoch": 18, "seconds": 41.56199502944946, "surface_weight": 0.03, "instance_volume_weight": 0.005, "pair_volume_weight": 0.01, "passes_macro_gate": true, "train_loss": 0.029239515918580924, "train_base": 0.02430836640736636, "train_surface": 0.05493760122972376, "train_instance_volume": 0.014552153606953866, "train_pair_volume": 0.3210260842252961, "macro_dsc": 0.9791030883789062, "macro_iou": 0.959288477897644, "overlap_dsc": 0.8747122667461321, "overlap_iou": 0.7773232942086934, "overlap_nsd_2px": 0.7840065884267682, "overlap_msd_px": 1.8680459603586712, "overlap_msd_fail_rate": 0.0, "class_dsc": [0.9781630039215088, 0.9903503656387329, 0.99099200963974, 0.9760349988937378, 0.9694938659667969, 0.9774465560913086, 0.9811030626296997, 0.9643897414207458, 0.9501979351043701, 0.9895796179771423, 0.9864439368247986, 0.9801826477050781, 0.9847021698951721, 0.9883625507354736]}
{"variant": "surface006_volume020", "epoch": 1, "seconds": 41.70374512672424, "surface_weight": 0.06, "instance_volume_weight": 0.01, "pair_volume_weight": 0.02, "passes_macro_gate": true, "train_loss": 0.03621786547934308, "train_base": 0.026368651418563198, "train_surface": 0.05847135971574222, "train_instance_volume": 0.015119409415432635, "train_pair_volume": 0.30948692698031666, "macro_dsc": 0.9789384007453918, "macro_iou": 0.9589745998382568, "overlap_dsc": 0.8737501708065962, "overlap_iou": 0.7758050208747802, "overlap_nsd_2px": 0.7828192383190127, "overlap_msd_px": 1.8857158981380697, "overlap_msd_fail_rate": 0.0, "class_dsc": [0.9779499173164368, 0.9901971220970154, 0.9909562468528748, 0.975925087928772, 0.9687547087669373, 0.9772582054138184, 0.980998158454895, 0.9643015265464783, 0.9500540494918823, 0.989446759223938, 0.986300528049469, 0.9799953699111938, 0.984624981880188, 0.9883742928504944]}
{"variant": "surface006_volume020", "epoch": 2, "seconds": 40.26836013793945, "surface_weight": 0.06, "instance_volume_weight": 0.01, "pair_volume_weight": 0.02, "passes_macro_gate": true, "train_loss": 0.03489754540297915, "train_base": 0.025288356720086405, "train_surface": 0.05640165574410382, "train_instance_volume": 0.01485814091804273, "train_pair_volume": 0.30382541157360027, "macro_dsc": 0.9789000153541565, "macro_iou": 0.9589024782180786, "overlap_dsc": 0.8735050141425696, "overlap_iou": 0.7754185565782602, "overlap_nsd_2px": 0.7822236003579104, "overlap_msd_px": 1.9312852918317405, "overlap_msd_fail_rate": 0.0, "class_dsc": [0.9779379963874817, 0.9902554750442505, 0.9909442663192749, 0.975834310054779, 0.9687430262565613, 0.9771113395690918, 0.9810028076171875, 0.9641101360321045, 0.9499766230583191, 0.9894065856933594, 0.9862916469573975, 0.9800735712051392, 0.9845584034919739, 0.988353967666626]}
{"variant": "surface006_volume020", "epoch": 3, "seconds": 41.333839416503906, "surface_weight": 0.06, "instance_volume_weight": 0.01, "pair_volume_weight": 0.02, "passes_macro_gate": true, "train_loss": 0.0348082487460445, "train_base": 0.02527388404178269, "train_surface": 0.055057752132415774, "train_instance_volume": 0.015285835615359247, "train_pair_volume": 0.3039020712572999, "macro_dsc": 0.9788935780525208, "macro_iou": 0.958890438079834, "overlap_dsc": 0.8746088365931027, "overlap_iou": 0.77715994613008, "overlap_nsd_2px": 0.7817779810347559, "overlap_msd_px": 1.9466905455391617, "overlap_msd_fail_rate": 0.0, "class_dsc": [0.9780526161193848, 0.9902913570404053, 0.9909853339195251, 0.9756317138671875, 0.9692171812057495, 0.9768525958061218, 0.9808878898620605, 0.9643910527229309, 0.9496920108795166, 0.9895055294036865, 0.9862874746322632, 0.9798920154571533, 0.9845923781394958, 0.988231360912323]}
{"variant": "surface006_volume020", "epoch": 4, "seconds": 41.389703035354614, "surface_weight": 0.06, "instance_volume_weight": 0.01, "pair_volume_weight": 0.02, "passes_macro_gate": true, "train_loss": 0.034496007607701946, "train_base": 0.024976477436721326, "train_surface": 0.053981351081062764, "train_instance_volume": 0.014850295993280324, "train_pair_volume": 0.3066073151120423, "macro_dsc": 0.9789750576019287, "macro_iou": 0.9590450525283813, "overlap_dsc": 0.8744002414349161, "overlap_iou": 0.7768306054664053, "overlap_nsd_2px": 0.7824214135086119, "overlap_msd_px": 1.9134136912275472, "overlap_msd_fail_rate": 0.0, "class_dsc": [0.9780522584915161, 0.9902900457382202, 0.9909926056861877, 0.9757790565490723, 0.9693223237991333, 0.9772125482559204, 0.980907678604126, 0.964252769947052, 0.9499490857124329, 0.9895222783088684, 0.9863348603248596, 0.9801378846168518, 0.9846809506416321, 0.9882162809371948]}
{"variant": "surface006_volume020", "epoch": 5, "seconds": 40.589040994644165, "surface_weight": 0.06, "instance_volume_weight": 0.01, "pair_volume_weight": 0.02, "passes_macro_gate": true, "train_loss": 0.03459115204346531, "train_base": 0.024917664990267333, "train_surface": 0.05443009755190681, "train_instance_volume": 0.015222578334676868, "train_pair_volume": 0.3127727864960359, "macro_dsc": 0.9788212776184082, "macro_iou": 0.9587528109550476, "overlap_dsc": 0.8723681019367079, "overlap_iou": 0.7736285279154921, "overlap_nsd_2px": 0.7812166142578263, "overlap_msd_px": 1.9157394123235818, "overlap_msd_fail_rate": 0.0, "class_dsc": [0.9779161810874939, 0.990201473236084, 0.9909278750419617, 0.9758545160293579, 0.9683383107185364, 0.9769790768623352, 0.9809505343437195, 0.9638134837150574, 0.9500012993812561, 0.9894008636474609, 0.9862093329429626, 0.9801084995269775, 0.9844578504562378, 0.9883376359939575]}
{"variant": "surface006_volume020", "epoch": 6, "seconds": 40.811588525772095, "surface_weight": 0.06, "instance_volume_weight": 0.01, "pair_volume_weight": 0.02, "passes_macro_gate": true, "train_loss": 0.03475339172079283, "train_base": 0.02482751889702152, "train_surface": 0.05364351970307967, "train_instance_volume": 0.014716661771868958, "train_pair_volume": 0.32800475909374655, "macro_dsc": 0.97892826795578, "macro_iou": 0.9589564800262451, "overlap_dsc": 0.8733764730133333, "overlap_iou": 0.7752159919914304, "overlap_nsd_2px": 0.7824055671510237, "overlap_msd_px": 1.9137425434160136, "overlap_msd_fail_rate": 0.0, "class_dsc": [0.978015661239624, 0.9902311563491821, 0.990980863571167, 0.9758909940719604, 0.9687910676002502, 0.97721928358078, 0.9810276627540588, 0.9640963673591614, 0.9499780535697937, 0.9894756078720093, 0.9862610697746277, 0.9801285862922668, 0.9845814108848572, 0.9883167743682861]}
{"variant": "surface006_volume020", "epoch": 7, "seconds": 40.49154090881348, "surface_weight": 0.06, "instance_volume_weight": 0.01, "pair_volume_weight": 0.02, "passes_macro_gate": true, "train_loss": 0.034813891710603936, "train_base": 0.02511231681879829, "train_surface": 0.05488309698946336, "train_instance_volume": 0.014965273611631025, "train_pair_volume": 0.312946828498149, "macro_dsc": 0.9789625406265259, "macro_iou": 0.9590206742286682, "overlap_dsc": 0.874163643509964, "overlap_iou": 0.7764571995412531, "overlap_nsd_2px": 0.7821009493575825, "overlap_msd_px": 1.9157517802076316, "overlap_msd_fail_rate": 0.0, "class_dsc": [0.9780690670013428, 0.9902775883674622, 0.9909714460372925, 0.9757921695709229, 0.969238817691803, 0.9771319627761841, 0.9809446334838867, 0.9642046689987183, 0.9500258564949036, 0.9894875288009644, 0.9863237738609314, 0.980137288570404, 0.9845637083053589, 0.9883069396018982]}
{"variant": "surface006_volume020", "epoch": 8, "seconds": 41.69449210166931, "surface_weight": 0.06, "instance_volume_weight": 0.01, "pair_volume_weight": 0.02, "passes_macro_gate": true, "train_loss": 0.03472632396308815, "train_base": 0.02523710035445059, "train_surface": 0.055477554342326, "train_instance_volume": 0.015311375985141186, "train_pair_volume": 0.3003728381642962, "macro_dsc": 0.9789701700210571, "macro_iou": 0.9590355157852173, "overlap_dsc": 0.8744844985032231, "overlap_iou": 0.7769636204137675, "overlap_nsd_2px": 0.7828723257346105, "overlap_msd_px": 1.918387215339287, "overlap_msd_fail_rate": 0.0, "class_dsc": [0.978069007396698, 0.9902186989784241, 0.9909919500350952, 0.9757890701293945, 0.9692800641059875, 0.9771628975868225, 0.9809767007827759, 0.9644961357116699, 0.9498201608657837, 0.9895220994949341, 0.9863484501838684, 0.9800093770027161, 0.9846163392066956, 0.9882805347442627]}
{"variant": "surface006_volume020", "epoch": 9, "seconds": 41.805724143981934, "surface_weight": 0.06, "instance_volume_weight": 0.01, "pair_volume_weight": 0.02, "passes_macro_gate": true, "train_loss": 0.034337976154159094, "train_base": 0.024821425479124574, "train_surface": 0.05348247917259441, "train_instance_volume": 0.015035035714287968, "train_pair_volume": 0.30786259188946774, "macro_dsc": 0.978975772857666, "macro_iou": 0.9590460062026978, "overlap_dsc": 0.8746423021996281, "overlap_iou": 0.7772127955049724, "overlap_nsd_2px": 0.7833271286348138, "overlap_msd_px": 1.9056743681126576, "overlap_msd_fail_rate": 0.0, "class_dsc": [0.9780797362327576, 0.9903172254562378, 0.9910127520561218, 0.9758794903755188, 0.9692659378051758, 0.9770519733428955, 0.9810024499893188, 0.9644753336906433, 0.9499076008796692, 0.9895220398902893, 0.986346960067749, 0.9799435138702393, 0.9846121668815613, 0.9882428050041199]}
{"variant": "surface006_volume020", "epoch": 10, "seconds": 41.035428524017334, "surface_weight": 0.06, "instance_volume_weight": 0.01, "pair_volume_weight": 0.02, "passes_macro_gate": true, "train_loss": 0.03481173372882254, "train_base": 0.02505819030544337, "train_surface": 0.055340764557614046, "train_instance_volume": 0.01510973263586707, "train_pair_volume": 0.31410002346438193, "macro_dsc": 0.9789655208587646, "macro_iou": 0.9590256214141846, "overlap_dsc": 0.8730783623775052, "overlap_iou": 0.7747463853321116, "overlap_nsd_2px": 0.7823620012501544, "overlap_msd_px": 1.8815145055012739, "overlap_msd_fail_rate": 0.0, "class_dsc": [0.9779586791992188, 0.990247905254364, 0.9909497499465942, 0.9759441614151001, 0.9689391255378723, 0.9773135781288147, 0.9810400009155273, 0.9640718102455139, 0.9502487182617188, 0.9894789457321167, 0.9862885475158691, 0.9801783561706543, 0.9845147132873535, 0.98834228515625]}
{"variant": "surface006_volume020", "epoch": 11, "seconds": 40.33753752708435, "surface_weight": 0.06, "instance_volume_weight": 0.01, "pair_volume_weight": 0.02, "passes_macro_gate": true, "train_loss": 0.03554451744346058, "train_base": 0.025270618581596543, "train_surface": 0.0550168855751262, "train_instance_volume": 0.015620812627979938, "train_pair_volume": 0.34083388911998447, "macro_dsc": 0.9789569973945618, "macro_iou": 0.9590131640434265, "overlap_dsc": 0.8725754952628625, "overlap_iou": 0.773954792747905, "overlap_nsd_2px": 0.7830082548029657, "overlap_msd_px": 1.8517889528348928, "overlap_msd_fail_rate": 0.0, "class_dsc": [0.9779806733131409, 0.9901465177536011, 0.9909902215003967, 0.9761252999305725, 0.9683299660682678, 0.9775295853614807, 0.9812089204788208, 0.9639775156974792, 0.9500144124031067, 0.9895151257514954, 0.9863215088844299, 0.9802518486976624, 0.9846247434616089, 0.9883809089660645]}
{"variant": "surface006_volume020", "epoch": 12, "seconds": 40.039138078689575, "surface_weight": 0.06, "instance_volume_weight": 0.01, "pair_volume_weight": 0.02, "passes_macro_gate": true, "train_loss": 0.035104964590247936, "train_base": 0.025169226500917883, "train_surface": 0.05419755585053388, "train_instance_volume": 0.014982184127849692, "train_pair_volume": 0.3267031540524434, "macro_dsc": 0.9790364503860474, "macro_iou": 0.9591613411903381, "overlap_dsc": 0.8740146678386401, "overlap_iou": 0.7762221625149974, "overlap_nsd_2px": 0.7828047397125962, "overlap_msd_px": 1.871108903898112, "overlap_msd_fail_rate": 0.0, "class_dsc": [0.97802734375, 0.9902517795562744, 0.990978479385376, 0.9759758710861206, 0.9692935943603516, 0.9774744510650635, 0.9810178279876709, 0.9643347263336182, 0.9500995874404907, 0.9895684123039246, 0.9863292574882507, 0.9801825284957886, 0.9846394062042236, 0.9883359670639038]}
{"variant": "surface006_volume020", "epoch": 13, "seconds": 40.72840476036072, "surface_weight": 0.06, "instance_volume_weight": 0.01, "pair_volume_weight": 0.02, "passes_macro_gate": true, "train_loss": 0.03428802222890012, "train_base": 0.024787151364280897, "train_surface": 0.053359926272841064, "train_instance_volume": 0.01474616207565893, "train_pair_volume": 0.3075906924843131, "macro_dsc": 0.9790411591529846, "macro_iou": 0.9591705799102783, "overlap_dsc": 0.8743510509036848, "overlap_iou": 0.7767529589665837, "overlap_nsd_2px": 0.7828930741019002, "overlap_msd_px": 1.8792357150597852, "overlap_msd_fail_rate": 0.0, "class_dsc": [0.9780862331390381, 0.9902469515800476, 0.991002082824707, 0.9759319424629211, 0.969380259513855, 0.9773900508880615, 0.9809955954551697, 0.9644375443458557, 0.9500170350074768, 0.9895669221878052, 0.9863839149475098, 0.9801714420318604, 0.9846590161323547, 0.9883069396018982]}
{"variant": "surface006_volume020", "epoch": 14, "seconds": 40.79317092895508, "surface_weight": 0.06, "instance_volume_weight": 0.01, "pair_volume_weight": 0.02, "passes_macro_gate": true, "train_loss": 0.03423457772416227, "train_base": 0.024705864462782355, "train_surface": 0.05247490171123954, "train_instance_volume": 0.0144132616469527, "train_pair_volume": 0.3118043333094786, "macro_dsc": 0.979052722454071, "macro_iou": 0.9591923356056213, "overlap_dsc": 0.874138303629476, "overlap_iou": 0.7764172171009653, "overlap_nsd_2px": 0.7827946050118288, "overlap_msd_px": 1.880150838933336, "overlap_msd_fail_rate": 0.0, "class_dsc": [0.9780519008636475, 0.990243673324585, 0.9910010099411011, 0.9759238362312317, 0.9693999290466309, 0.9774553775787354, 0.9810560941696167, 0.9643451571464539, 0.9501062631607056, 0.9895547032356262, 0.9863811135292053, 0.9802265763282776, 0.9846656918525696, 0.9883254766464233]}
{"variant": "surface006_volume020", "epoch": 15, "seconds": 40.36666941642761, "surface_weight": 0.06, "instance_volume_weight": 0.01, "pair_volume_weight": 0.02, "passes_macro_gate": true, "train_loss": 0.034832686549600436, "train_base": 0.02522378776660737, "train_surface": 0.05535106027827543, "train_instance_volume": 0.015423705576754668, "train_pair_volume": 0.30667991427156854, "macro_dsc": 0.9790551662445068, "macro_iou": 0.959196925163269, "overlap_dsc": 0.8735956491819856, "overlap_iou": 0.7755614144825329, "overlap_nsd_2px": 0.7827434267275315, "overlap_msd_px": 1.8743589690918065, "overlap_msd_fail_rate": 0.0, "class_dsc": [0.9780279397964478, 0.9902063608169556, 0.9910029172897339, 0.9759381413459778, 0.9693456888198853, 0.9775590896606445, 0.9811035394668579, 0.964196503162384, 0.9502193331718445, 0.9895561337471008, 0.9863634705543518, 0.9802680015563965, 0.9846393465995789, 0.9883456826210022]}
{
  "experiment": "R330_RAM_PAIR_SURFACE_VOLUME_PRIOR",
  "split": "validation",
  "test_used": false,
  "threshold": 0.5,
  "threshold_search": false,
  "configs": {
    "surface003_volume010": {
      "surface_weight": 0.03,
      "instance_volume_weight": 0.005,
      "pair_volume_weight": 0.01
    },
    "surface006_volume020": {
      "surface_weight": 0.06,
      "instance_volume_weight": 0.01,
      "pair_volume_weight": 0.02
    }
  },
  "best_rows": {
    "surface003_volume010": {
      "variant": "surface003_volume010",
      "epoch": 16,
      "seconds": 43.44711136817932,
      "surface_weight": 0.03,
      "instance_volume_weight": 0.005,
      "pair_volume_weight": 0.01,
      "passes_macro_gate": true,
      "train_loss": 0.029406620272818734,
      "train_base": 0.024520771689713002,
      "train_surface": 0.05619487310157103,
      "train_instance_volume": 0.014923709892832182,
      "train_pair_volume": 0.31253839483210705,
      "macro_dsc": 0.9790986180305481,
      "macro_iou": 0.9592798948287964,
      "overlap_dsc": 0.8748666535055866,
      "overlap_iou": 0.7775671718793639,
      "overlap_nsd_2px": 0.7841177891106103,
      "overlap_msd_px": 1.8702845204736132,
      "overlap_msd_fail_rate": 0.0,
      "class_dsc": [
        0.9781665802001953,
        0.9903652667999268,
        0.9910026788711548,
        0.9760053157806396,
        0.9694917798042297,
        0.9774044156074524,
        0.981105387210846,
        0.964411199092865,
        0.9501921534538269,
        0.9895733594894409,
        0.9864305853843689,
        0.9801685810089111,
        0.984718918800354,
        0.9883435368537903
      ]
    },
    "surface006_volume020": {
      "variant": "surface006_volume020",
      "epoch": 9,
      "seconds": 41.805724143981934,
      "surface_weight": 0.06,
      "instance_volume_weight": 0.01,
      "pair_volume_weight": 0.02,
      "passes_macro_gate": true,
      "train_loss": 0.034337976154159094,
      "train_base": 0.024821425479124574,
      "train_surface": 0.05348247917259441,
      "train_instance_volume": 0.015035035714287968,
      "train_pair_volume": 0.30786259188946774,
      "macro_dsc": 0.978975772857666,
      "macro_iou": 0.9590460062026978,
      "overlap_dsc": 0.8746423021996281,
      "overlap_iou": 0.7772127955049724,
      "overlap_nsd_2px": 0.7833271286348138,
      "overlap_msd_px": 1.9056743681126576,
      "overlap_msd_fail_rate": 0.0,
      "class_dsc": [
        0.9780797362327576,
        0.9903172254562378,
        0.9910127520561218,
        0.9758794903755188,
        0.9692659378051758,
        0.9770519733428955,
        0.9810024499893188,
        0.9644753336906433,
        0.9499076008796692,
        0.9895220398902893,
        0.986346960067749,
        0.9799435138702393,
        0.9846121668815613,
        0.9882428050041199
      ]
    }
  },
  "official_metrics": {
    "baseline": {
      "overall_instance_metrics": {
        "n": 966,
        "dsc": 0.9788577444266571,
        "nsd_2px": 0.8872615864685836,
        "voe": 0.040899481692983526,
        "msd_px": 1.1692853896336834,
        "msd_fail_rate": 0.0,
        "ravd": 0.02026307045041241
      },
      "overlap_region_metrics": {
        "n": 69,
        "dsc": 0.8737309196313807,
        "nsd_2px": 0.7803977023041856,
        "voe": 0.22265545149197036,
        "msd_px": 1.9463779703847481,
        "msd_fail_rate": 0.0,
        "ravd": 0.05105809505782287
      },
      "overlap_pair_intersection_metrics": {
        "n": 1004,
        "dsc": 0.8336301534661839,
        "nsd_2px": 0.7828341446395287,
        "voe": 0.2611753464853781,
        "msd_px": 1.7424218935936666,
        "msd_fail_rate": 0.00199203187250996,
        "ravd": 0.6661879887701326
      },
      "overlap_pair_count": 1004
    },
    "r329": {
      "overall_instance_metrics": {
        "n": 966,
        "dsc": 0.9789472594215087,
        "nsd_2px": 0.887174792439635,
        "voe": 0.04073192681157517,
        "msd_px": 1.1350314737182645,
        "msd_fail_rate": 0.0,
        "ravd": 0.020588036508616764
      },
      "overlap_region_metrics": {
        "n": 69,
        "dsc": 0.8762440115302094,
        "nsd_2px": 0.7808080992023201,
        "voe": 0.21885106132215532,
        "msd_px": 1.9113075283940322,
        "msd_fail_rate": 0.0,
        "ravd": 0.053971343424229434
      },
      "overlap_pair_intersection_metrics": {
        "n": 1004,
        "dsc": 0.8367886557251895,
        "nsd_2px": 0.7827904176756914,
        "voe": 0.25697294040425667,
        "msd_px": 1.6960621193723004,
        "msd_fail_rate": 0.00199203187250996,
        "ravd": 0.7122327920640436
      },
      "overlap_pair_count": 1004
    },
    "surface003_volume010": {
      "overall_instance_metrics": {
        "n": 966,
        "dsc": 0.9791499295406538,
        "nsd_2px": 0.8900115527760238,
        "voe": 0.0403491213371646,
        "msd_px": 1.1105717688502228,
        "msd_fail_rate": 0.0,
        "ravd": 0.020162655656422918
      },
      "overlap_region_metrics": {
        "n": 69,
        "dsc": 0.8757848139936477,
        "nsd_2px": 0.7841177891106103,
        "voe": 0.219567480614627,
        "msd_px": 1.8599833421353156,
        "msd_fail_rate": 0.0,
        "ravd": 0.051601614354895735
      },
      "overlap_pair_intersection_metrics": {
        "n": 1004,
        "dsc": 0.8349901647086472,
        "nsd_2px": 0.7849639821901463,
        "voe": 0.25821692928966933,
        "msd_px": 1.6789606829326078,
        "msd_fail_rate": 0.00199203187250996,
        "ravd": 0.6544024480524958
      },
      "overlap_pair_count": 1004
    },
    "surface006_volume020": {
      "overall_instance_metrics": {
        "n": 966,
        "dsc": 0.979046419547252,
        "nsd_2px": 0.889210869199808,
        "voe": 0.04054275146887264,
        "msd_px": 1.1224160495088746,
        "msd_fail_rate": 0.0,
        "ravd": 0.020253651158540498
      },
      "overlap_region_metrics": {
        "n": 69,
        "dsc": 0.8756877437223582,
        "nsd_2px": 0.7833271286348138,
        "voe": 0.21968184747797284,
        "msd_px": 1.8918354004148188,
        "msd_fail_rate": 0.0,
        "ravd": 0.050210427338275035
      },
      "overlap_pair_intersection_metrics": {
        "n": 1004,
        "dsc": 0.8354768768674034,
        "nsd_2px": 0.7851728683149175,
        "voe": 0.25828755373515605,
        "msd_px": 1.6949691887435727,
        "msd_fail_rate": 0.00199203187250996,
        "ravd": 0.67828849859363
      },
      "overlap_pair_count": 1004
    }
  }
}
